<html>
<body>
<pre>
<h1>µVision Build Log</h1>
<h2>Tool Versions:</h2>
IDE-Version: •ÏVision V5.14.0.0
Copyright (C) 2015 ARM Ltd and ARM Germany GmbH. All rights reserved.
License Information: ∞≠ ¥Ÿ«ı, ., LIC=----
 
Tool Versions:
Toolchain:       MDK-Lite  Version: 5.14.0.0
Toolchain Path:  C:\Keil_v5\ARM\ARMCC\Bin
C Compiler:      Armcc.exe V5.05 update 1 (build 106)
Assembler:       Armasm.exe V5.05 update 1 (build 106)
Linker/Locator:  ArmLink.exe V5.05 update 1 (build 106)
Library Manager: ArmAr.exe V5.05 update 1 (build 106)
Hex Converter:   FromElf.exe V5.05 update 1 (build 106)
CPU DLL:         SARMCM3.DLL V5.14.0.0
Dialog DLL:      DCM.DLL V1.13.1.0
Target DLL:      STLink\ST-LINKIII-KEIL_SWO.dll V2.0.14.0_KEIL
Dialog DLL:      TCM.DLL V1.14.4.0
 
<h2>Project:</h2>
D:\git\narsha_database\study\arm\STM32F407Z_open-407Z\Open407Z-C\GPIO_Key_LED\Project\Project.uvprojx
Project File Date:  02/17/2020

<h2>Output:</h2>
Build target 'Open207V'
compiling main.c...
..\User\main.c(115): warning:  #111-D: statement is unreachable
     JOYState_LED_GPIO_Init();
..\User\main.c(136): warning:  #1-D: last line of file ends without a newline
  /******************* (C) COPYRIGHT 2011 STMicroelectronics *****END OF FILE****/
..\User\main.c: 2 warnings, 0 errors
linking...
Program Size: Code=3220 RO-data=424 RW-data=56 ZI-data=1024  
FromELF: creating hex file...
".\Output\Project.axf" - 0 Error(s), 2 Warning(s).

<h2>Collection of Component include folders:</h2>
  D:\git\narsha_database\study\arm\STM32F407Z_open-407Z\Open407Z-C\GPIO_Key_LED\Project\RTE
  C:\Keil_v5\ARM\PACK\Keil\STM32F4xx_DFP\2.15.0

<h2>Collection of Component Files used:</h2>
</pre>
</body>
</html>
