<html>
<body>
<pre>
<h1>µVision Build Log</h1>
<h2>Tool Versions:</h2>
IDE-Version: •ÏVision V5.14.0.0
Copyright (C) 2015 ARM Ltd and ARM Germany GmbH. All rights reserved.
License Information: heartha ha, newstarit, LIC=X4HGK-ZBR0M-4IU51-CW9RR-RR772-1LXLN
 
Tool Versions:
Toolchain:       MDK-ARM Basic (256K)  Version: 5.14.0.0
Toolchain Path:  C:\Keil_v5\ARM\ARMCC\Bin
C Compiler:      Armcc.exe V5.05 update 1 (build 106)
Assembler:       Armasm.exe V5.05 update 1 (build 106)
Linker/Locator:  ArmLink.exe V5.05 update 1 (build 106)
Library Manager: ArmAr.exe V5.05 update 1 (build 106)
Hex Converter:   FromElf.exe V5.05 update 1 (build 106)
CPU DLL:         SARMCM3.DLL V5.14.0.0
Dialog DLL:      DCM.DLL V1.13.1.0
Target DLL:      STLink\ST-LINKIII-KEIL_SWO.dll V2.0.14.0_KEIL
Dialog DLL:      TCM.DLL V1.14.4.0
 
<h2>Project:</h2>
D:\data\edu\ARM_IOT\STM32F072_Discovery\en.stm32cubef0_v1-11-2\STM32Cube_FW_F0_V1.11.0\Projects\STM32F072B-Discovery\Examples\GPIO\GPIO_IOToggle\MDK-ARM\Project.uvprojx
Project File Date:  02/19/2021

<h2>Output:</h2>
Build target 'STM32F072B-Discovery'
assembling startup_stm32f072xb.s...
compiling system_stm32f0xx.c...
compiling stm32f0xx_hal.c...
compiling stm32f0xx_hal_rcc.c...
compiling stm32f0xx_hal_rcc_ex.c...
compiling stm32f0xx_hal_cortex.c...
compiling stm32f0xx_hal_gpio.c...
compiling stm32f0xx_it.c...
compiling main.c...
compiling stm32f072b_discovery.c...
linking...
Program Size: Code=2876 RO-data=240 RW-data=16 ZI-data=1048  
"STM32F072B-Discovery\STM32F072B-Discovery.axf" - 0 Error(s), 0 Warning(s).

<h2>Software Packages used:</h2>

Package Vendor: ARM
                http://www.keil.com/pack/ARM.CMSIS.4.5.0.pack
                ARM::CMSIS:CORE:4.3.0
                CMSIS (Cortex Microcontroller Software Interface Standard)
   * Component: CORE Version: 4.3.0

<h2>Collection of Component include folders:</h2>
  D:\data\edu\ARM_IOT\STM32F072_Discovery\en.stm32cubef0_v1-11-2\STM32Cube_FW_F0_V1.11.0\Projects\STM32F072B-Discovery\Examples\GPIO\GPIO_IOToggle\MDK-ARM\RTE
  C:\Keil_v5\ARM\PACK\ARM\CMSIS\4.5.0\CMSIS\Include
  C:\Keil_v5\ARM\PACK\Keil\STM32F0xx_DFP\2.1.0

<h2>Collection of Component Files used:</h2>

   * Component: ARM::CMSIS:CORE:4.3.0
</pre>
</body>
</html>
