<html>
<body>
<pre>
<h1>µVision Build Log</h1>
<h2>Tool Versions:</h2>
IDE-Version: •ÏVision V5.14.0.0
Copyright (C) 2015 ARM Ltd and ARM Germany GmbH. All rights reserved.
License Information: heart ha, a, LIC=----
 
Tool Versions:
Toolchain:       MDK-Lite  Version: 5.14.0.0
Toolchain Path:  F:\Keil_v5\ARM\ARMCC\Bin
C Compiler:      Armcc.exe V5.05 update 1 (build 106)
Assembler:       Armasm.exe V5.05 update 1 (build 106)
Linker/Locator:  ArmLink.exe V5.05 update 1 (build 106)
Library Manager: ArmAr.exe V5.05 update 1 (build 106)
Hex Converter:   FromElf.exe V5.05 update 1 (build 106)
CPU DLL:         SARMCM3.DLL V5.14.0.0
Dialog DLL:      DARMSTM.DLL V1.65.0.0
Target DLL:      UL2CM3.DLL V1.155.0.0
Dialog DLL:      TARMSTM.DLL V1.64.0.0
 
<h2>Project:</h2>
G:\data\STM32F10x_StdPeriph_Lib_V3.5.0\Project\STM32F10x_StdPeriph_NewstarIT\Keil\GPIO\IOToggle_1\IOToggle_1.uvproj
Project File Date:  05/01/2015

<h2>Output:</h2>
Build target 'IOToggle_1'
compiling core_cm3.c...
compiling stm32_eval.c...
linking...
.\Out\IOToggle_1.axf: Warning: L6304W: Duplicate input file .\out\core_cm3_1.o ignored.
Program Size: Code=900 RO-data=268 RW-data=4 ZI-data=1028  
Finished: 0 information, 1 warning and 0 error messages.
FromELF: creating hex file...
".\Out\IOToggle_1.axf" - 0 Error(s), 1 Warning(s).
</pre>
</body>
</html>
