<html>
<body>
<pre>
<h1>µVision Build Log</h1>
<h2>Tool Versions:</h2>
IDE-Version: •ÏVision V5.14.0.0
Copyright (C) 2015 ARM Ltd and ARM Germany GmbH. All rights reserved.
License Information: ∞≠ ¥Ÿ«ı, ., LIC=----
 
Tool Versions:
Toolchain:       MDK-Lite  Version: 5.14.0.0
Toolchain Path:  C:\Keil_v5\ARM\ARMCC\Bin
C Compiler:      Armcc.exe V5.05 update 1 (build 106)
Assembler:       Armasm.exe V5.05 update 1 (build 106)
Linker/Locator:  ArmLink.exe V5.05 update 1 (build 106)
Library Manager: ArmAr.exe V5.05 update 1 (build 106)
Hex Converter:   FromElf.exe V5.05 update 1 (build 106)
CPU DLL:         SARMCM3.DLL V5.14.0.0
Dialog DLL:      DCM.DLL V1.13.1.0
Target DLL:      STLink\ST-LINKIII-KEIL_SWO.dll V2.0.14.0_KEIL
Dialog DLL:      TCM.DLL V1.14.4.0
 
<h2>Project:</h2>
D:\git\narsha_database\study\arm\lecture\GPIO_Key_LED\Project\Project.uvprojx
Project File Date:  03/31/2021

<h2>Output:</h2>
Build target 'Open207V'
compiling main.c...
..\User\main.c(31): warning:  #111-D: statement is unreachable
        JOYState_LED_GPIO_Init();
..\User\main.c: 1 warning, 0 errors
compiling stm32f4xx_it.c...
compiling KEY&LED.c...
assembling startup_stm32f4xx.s...
compiling misc.c...
compiling stm32f4xx_gpio.c...
compiling stm32f4xx_rcc.c...
compiling stm32f4xx_usart.c...
compiling system_stm32f4xx.c...
linking...
Program Size: Code=748 RO-data=424 RW-data=20 ZI-data=1636  
FromELF: creating hex file...
".\Output\Project.axf" - 0 Error(s), 1 Warning(s).

<h2>Collection of Component include folders:</h2>
  D:\git\narsha_database\study\arm\lecture\GPIO_Key_LED\Project\RTE
  C:\Keil_v5\ARM\PACK\Keil\STM32F4xx_DFP\2.15.0

<h2>Collection of Component Files used:</h2>
</pre>
</body>
</html>
