<html>
<body>
<pre>
<h1>µVision Build Log</h1>
<h2>Tool Versions:</h2>
IDE-Version: •ÏVision V5.14.0.0
Copyright (C) 2015 ARM Ltd and ARM Germany GmbH. All rights reserved.
License Information: heart ha, a, LIC=----
 
Tool Versions:
Toolchain:       MDK-Lite  Version: 5.14.0.0
Toolchain Path:  F:\Keil_v5\ARM\ARMCC\Bin
C Compiler:      Armcc.exe V5.05 update 1 (build 106)
Assembler:       Armasm.exe V5.05 update 1 (build 106)
Linker/Locator:  ArmLink.exe V5.05 update 1 (build 106)
Library Manager: ArmAr.exe V5.05 update 1 (build 106)
Hex Converter:   FromElf.exe V5.05 update 1 (build 106)
CPU DLL:         SARMCM3.DLL V5.14.0.0
Dialog DLL:      DCM.DLL V1.13.1.0
Target DLL:      Segger\JL2CM3.dll V2.99.13.0
Dialog DLL:      TCM.DLL V1.14.4.0
 
<h2>Project:</h2>
G:\data\STM\STM32F407Z_open-407Z\Open407Z-C\USB HS Examples\Project\USB_Device_Examples\HID\MDK-ARM\usbd_hid.uvproj
Project File Date:  06/30/2014

<h2>Output:</h2>
Rebuild target 'Open407Z'
compiling app.c...
compiling stm32fxxx_it.c...
compiling usb_bsp.c...
compiling usbd_usr.c...
compiling usbd_desc.c...
compiling misc.c...
compiling usb_dcd_int.c...
compiling usb_core.c...
compiling usb_dcd.c...
compiling usbd_req.c...
compiling usbd_core.c...
compiling usbd_ioreq.c...
compiling usbd_hid_core.c...
compiling lcd_log.c...
assembling startup_stm32f4xx.s...
compiling system_stm32f4xx.c...
compiling stm324xg_eval_lcd.c...
compiling stm324xg_eval.c...
compiling stm324xg_eval_Key.c...
compiling stm32f4xx_spi.c...
compiling stm32f4xx_syscfg.c...
compiling stm32f4xx_usart.c...
compiling stm32f4xx_dma.c...
compiling stm32f4xx_exti.c...
compiling stm32f4xx_flash.c...
compiling stm32f4xx_fsmc.c...
compiling stm32f4xx_gpio.c...
compiling stm32f4xx_i2c.c...
compiling stm32f4xx_pwr.c...
compiling stm32f4xx_rcc.c...
compiling stm32f4xx_sdio.c...
linking...
Program Size: Code=12764 RO-data=9684 RW-data=476 ZI-data=3084  
FromELF: creating hex file...
".\STM324xG-EVAL\STM324xG-EVAL_HS.axf" - 0 Error(s), 0 Warning(s).
</pre>
</body>
</html>
