<html>
<body>
<pre>
<h1>킮ision Build Log</h1>
<h2>Tool Versions:</h2>
IDE-Version: μVision V5.14.0.0
Copyright (C) 2015 ARM Ltd and ARM Germany GmbH. All rights reserved.
License Information: heartha ha, newstarit, LIC=X4HGK-ZBR0M-4IU51-CW9RR-RR772-1LXLN
 
Tool Versions:
Toolchain:       MDK-ARM Basic (256K)  Version: 5.14.0.0
Toolchain Path:  C:\Keil_v5\ARM\ARMCC\Bin
C Compiler:      Armcc.exe V5.05 update 1 (build 106)
Assembler:       Armasm.exe V5.05 update 1 (build 106)
Linker/Locator:  ArmLink.exe V5.05 update 1 (build 106)
Library Manager: ArmAr.exe V5.05 update 1 (build 106)
Hex Converter:   FromElf.exe V5.05 update 1 (build 106)
CPU DLL:         SARMCM3.DLL V5.14.0.0
Dialog DLL:      DCM.DLL V1.13.1.0
Target DLL:      STLink\ST-LINKIII-KEIL_SWO.dll V2.0.14.0_KEIL
Dialog DLL:      TCM.DLL V1.14.4.0
 
<h2>Project:</h2>
D:\data\project\2_진행프로젝트\7_NFC_리더기_펌웨어개발\work\STM32F072_Cube_USB\Projects\STM32F072B-Discovery\Examples\SPI\SPI_USB_NFC\MDK-ARM\Project.uvprojx
Project File Date:  05/09/2021

<h2>Output:</h2>
Build target 'STM32F072B-Discovery'
compiling main.c...
..\Src\main.c(90): warning:  #1295-D: Deprecated declaration usb_send_enter - give arg types
  void usb_send_enter();
..\Src\main.c(224): warning:  #167-D: argument of type "unsigned char *" is incompatible with parameter of type "const char *"
        for(int i=0;i<strlen(buf);i++)
..\Src\main.c(243): warning:  #186-D: pointless comparison of unsigned integer with zero
        if(value_high >= 0x00 && value_high <= 0x09)
..\Src\main.c(255): warning:  #186-D: pointless comparison of unsigned integer with zero
        if(value_low >= 0x00 && value_low <= 0x09)
..\Src\main.c(235): warning:  #177-D: variable "num_char" was declared but never referenced
        int num_char = 2;
..\Src\main.c(279): warning:  #177-D: variable "num_char" was declared but never referenced
        int num_char = 2;
..\Src\main.c(447): warning:  #223-D: function "PN532_Init" declared implicitly
    PN532_Init(&pn532);
..\Src\main.c(595): warning:  #111-D: statement is unreachable
    switch(HAL_SPI_TransmitReceive(&SpiHandle, (uint8_t*)aTxBuffer, (uint8_t *)aRxBuffer, BUFFERSIZE, 5000))
..\Src\main.c(311): warning:  #177-D: variable "key_a" was declared but never referenced
    uint8_t key_a[] = {0xFF, 0xFF, 0xFF, 0xFF, 0xFF, 0xFF};
..\Src\main.c(346): warning:  #177-D: variable "HIDbuffer" was declared but never referenced
  uint8_t HIDbuffer[64+2] = {0}; 
..\Src\main.c: 10 warnings, 0 errors
linking...
Program Size: Code=16868 RO-data=288 RW-data=284 ZI-data=3492  
FromELF: creating hex file...
"STM32F072B-Discovery\STM32F072B-Discovery.axf" - 0 Error(s), 10 Warning(s).

<h2>Software Packages used:</h2>

Package Vendor: ARM
                http://www.keil.com/pack/ARM.CMSIS.5.7.0.pack
                ARM::CMSIS:CORE:5.4.0
                CMSIS (Cortex Microcontroller Software Interface Standard)
   * Component: CORE Version: 5.4.0

<h2>Collection of Component include folders:</h2>
  D:\data\project\2_진행프로젝트\7_NFC_리더기_펌웨어개발\work\STM32F072_Cube_USB\Projects\STM32F072B-Discovery\Examples\SPI\SPI_USB_NFC\MDK-ARM\RTE
  C:\Keil_v5\ARM\PACK\ARM\CMSIS\5.7.0\CMSIS\Core\Include
  C:\Keil_v5\ARM\PACK\Keil\STM32F0xx_DFP\2.1.0

<h2>Collection of Component Files used:</h2>

   * Component: ARM::CMSIS:CORE:5.4.0
      Source file:   CMSIS\Core\Template\ARMv8-M\main_s.c
      Include file:  CMSIS\Core\Include\tz_context.h
      Source file:   CMSIS\Core\Template\ARMv8-M\tz_context.c
</pre>
</body>
</html>
