<html>
<body>
<pre>
<h1>µVision Build Log</h1>
<h2>Tool Versions:</h2>
IDE-Version: •ÏVision V5.14.0.0
Copyright (C) 2015 ARM Ltd and ARM Germany GmbH. All rights reserved.
License Information: heart ha, a, LIC=P6FRA-166F4-C0DN2-9G7I9-RC7L0-VNJNQ
 
Tool Versions:
Toolchain:       MDK-ARM Professional  Version: 5.14.0.0
Toolchain Path:  F:\Keil_v5\ARM\ARMCC\Bin
C Compiler:      Armcc.exe V5.05 update 1 (build 106)
Assembler:       Armasm.exe V5.05 update 1 (build 106)
Linker/Locator:  ArmLink.exe V5.05 update 1 (build 106)
Library Manager: ArmAr.exe V5.05 update 1 (build 106)
Hex Converter:   FromElf.exe V5.05 update 1 (build 106)
CPU DLL:         SARMCM3.DLL V5.14.0.0
Dialog DLL:      DARMSTM.DLL V1.65.0.0
Target DLL:      Segger\JL2CM3.dll V2.99.13.0
Dialog DLL:      TARMSTM.DLL V1.64.0.0
 
<h2>Project:</h2>
G:\edu\ARM_init\lecture\SPI\FW_Projects\STM32F103\Project\Base\Keil\project.uvprojx
Project File Date:  08/22/2016

<h2>Output:</h2>
Build target 'Target 1'
compiling main.c...
..\src\main.c(33): warning:  #128-D: loop is not reachable
        while(SPI_Flash_ReadID()!=FLASH_ID)//while(SPISoft_Flash_ReadID()!=FLASH_ID)//
..\src\main.c: 1 warning, 0 errors
linking...
Program Size: Code=2444 RO-data=268 RW-data=28 ZI-data=1028  
FromELF: creating hex file...
".\Objects\project.axf" - 0 Error(s), 1 Warning(s).

<h2>Collection of Component include folders:</h2>
  G:\edu\ARM_init\lecture\SPI\FW_Projects\STM32F103\Project\Base\Keil\RTE
  F:\Keil_v5\ARM\PACK\Keil\STM32F1xx_DFP\1.1.0\Device\Include

<h2>Collection of Component Files used:</h2>
</pre>
</body>
</html>
