<html>
<body>
<pre>
<h1>µVision Build Log</h1>
<h2>Tool Versions:</h2>
IDE-Version: •ÏVision V5.14.0.0
Copyright (C) 2015 ARM Ltd and ARM Germany GmbH. All rights reserved.
License Information: ∞≠ ¥Ÿ«ı, ., LIC=----
 
Tool Versions:
Toolchain:       MDK-Lite  Version: 5.14.0.0
Toolchain Path:  C:\Keil_v5\ARM\ARMCC\Bin
C Compiler:      Armcc.exe V5.05 update 1 (build 106)
Assembler:       Armasm.exe V5.05 update 1 (build 106)
Linker/Locator:  ArmLink.exe V5.05 update 1 (build 106)
Library Manager: ArmAr.exe V5.05 update 1 (build 106)
Hex Converter:   FromElf.exe V5.05 update 1 (build 106)
CPU DLL:         SARMCM3.DLL V5.14.0.0
Dialog DLL:      DARMSTM.DLL V1.65.0.0
Target DLL:      Segger\JL2CM3.dll V2.99.13.0
Dialog DLL:      TARMSTM.DLL V1.64.0.0
 
<h2>Project:</h2>
D:\git\narsha_database\study\arm\STM32F10x_StdPeriph_Lib_V3.5.0\Project\STM32F10x_StdPeriph_NewstarIT\Keil\GPIO\IOToggle\IOToggle.uvproj
Project File Date:  04/08/2021

<h2>Output:</h2>
Build target 'IOToggle_Board'
compiling main.c...
..\..\..\..\STM32F10x_StdPeriph_Examples\GPIO\IOToggle\main.c(116): warning:  #128-D: loop is not reachable
  while(1);
..\..\..\..\STM32F10x_StdPeriph_Examples\GPIO\IOToggle\main.c(122): warning:  #111-D: statement is unreachable
    RCC_APB2PeriphClockCmd(RCC_APB2Periph_GPIOA, ENABLE);
..\..\..\..\STM32F10x_StdPeriph_Examples\GPIO\IOToggle\main.c: 2 warnings, 0 errors
linking...
Program Size: Code=1028 RO-data=268 RW-data=12 ZI-data=1028  
FromELF: creating hex file...
".\Out\IOToggle.axf" - 0 Error(s), 2 Warning(s).
</pre>
</body>
</html>
