<html>
<body>
<pre>
<h1>µVision Build Log</h1>
<h2>Project:</h2>
G:\data\STM32F10x_StdPeriph_Lib_V3.5.0\Project\STM32F10x_StdPeriph_NewstarIT\Keil\GPIO\IOToggle\IOToggle.uvproj
Project File Date:  10/14/2014

<h2>Output:</h2>
Build target 'IOToggle'
compiling main.c...
compiling stm32f10x_spi.c...
linking...
Program Size: Code=816 RO-data=268 RW-data=4 ZI-data=1028  
FromELF: creating hex file...
".\Out\IOToggle.axf" - 0 Error(s), 0 Warning(s).
Build target 'IOToggle'
compiling main.c...
linking...
Program Size: Code=816 RO-data=268 RW-data=4 ZI-data=1028  
FromELF: creating hex file...
".\Out\IOToggle.axf" - 0 Error(s), 0 Warning(s).
Build target 'IOToggle'
compiling main.c...
..\..\..\..\STM32F10x_StdPeriph_Examples\GPIO\IOToggle\main.c(76): warning:  #223-D: function "delay" declared implicitly
linking...
.\Out\IOToggle.axf: Error: L6218E: Undefined symbol delay (referred from main.o).
Target not created
Build target 'IOToggle'
compiling main.c...
linking...
Program Size: Code=872 RO-data=268 RW-data=4 ZI-data=1028  
FromELF: creating hex file...
".\Out\IOToggle.axf" - 0 Error(s), 0 Warning(s).
Build target 'IOToggle_Board'
compiling main.c...
compiling stm32f10x_it.c...
compiling system_stm32f10x.c...
compiling misc.c...
compiling stm32f10x_adc.c...
compiling stm32f10x_bkp.c...
compiling stm32f10x_can.c...
compiling stm32f10x_cec.c...
compiling stm32f10x_crc.c...
compiling stm32f10x_dac.c...
compiling stm32f10x_dbgmcu.c...
compiling stm32f10x_dma.c...
compiling stm32f10x_exti.c...
compiling stm32f10x_flash.c...
compiling stm32f10x_fsmc.c...
compiling stm32f10x_gpio.c...
compiling stm32f10x_i2c.c...
compiling stm32f10x_iwdg.c...
compiling stm32f10x_pwr.c...
compiling stm32f10x_rcc.c...
compiling stm32f10x_rtc.c...
compiling stm32f10x_sdio.c...
compiling stm32f10x_spi.c...
compiling stm32f10x_tim.c...
compiling stm32f10x_usart.c...
compiling stm32f10x_wwdg.c...
compiling core_cm3.c...
linking...
Program Size: Code=880 RO-data=268 RW-data=4 ZI-data=1028  
FromELF: creating hex file...
".\Out\IOToggle.axf" - 0 Error(s), 0 Warning(s).
Build target 'IOToggle_Board'
compiling main.c...
linking...
Program Size: Code=876 RO-data=268 RW-data=4 ZI-data=1028  
FromELF: creating hex file...
".\Out\IOToggle.axf" - 0 Error(s), 0 Warning(s).
Build target 'IOToggle_Board'
compiling main.c...
linking...
Program Size: Code=920 RO-data=268 RW-data=4 ZI-data=1028  
FromELF: creating hex file...
".\Out\IOToggle.axf" - 0 Error(s), 0 Warning(s).
Build target 'IOToggle_Board'
compiling main.c...
linking...
Program Size: Code=920 RO-data=268 RW-data=4 ZI-data=1028  
FromELF: creating hex file...
".\Out\IOToggle.axf" - 0 Error(s), 0 Warning(s).
Build target 'IOToggle_Board'
compiling main.c...
linking...
Program Size: Code=920 RO-data=268 RW-data=4 ZI-data=1028  
FromELF: creating hex file...
".\Out\IOToggle.axf" - 0 Error(s), 0 Warning(s).
