<html>
<body>
<pre>
<h1>µVision Build Log</h1>
<h2>Tool Versions:</h2>
IDE-Version: •ÏVision V5.14.0.0
Copyright (C) 2015 ARM Ltd and ARM Germany GmbH. All rights reserved.
License Information: ∞≠ ¥Ÿ«ı, ., LIC=----
 
Tool Versions:
Toolchain:       MDK-Lite  Version: 5.14.0.0
Toolchain Path:  C:\Keil_v5\ARM\ARMCC\Bin
C Compiler:      Armcc.exe V5.05 update 1 (build 106)
Assembler:       Armasm.exe V5.05 update 1 (build 106)
Linker/Locator:  ArmLink.exe V5.05 update 1 (build 106)
Library Manager: ArmAr.exe V5.05 update 1 (build 106)
Hex Converter:   FromElf.exe V5.05 update 1 (build 106)
CPU DLL:         SARMCM3.DLL V5.14.0.0
Dialog DLL:      DARMSTM.DLL V1.65.0.0
Target DLL:      Segger\JL2CM3.dll V2.99.13.0
Dialog DLL:      TARMSTM.DLL V1.64.0.0
 
<h2>Project:</h2>
D:\git\narsha_database\study\arm\lecture\GPIO\GPIO\GPIO.uvproj
Project File Date:  03/31/2021

<h2>Output:</h2>
Build target 'GPIO'
compiling GPIO_OUT.c...
source\GPIO_OUT.c(84): warning:  #1295-D: Deprecated declaration exit_callback_func - give arg types
  void exit_callback_func();
source\GPIO_OUT.c(232): warning:  #177-D: variable "i" was declared but never referenced
        int i, j, rem_count = 0;
source\GPIO_OUT.c(232): warning:  #177-D: variable "j" was declared but never referenced
        int i, j, rem_count = 0;
source\GPIO_OUT.c(232): warning:  #177-D: variable "rem_count" was declared but never referenced
        int i, j, rem_count = 0;
source\GPIO_OUT.c(426): warning:  #1295-D: Deprecated declaration led_on - give arg types
  void led_on();
source\GPIO_OUT.c(427): warning:  #1295-D: Deprecated declaration led_off - give arg types
  void led_off();
source\GPIO_OUT.c(571): warning:  #223-D: function "strlen" declared implicitly
        for(i = 0; i < strlen(string); i++)
source\GPIO_OUT.c(799): warning:  #186-D: pointless comparison of unsigned integer with zero
                                                                if(menu_index < 0) menu_index = 0;
source\GPIO_OUT.c(867): warning:  #128-D: loop is not reachable
        while(1)
source\GPIO_OUT.c(876): warning:  #128-D: loop is not reachable
        while(1)
source\GPIO_OUT.c(886): warning:  #128-D: loop is not reachable
        while(1);
source\GPIO_OUT.c(894): warning:  #111-D: statement is unreachable
        SysTick->LOAD = 720;
source\GPIO_OUT.c(929): warning:  #128-D: loop is not reachable
        while(1)
source\GPIO_OUT.c(939): warning:  #128-D: loop is not reachable
        while(1);
source\GPIO_OUT.c(947): warning:  #111-D: statement is unreachable
        SysTick->LOAD = 720;
source\GPIO_OUT.c(957): warning:  #68-D: integer conversion resulted in a change of sign
        GPIOA->CRH &= (~0x0F << 4); // CLEAR:9
source\GPIO_OUT.c(958): warning:  #68-D: integer conversion resulted in a change of sign
        GPIOA->CRH &= (~0x0F << 8); // CLEAR:10
source\GPIO_OUT.c(1051): warning:  #128-D: loop is not reachable
        while(1);
source\GPIO_OUT.c(1060): warning:  #111-D: statement is unreachable
        SysTick->LOAD = 720;
source\GPIO_OUT.c(1285): warning:  #111-D: statement is unreachable
                                *(volatile unsigned int *)0x40021018 |= 0x08;
source\GPIO_OUT.c(637): warning:  #177-D: variable "now_cursor" was declared but never referenced
        char now_cursor = 0;
source\GPIO_OUT.c(641): warning:  #177-D: variable "test_toggle" was declared but never referenced
        int test_toggle = 0;
source\GPIO_OUT.c: 22 warnings, 0 errors
linking...
Program Size: Code=6708 RO-data=388 RW-data=164 ZI-data=1412  
FromELF: creating hex file...
".\Output\GPIO_OUT.axf" - 0 Error(s), 22 Warning(s).
</pre>
</body>
</html>
