<html>
<body>
<pre>
<h1>µVision Build Log</h1>
<h2>Tool Versions:</h2>
IDE-Version: •ÏVision V5.14.0.0
Copyright (C) 2015 ARM Ltd and ARM Germany GmbH. All rights reserved.
License Information: ∞≠ ¥Ÿ«ı, ., LIC=----
 
Tool Versions:
Toolchain:       MDK-Lite  Version: 5.14.0.0
Toolchain Path:  C:\Keil_v5\ARM\ARMCC\Bin
C Compiler:      Armcc.exe V5.05 update 1 (build 106)
Assembler:       Armasm.exe V5.05 update 1 (build 106)
Linker/Locator:  ArmLink.exe V5.05 update 1 (build 106)
Library Manager: ArmAr.exe V5.05 update 1 (build 106)
Hex Converter:   FromElf.exe V5.05 update 1 (build 106)
CPU DLL:         SARMCM3.DLL V5.14.0.0
Dialog DLL:      DARMCM1.DLL V1.12.0.0
Target DLL:      STLink\ST-LINKIII-KEIL_SWO.dll V2.0.14.0_KEIL
Dialog DLL:      TARMCM1.DLL V1.9.0.0
 
<h2>Project:</h2>
D:\git\narsha_database\study\arm\STM32F072_Cube_USB\Projects\STM32F072B-Discovery\Applications\USB_Device\HID_Standalone\MDK-ARM\USBD_HID.uvprojx
Project File Date:  05/09/2021

<h2>Output:</h2>
Rebuild target 'STM32F072B-Discovery_USB'
assembling startup_stm32f072xb.s...
compiling main.c...
../Src/main.c(428): warning:  #128-D: loop is not reachable
    while (1)
../Src/main.c(243): warning:  #177-D: variable "buff" was declared but never referenced
    uint8_t buff[255];
../Src/main.c(244): warning:  #177-D: variable "uid" was declared but never referenced
    uint8_t uid[MIFARE_UID_MAX_LENGTH];
../Src/main.c(245): warning:  #177-D: variable "key_a" was declared but never referenced
    uint8_t key_a[] = {0xFF, 0xFF, 0xFF, 0xFF, 0xFF, 0xFF};
../Src/main.c(246): warning:  #177-D: variable "pn532_error" was declared but never referenced
    uint32_t pn532_error = PN532_ERROR_NONE;
../Src/main.c(247): warning:  #177-D: variable "uid_len" was declared but never referenced
    int32_t uid_len = 0;
../Src/main.c(525): warning:  #177-D: function "MX_SPI1_Init" was declared but never referenced
  static void MX_SPI1_Init(void)
../Src/main.c(103): warning:  #177-D: function "MX_USART2_UART_Init" was declared but never referenced
  static void MX_USART2_UART_Init(void)
../Src/main.c: 8 warnings, 0 errors
compiling stm32f0xx_it.c...
compiling usbd_conf.c...
../Src/usbd_conf.c(529): warning:  #177-D: variable "HIDbuffer" was declared but never referenced
  uint8_t HIDbuffer[8] = {0}; 
../Src/usbd_conf.c(530): warning:  #177-D: variable "key_value" was declared but never referenced
  static int key_value = 0;
../Src/usbd_conf.c: 2 warnings, 0 errors
compiling usbd_desc.c...
../Src/usbd_desc.c(33): warning:  #47-D: incompatible redefinition of macro "USBD_PRODUCT_FS_STRING" (declared at line 32)
  #define USBD_PRODUCT_FS_STRING        "HID Keyboard"
../Src/usbd_desc.c: 1 warning, 0 errors
compiling pn532.c...
compiling pn532_stm32f1.c...
compiling stm32f0xx_hal_msp.c...
compiling stm32f072b_discovery.c...
compiling system_stm32f0xx.c...
compiling stm32f0xx_hal.c...
compiling stm32f0xx_hal_cortex.c...
compiling stm32f0xx_hal_dma.c...
compiling stm32f0xx_hal_gpio.c...
compiling stm32f0xx_hal_i2c.c...
compiling stm32f0xx_hal_pcd.c...
compiling stm32f0xx_hal_pcd_ex.c...
compiling stm32f0xx_hal_pwr.c...
compiling stm32f0xx_hal_rcc.c...
compiling stm32f0xx_hal_rcc_ex.c...
compiling stm32f0xx_hal_spi.c...
compiling stm32f0xx_hal_uart.c...
compiling stm32f0xx_hal_uart_ex.c...
compiling stm32f0xx_ll_usb.c...
compiling usbd_hid.c...
compiling usbd_core.c...
compiling usbd_ctlreq.c...
compiling usbd_ioreq.c...
linking...
Program Size: Code=13572 RO-data=272 RW-data=256 ZI-data=2248  
FromELF: creating hex file...
After Build - User command #1: fromelf STM32F072B-Discovery_USB\Exe\STM32072B_EVAL_USBD-FS.axf --bin --output=STM32F072B-Discovery_USB\Exe\STM32072B_EVAL_USBD-FS.bin
"STM32F072B-Discovery_USB\Exe\STM32072B_EVAL_USBD-FS.axf" - 0 Error(s), 11 Warning(s).

<h2>Software Packages used:</h2>

Package Vendor: ARM
                http://www.keil.com/pack/ARM.CMSIS.4.2.0.pack
                ARM::CMSIS:CORE:3.40.0
                CMSIS (Cortex Microcontroller Software Interface Standard)
   * Component: CORE Version: 3.40.0

<h2>Collection of Component include folders:</h2>
  D:\git\narsha_database\study\arm\STM32F072_Cube_USB\Projects\STM32F072B-Discovery\Applications\USB_Device\HID_Standalone\MDK-ARM\RTE
  C:\Keil_v5\ARM\PACK\ARM\CMSIS\4.2.0\CMSIS\Include
  C:\Keil_v5\ARM\PACK\Keil\STM32F0xx_DFP\2.1.0

<h2>Collection of Component Files used:</h2>

   * Component: ARM::CMSIS:CORE:3.40.0
      Source file:   CMSIS\UserCodeTemplates\ARM\ITM_Retarget.c
</pre>
</body>
</html>
