<html>
<body>
<pre>
<h1>µVision Build Log</h1>
<h2>Tool Versions:</h2>
IDE-Version: •ÏVision V5.14.0.0
Copyright (C) 2015 ARM Ltd and ARM Germany GmbH. All rights reserved.
License Information: heart ha, a, LIC=----
 
Tool Versions:
Toolchain:       MDK-Lite  Version: 5.14.0.0
Toolchain Path:  F:\Keil_v5\ARM\ARMCC\Bin
C Compiler:      Armcc.exe V5.05 update 1 (build 106)
Assembler:       Armasm.exe V5.05 update 1 (build 106)
Linker/Locator:  ArmLink.exe V5.05 update 1 (build 106)
Library Manager: ArmAr.exe V5.05 update 1 (build 106)
Hex Converter:   FromElf.exe V5.05 update 1 (build 106)
CPU DLL:         SARMCM3.DLL V5.14.0.0
Dialog DLL:      DCM.DLL V1.13.1.0
Target DLL:      Segger\JL2CM3.dll V2.99.13.0
Dialog DLL:      TCM.DLL V1.14.4.0
 
<h2>Project:</h2>
G:\data\STM\STM32F407Z_open-407Z\Open407Z-C\USB HS Examples\Project\USB_Device_Examples\DualCore\MDK-ARM\usbd_hidfs_mschs.uvproj
Project File Date:  07/09/2015

<h2>Output:</h2>
Build target 'Open407Z'
compiling app.c...
linking...
Program Size: Code=13052 RO-data=9684 RW-data=496 ZI-data=4608  
FromELF: creating hex file...
".\STM324xG-EVAL\STM324xG-EVAL_HS_FS.axf" - 0 Error(s), 0 Warning(s).
</pre>
</body>
</html>
