<html>
<body>
<pre>
<h1>µVision Build Log</h1>
<h2>Tool Versions:</h2>
IDE-Version: •ÏVision V5.14.0.0
Copyright (C) 2015 ARM Ltd and ARM Germany GmbH. All rights reserved.
License Information: heart ha, a, LIC=----
 
Tool Versions:
Toolchain:       MDK-Lite  Version: 5.14.0.0
Toolchain Path:  F:\Keil_v5\ARM\ARMCC\Bin
C Compiler:      Armcc.exe V5.05 update 1 (build 106)
Assembler:       Armasm.exe V5.05 update 1 (build 106)
Linker/Locator:  ArmLink.exe V5.05 update 1 (build 106)
Library Manager: ArmAr.exe V5.05 update 1 (build 106)
Hex Converter:   FromElf.exe V5.05 update 1 (build 106)
CPU DLL:         SARMCM3.DLL V5.14.0.0
Dialog DLL:      DCM.DLL V1.13.1.0
Target DLL:      Segger\JL2CM3.dll V2.99.13.0
Dialog DLL:      TCM.DLL V1.14.4.0
 
<h2>Project:</h2>
G:\data\STM32F10x_StdPeriph_Lib_V3.5.0\Project\STM32F10x_StdPeriph_NewstarIT\Keil\SPI\FullDuplex_SoftNSS\FullDuplex_SoftNSS.uvproj
Project File Date:  03/12/2015

<h2>Output:</h2>
Build target 'FullDuplex_SoftNSS'
compiling main.c...
..\..\..\..\STM32F10x_StdPeriph_Examples\SPI\FullDuplex_SoftNSS\main.c(117): warning:  #128-D: loop is not reachable
    while (TxIdx < BufferSize)
..\..\..\..\STM32F10x_StdPeriph_Examples\SPI\FullDuplex_SoftNSS\main.c: 1 warning, 0 errors
linking...
Program Size: Code=1424 RO-data=252 RW-data=0 ZI-data=1112  
FromELF: creating hex file...
".\Out\FullDuplex_SoftNSS.axf" - 0 Error(s), 1 Warning(s).
</pre>
</body>
</html>
