<html>
<body>
<pre>
<h1>µVision Build Log</h1>
<h2>Tool Versions:</h2>
IDE-Version: •ÏVision V5.14.0.0
Copyright (C) 2015 ARM Ltd and ARM Germany GmbH. All rights reserved.
License Information: ∞≠ ¥Ÿ«ı, ., LIC=----
 
Tool Versions:
Toolchain:       MDK-Lite  Version: 5.14.0.0
Toolchain Path:  C:\Keil_v5\ARM\ARMCC\Bin
C Compiler:      Armcc.exe V5.05 update 1 (build 106)
Assembler:       Armasm.exe V5.05 update 1 (build 106)
Linker/Locator:  ArmLink.exe V5.05 update 1 (build 106)
Library Manager: ArmAr.exe V5.05 update 1 (build 106)
Hex Converter:   FromElf.exe V5.05 update 1 (build 106)
CPU DLL:         SARMCM3.DLL V5.14.0.0
Dialog DLL:      DARMSTM.DLL V1.65.0.0
Target DLL:      Segger\JL2CM3.dll V2.99.13.0
Dialog DLL:      TARMSTM.DLL V1.64.0.0
 
<h2>Project:</h2>
D:\git\narsha_database\study\arm\lecture\DMA\ADC\adc.uvproj
Project File Date:  03/11/2021

<h2>Output:</h2>
Build target 'adc'
compiling adc.c...
Application\adc.c(174): warning:  #128-D: loop is not reachable
        for(;;) {
Application\adc.c(142): warning:  #177-D: variable "s" was declared but never referenced
        char s[20];
Application\adc.c(143): warning:  #177-D: variable "i" was declared but never referenced
        int i;
Application\adc.c(145): warning:  #177-D: variable "aa" was declared but never referenced
        unsigned int *aa;
Application\adc.c(146): warning:  #177-D: variable "bb" was declared but never referenced
        unsigned short *bb;
Application\adc.c: 5 warnings, 0 errors
linking...
Program Size: Code=2096 RO-data=268 RW-data=24 ZI-data=608  
FromELF: creating hex file...
".\Output\adc.axf" - 0 Error(s), 5 Warning(s).
</pre>
</body>
</html>
