<html>
<body>
<pre>
<h1>µVision Build Log</h1>
<h2>Project:</h2>
G:\data\edu\data_edu\IWDG\16.1 - IWDG\IWDG.uvproj
Project File Date:  10/14/2014

<h2>Output:</h2>
Build target 'Z32R'
compiling IWDG.c...
Application\IWDG.c(20): warning:  #177-D: variable "i" was declared but never referenced
linking...
Program Size: Code=1224 RO-data=252 RW-data=0 ZI-data=1120  
FromELF: creating hex file...
".\Output\IWDG.axf" - 0 Error(s), 1 Warning(s).
Build target 'Z32R'
compiling IWDG.c...
Application\IWDG.c(20): warning:  #177-D: variable "i" was declared but never referenced
linking...
Program Size: Code=1212 RO-data=252 RW-data=0 ZI-data=1120  
FromELF: creating hex file...
".\Output\IWDG.axf" - 0 Error(s), 1 Warning(s).
Build target 'Z32R'
compiling STM32_Init.c...
linking...
Program Size: Code=1212 RO-data=252 RW-data=0 ZI-data=1120  
FromELF: creating hex file...
".\Output\IWDG.axf" - 0 Error(s), 0 Warning(s).
Build target 'Z32R'
compiling STM32_Init.c...
linking...
Program Size: Code=1212 RO-data=252 RW-data=0 ZI-data=1120  
FromELF: creating hex file...
".\Output\IWDG.axf" - 0 Error(s), 0 Warning(s).
Build target 'Z32R'
compiling STM32_Init.c...
linking...
Program Size: Code=1180 RO-data=252 RW-data=0 ZI-data=1120  
FromELF: creating hex file...
".\Output\IWDG.axf" - 0 Error(s), 0 Warning(s).
Build target 'Z32R'
compiling STM32_Init.c...
compiling IWDG.c...
Application\IWDG.c(41): error:  #22: invalid hexadecimal number
Application\IWDG.c(41): warning:  #174-D: expression has no effect
Application\IWDG.c(41): error:  #65: expected a ";"
Application\IWDG.c(44): warning:  #12-D: parsing restarts here after previous syntax error
Application\IWDG.c(20): warning:  #177-D: variable "i" was declared but never referenced
Target not created
Build target 'Z32R'
compiling STM32_Init.c...
compiling IWDG.c...
Application\IWDG.c(20): warning:  #177-D: variable "i" was declared but never referenced
linking...
Program Size: Code=1220 RO-data=252 RW-data=0 ZI-data=1120  
FromELF: creating hex file...
".\Output\IWDG.axf" - 0 Error(s), 1 Warning(s).
