ARM Linker, 5.02 [Build 28] [MDK-ARM Standard]

==============================================================================

Section Cross References

    system_stm32f4xx.o(i.SystemCoreClockUpdate) refers to system_stm32f4xx.o(.data) for .data
    system_stm32f4xx.o(i.SystemInit) refers to system_stm32f4xx.o(i.SetSysClock) for SetSysClock
    startup_stm32f4xx.o(RESET) refers to startup_stm32f4xx.o(STACK) for __initial_sp
    startup_stm32f4xx.o(RESET) refers to startup_stm32f4xx.o(.text) for Reset_Handler
    startup_stm32f4xx.o(RESET) refers to stm32f4xx_it.o(i.NMI_Handler) for NMI_Handler
    startup_stm32f4xx.o(RESET) refers to stm32f4xx_it.o(i.HardFault_Handler) for HardFault_Handler
    startup_stm32f4xx.o(RESET) refers to stm32f4xx_it.o(i.MemManage_Handler) for MemManage_Handler
    startup_stm32f4xx.o(RESET) refers to stm32f4xx_it.o(i.BusFault_Handler) for BusFault_Handler
    startup_stm32f4xx.o(RESET) refers to stm32f4xx_it.o(i.UsageFault_Handler) for UsageFault_Handler
    startup_stm32f4xx.o(RESET) refers to stm32f4xx_it.o(i.SVC_Handler) for SVC_Handler
    startup_stm32f4xx.o(RESET) refers to stm32f4xx_it.o(i.DebugMon_Handler) for DebugMon_Handler
    startup_stm32f4xx.o(RESET) refers to stm32f4xx_it.o(i.PendSV_Handler) for PendSV_Handler
    startup_stm32f4xx.o(RESET) refers to stm32f4xx_it.o(i.SysTick_Handler) for SysTick_Handler
    startup_stm32f4xx.o(RESET) refers to stm32f4xx_it.o(i.EXTI15_10_IRQHandler) for EXTI15_10_IRQHandler
    startup_stm32f4xx.o(.text) refers to system_stm32f4xx.o(i.SystemInit) for SystemInit
    startup_stm32f4xx.o(.text) refers to entry.o(.ARM.Collect$$$$00000000) for __main
    main.o(i.Delay) refers to main.o(.data) for .data
    main.o(i.LCD_LED_Init) refers to stm324xg_eval_lcd.o(i.STM324xG_LCD_Init) for STM324xG_LCD_Init
    main.o(i.LCD_LED_Init) refers to stm324xg_eval.o(i.STM_EVAL_LEDInit) for STM_EVAL_LEDInit
    main.o(i.LCD_LED_Init) refers to stm324xg_eval_lcd.o(i.LCD_Clear) for LCD_Clear
    main.o(i.LCD_LED_Init) refers to stm324xg_eval_lcd.o(i.LCD_SetBackColor) for LCD_SetBackColor
    main.o(i.LCD_LED_Init) refers to stm324xg_eval_lcd.o(i.LCD_SetTextColor) for LCD_SetTextColor
    main.o(i.LCD_LED_Init) refers to stm324xg_eval_lcd.o(i.LCD_GetFont) for LCD_GetFont
    main.o(i.LCD_LED_Init) refers to stm324xg_eval_lcd.o(i.LCD_DisplayStringLine) for LCD_DisplayStringLine
    main.o(i.Time_Update) refers to main.o(.data) for .data
    main.o(i.main) refers to main.o(i.LCD_LED_Init) for LCD_LED_Init
    main.o(i.main) refers to stm32f4x7_eth_bsp.o(i.ETH_BSP_Config) for ETH_BSP_Config
    main.o(i.main) refers to netconf.o(i.LwIP_Init) for LwIP_Init
    main.o(i.main) refers to httpd.o(i.httpd_init) for httpd_init
    main.o(i.main) refers to stm32f4x7_eth.o(i.ETH_CheckFrameReceived) for ETH_CheckFrameReceived
    main.o(i.main) refers to netconf.o(i.LwIP_Pkt_Handle) for LwIP_Pkt_Handle
    main.o(i.main) refers to netconf.o(i.LwIP_Periodic_Handle) for LwIP_Periodic_Handle
    main.o(i.main) refers to main.o(.data) for .data
    netconf.o(i.LwIP_Init) refers to mem.o(i.mem_init) for mem_init
    netconf.o(i.LwIP_Init) refers to memp.o(i.memp_init) for memp_init
    netconf.o(i.LwIP_Init) refers to inet.o(i.htonl) for htonl
    netconf.o(i.LwIP_Init) refers to printf1.o(i.__0sprintf$1) for __2sprintf
    netconf.o(i.LwIP_Init) refers to stm324xg_eval_lcd.o(i.LCD_GetFont) for LCD_GetFont
    netconf.o(i.LwIP_Init) refers to stm324xg_eval_lcd.o(i.LCD_DisplayStringLine) for LCD_DisplayStringLine
    netconf.o(i.LwIP_Init) refers to netif.o(i.netif_add) for netif_add
    netconf.o(i.LwIP_Init) refers to netif.o(i.netif_set_default) for netif_set_default
    netconf.o(i.LwIP_Init) refers to netif.o(i.netif_set_up) for netif_set_up
    netconf.o(i.LwIP_Init) refers to etharp.o(i.ethernet_input) for ethernet_input
    netconf.o(i.LwIP_Init) refers to ethernetif.o(i.ethernetif_init) for ethernetif_init
    netconf.o(i.LwIP_Init) refers to netconf.o(.bss) for .bss
    netconf.o(i.LwIP_Periodic_Handle) refers to tcp.o(i.tcp_tmr) for tcp_tmr
    netconf.o(i.LwIP_Periodic_Handle) refers to etharp.o(i.etharp_tmr) for etharp_tmr
    netconf.o(i.LwIP_Periodic_Handle) refers to netconf.o(.data) for .data
    netconf.o(i.LwIP_Pkt_Handle) refers to ethernetif.o(i.ethernetif_input) for ethernetif_input
    netconf.o(i.LwIP_Pkt_Handle) refers to netconf.o(.bss) for .bss
    stm32f4x7_eth_bsp.o(i.ETH_BSP_Config) refers to stm32f4x7_eth_bsp.o(i.ETH_GPIO_Config) for ETH_GPIO_Config
    stm32f4x7_eth_bsp.o(i.ETH_BSP_Config) refers to stm32f4x7_eth_bsp.o(i.ETH_MACDMA_Config) for ETH_MACDMA_Config
    stm32f4x7_eth_bsp.o(i.ETH_BSP_Config) refers to stm32f4x7_eth_bsp.o(i.Eth_Link_PHYITConfig) for Eth_Link_PHYITConfig
    stm32f4x7_eth_bsp.o(i.ETH_BSP_Config) refers to stm32f4x7_eth_bsp.o(i.Eth_Link_EXTIConfig) for Eth_Link_EXTIConfig
    stm32f4x7_eth_bsp.o(i.ETH_BSP_Config) refers to misc.o(i.SysTick_CLKSourceConfig) for SysTick_CLKSourceConfig
[...]
    i.udp_bind                               0x080066c4   Section        0  udp.o(i.udp_bind)
    i.udp_input                              0x08006720   Section        0  udp.o(i.udp_input)
    i.udp_sendto_if                          0x080068b0   Section        0  udp.o(i.udp_sendto_if)
    i.update_arp_entry                       0x08006960   Section        0  etharp.o(i.update_arp_entry)
    update_arp_entry                         0x08006961   Thumb Code   162  etharp.o(i.update_arp_entry)
    .constdata                               0x08006a08   Section     3159  fs.o(.constdata)
    data__STM32F4x7_files_logo_jpg           0x08006a08   Data        3159  fs.o(.constdata)
    .constdata                               0x0800765f   Section     2746  fs.o(.constdata)
    data__STM32F4x7_files_ST_gif             0x0800765f   Data        2746  fs.o(.constdata)
    .constdata                               0x08008119   Section    26205  fs.o(.constdata)
    data__STM32F4x7_files_stm32_jpg          0x08008119   Data       26205  fs.o(.constdata)
    .constdata                               0x0800e776   Section     1243  fs.o(.constdata)
    data__404_html                           0x0800e776   Data        1243  fs.o(.constdata)
    .constdata                               0x0800ec51   Section    10723  fs.o(.constdata)
    data__index_html                         0x0800ec51   Data       10723  fs.o(.constdata)
    .constdata                               0x08011634   Section     4046  fs.o(.constdata)
    data__STM32F4x7ADC_shtml                 0x08011634   Data        4046  fs.o(.constdata)
    .constdata                               0x08012602   Section     4072  fs.o(.constdata)
    data__STM32F4x7LED_html                  0x08012602   Data        4072  fs.o(.constdata)
    .constdata                               0x080135ec   Section       20  fs.o(.constdata)
    .constdata                               0x08013600   Section       20  fs.o(.constdata)
    .constdata                               0x08013614   Section       20  fs.o(.constdata)
    .constdata                               0x08013628   Section       20  fs.o(.constdata)
    .constdata                               0x0801363c   Section       20  fs.o(.constdata)
    .constdata                               0x08013650   Section       20  fs.o(.constdata)
    .constdata                               0x08013664   Section       20  fs.o(.constdata)
    .constdata                               0x08013678   Section        8  httpd_cgi_ssi.o(.constdata)
    .constdata                               0x08013680   Section       48  httpd.o(.constdata)
    .constdata                               0x080136b0   Section       36  memp.o(.constdata)
    memp_sizes                               0x080136b0   Data          18  memp.o(.constdata)
    memp_num                                 0x080136c2   Data          18  memp.o(.constdata)
    .constdata                               0x080136d4   Section       20  tcp.o(.constdata)
    .constdata                               0x080136e8   Section        4  ip_addr.o(.constdata)
    .constdata                               0x080136ec   Section        4  ip_addr.o(.constdata)
    .constdata                               0x080136f0   Section       12  etharp.o(.constdata)
    .constdata                               0x080136fc   Section     4560  stm324xg_eval_lcd.o(.constdata)
    .constdata                               0x080148cc   Section       92  stm324xg_eval.o(.constdata)
    .conststring                             0x08014928   Section        2  httpd_cgi_ssi.o(.conststring)
    .conststring                             0x0801492a   Section       10  httpd_cgi_ssi.o(.conststring)
    .conststring                             0x08014934   Section       74  httpd.o(.conststring)
    .conststring                             0x0801497e   Section      104  tcp.o(.conststring)
    .data                                    0x20000000   Section        8  main.o(.data)
    .data                                    0x20000008   Section        8  netconf.o(.data)
    .data                                    0x20000010   Section        8  stm32f4x7_eth_bsp.o(.data)
    .data                                    0x20000018   Section       16  httpd_cgi_ssi.o(.data)
    .data                                    0x20000028   Section        4  httpd_cgi_ssi.o(.data)
    .data                                    0x2000002c   Section       36  httpd.o(.data)
    .data                                    0x20000050   Section        4  dhcp.o(.data)
    xid                                      0x20000050   Data           4  dhcp.o(.data)
    .data                                    0x20000054   Section       16  mem.o(.data)
    mem_sem                                  0x20000054   Data           1  mem.o(.data)
    ram                                      0x20000058   Data           4  mem.o(.data)
    ram_end                                  0x2000005c   Data           4  mem.o(.data)
    lfree                                    0x20000060   Data           4  mem.o(.data)
    .data                                    0x20000064   Section       12  netif.o(.data)
    netifnum                                 0x20000064   Data           1  netif.o(.data)
    .data                                    0x20000070   Section        4  raw.o(.data)
    raw_pcbs                                 0x20000070   Data           4  raw.o(.data)
    .data                                    0x20000074   Section       76  tcp.o(.data)
    tcp_timer                                0x20000074   Data           1  tcp.o(.data)
    port                                     0x20000076   Data           2  tcp.o(.data)
    iss                                      0x20000078   Data           4  tcp.o(.data)
    .data                                    0x200000c0   Section       28  tcp_in.o(.data)
    flags                                    0x200000c0   Data           1  tcp_in.o(.data)
    recv_flags                               0x200000c1   Data           1  tcp_in.o(.data)
    tcplen                                   0x200000c2   Data           2  tcp_in.o(.data)
    tcphdr                                   0x200000c4   Data           4  tcp_in.o(.data)
    iphdr                                    0x200000c8   Data           4  tcp_in.o(.data)
    seqno                                    0x200000cc   Data           4  tcp_in.o(.data)
    ackno                                    0x200000d0   Data           4  tcp_in.o(.data)
    recv_data                                0x200000d4   Data           4  tcp_in.o(.data)
    .data                                    0x200000dc   Section        4  udp.o(.data)
    .data                                    0x200000e0   Section       12  ip.o(.data)
    ip_id                                    0x200000e0   Data           2  ip.o(.data)
    .data                                    0x200000ec   Section        8  ip_frag.o(.data)
    ip_reass_pbufcount                       0x200000ec   Data           2  ip_frag.o(.data)
    reassdatagrams                           0x200000f0   Data           4  ip_frag.o(.data)
    .data                                    0x200000f4   Section        1  etharp.o(.data)
    etharp_cached_entry                      0x200000f4   Data           1  etharp.o(.data)
    .data                                    0x200000f5   Section       16  stm32f4xx_rcc.o(.data)
    APBAHBPrescTable                         0x200000f5   Data          16  stm32f4xx_rcc.o(.data)
    .data                                    0x20000108   Section       12  stm32f4x7_eth.o(.data)
    .data                                    0x20000114   Section       20  stm324xg_eval_lcd.o(.data)
    LCD_Currentfonts                         0x2000011c   Data           4  stm324xg_eval_lcd.o(.data)
    .data                                    0x20000128   Section       44  stm324xg_eval.o(.data)
    .bss                                     0x20000154   Section       56  netconf.o(.bss)
    .bss                                     0x2000018c   Section      240  fs.o(.bss)
    .bss                                     0x2000027c   Section     1024  httpd.o(.bss)
    httpd_req_buf                            0x2000027c   Data        1024  httpd.o(.bss)
    .bss                                     0x2000067c   Section    10260  mem.o(.bss)
    ram_heap                                 0x2000067c   Data       10260  mem.o(.bss)
    .bss                                     0x20002e90   Section     9271  memp.o(.bss)
    memp_tab                                 0x20002e90   Data          36  memp.o(.bss)
    memp_memory                              0x20002eb4   Data        9235  memp.o(.bss)
    .bss                                     0x200052c8   Section       20  tcp_in.o(.bss)
    inseg                                    0x200052c8   Data          20  tcp_in.o(.bss)
    .bss                                     0x200052dc   Section     1504  ip_frag.o(.bss)
    buf                                      0x200052dc   Data        1504  ip_frag.o(.bss)
    .bss                                     0x200058bc   Section      200  etharp.o(.bss)
    arp_table                                0x200058bc   Data         200  etharp.o(.bss)
    .bss                                     0x20005984   Section      128  stm32f4x7_eth.o(.bss)
    .bss                                     0x20005a04   Section       64  stm32f4x7_eth.o(.bss)
    .bss                                     0x20005a44   Section     6096  stm32f4x7_eth.o(.bss)
    .bss                                     0x20007214   Section     3048  stm32f4x7_eth.o(.bss)
    .bss                                     0x20007dfc   Section       12  stm32f4x7_eth.o(.bss)
    STACK                                    0x20007e08   Section     1024  startup_stm32f4xx.o(STACK)

    Global Symbols

    Symbol Name                              Value     Ov Type        Size  Object(Section)

    BuildAttributes$$THM_ISAv4$E$P$D$K$B$S$7EM$VFPi3$EXTD16$VFPS$VFMA$PE$A:L22UL41UL21$X:L11$S22US41US21$IEEE1$IW$USESV6$~STKCKD$USESV7$~SHL$OSPACE$ROPI$EBA8$MICROLIB$REQ8$PRES8$EABIv2 0x00000000   Number         0  anon$$obj.o ABSOLUTE
    __ARM_use_no_argv                        0x00000000   Number         0  main.o ABSOLUTE
    _printf_a                                0x00000000   Number         0  stubs.o ABSOLUTE
    _printf_c                                0x00000000   Number         0  stubs.o ABSOLUTE
    _printf_charcount                        0x00000000   Number         0  stubs.o ABSOLUTE
    _printf_d                                0x00000000   Number         0  stubs.o ABSOLUTE
    _printf_e                                0x00000000   Number         0  stubs.o ABSOLUTE
    _printf_f                                0x00000000   Number         0  stubs.o ABSOLUTE
    _printf_flags                            0x00000000   Number         0  stubs.o ABSOLUTE
    _printf_fp_dec                           0x00000000   Number         0  stubs.o ABSOLUTE
    _printf_fp_hex                           0x00000000   Number         0  stubs.o ABSOLUTE
    _printf_g                                0x00000000   Number         0  stubs.o ABSOLUTE
    _printf_i                                0x00000000   Number         0  stubs.o ABSOLUTE
    _printf_int_dec                          0x00000000   Number         0  stubs.o ABSOLUTE
    _printf_l                                0x00000000   Number         0  stubs.o ABSOLUTE
    _printf_lc                               0x00000000   Number         0  stubs.o ABSOLUTE
    _printf_ll                               0x00000000   Number         0  stubs.o ABSOLUTE
    _printf_lld                              0x00000000   Number         0  stubs.o ABSOLUTE
    _printf_lli                              0x00000000   Number         0  stubs.o ABSOLUTE
    _printf_llo                              0x00000000   Number         0  stubs.o ABSOLUTE
    _printf_llu                              0x00000000   Number         0  stubs.o ABSOLUTE
    _printf_llx                              0x00000000   Number         0  stubs.o ABSOLUTE
    _printf_longlong_dec                     0x00000000   Number         0  stubs.o ABSOLUTE
    _printf_longlong_hex                     0x00000000   Number         0  stubs.o ABSOLUTE
    _printf_longlong_oct                     0x00000000   Number         0  stubs.o ABSOLUTE
    _printf_ls                               0x00000000   Number         0  stubs.o ABSOLUTE
    _printf_mbtowc                           0x00000000   Number         0  stubs.o ABSOLUTE
    _printf_n                                0x00000000   Number         0  stubs.o ABSOLUTE
    _printf_o                                0x00000000   Number         0  stubs.o ABSOLUTE
    _printf_p                                0x00000000   Number         0  stubs.o ABSOLUTE
    _printf_percent                          0x00000000   Number         0  stubs.o ABSOLUTE
    _printf_pre_padding                      0x00000000   Number         0  stubs.o ABSOLUTE
    _printf_return_value                     0x00000000   Number         0  stubs.o ABSOLUTE
    _printf_s                                0x00000000   Number         0  stubs.o ABSOLUTE
    _printf_sizespec                         0x00000000   Number         0  stubs.o ABSOLUTE
    _printf_str                              0x00000000   Number         0  stubs.o ABSOLUTE
    _printf_truncate_signed                  0x00000000   Number         0  stubs.o ABSOLUTE
    _printf_truncate_unsigned                0x00000000   Number         0  stubs.o ABSOLUTE
    _printf_u                                0x00000000   Number         0  stubs.o ABSOLUTE
    _printf_wc                               0x00000000   Number         0  stubs.o ABSOLUTE
    _printf_wctomb                           0x00000000   Number         0  stubs.o ABSOLUTE
    _printf_widthprec                        0x00000000   Number         0  stubs.o ABSOLUTE
    _printf_x                                0x00000000   Number         0  stubs.o ABSOLUTE
    _clock_init                               - Undefined Weak Reference
    __Vectors_Size                           0x00000188   Number         0  startup_stm32f4xx.o ABSOLUTE
    __Vectors                                0x08000000   Data           4  startup_stm32f4xx.o(RESET)
    __Vectors_End                            0x08000188   Data           0  startup_stm32f4xx.o(RESET)
    __main                                   0x08000189   Thumb Code     0  entry.o(.ARM.Collect$$$$00000000)
    _main_stk                                0x08000189   Thumb Code     0  entry2.o(.ARM.Collect$$$$00000001)
    _main_scatterload                        0x0800018d   Thumb Code     0  entry5.o(.ARM.Collect$$$$00000004)
    __main_after_scatterload                 0x08000191   Thumb Code     0  entry5.o(.ARM.Collect$$$$00000004)
    _main_clock                              0x08000191   Thumb Code     0  entry7b.o(.ARM.Collect$$$$00000008)
    _main_init                               0x08000191   Thumb Code     0  entry8.o(.ARM.Collect$$$$00000009)
    Reset_Handler                            0x0800019d   Thumb Code     8  startup_stm32f4xx.o(.text)
    ADC_IRQHandler                           0x080001b7   Thumb Code     0  startup_stm32f4xx.o(.text)
    CAN1_RX0_IRQHandler                      0x080001b7   Thumb Code     0  startup_stm32f4xx.o(.text)
    CAN1_RX1_IRQHandler                      0x080001b7   Thumb Code     0  startup_stm32f4xx.o(.text)
    CAN1_SCE_IRQHandler                      0x080001b7   Thumb Code     0  startup_stm32f4xx.o(.text)
    CAN1_TX_IRQHandler                       0x080001b7   Thumb Code     0  startup_stm32f4xx.o(.text)
    CAN2_RX0_IRQHandler                      0x080001b7   Thumb Code     0  startup_stm32f4xx.o(.text)
    CAN2_RX1_IRQHandler                      0x080001b7   Thumb Code     0  startup_stm32f4xx.o(.text)
    CAN2_SCE_IRQHandler                      0x080001b7   Thumb Code     0  startup_stm32f4xx.o(.text)
    CAN2_TX_IRQHandler                       0x080001b7   Thumb Code     0  startup_stm32f4xx.o(.text)
    CRYP_IRQHandler                          0x080001b7   Thumb Code     0  startup_stm32f4xx.o(.text)
    DCMI_IRQHandler                          0x080001b7   Thumb Code     0  startup_stm32f4xx.o(.text)
    DMA1_Stream0_IRQHandler                  0x080001b7   Thumb Code     0  startup_stm32f4xx.o(.text)
    DMA1_Stream1_IRQHandler                  0x080001b7   Thumb Code     0  startup_stm32f4xx.o(.text)
    DMA1_Stream2_IRQHandler                  0x080001b7   Thumb Code     0  startup_stm32f4xx.o(.text)
    DMA1_Stream3_IRQHandler                  0x080001b7   Thumb Code     0  startup_stm32f4xx.o(.text)
    DMA1_Stream4_IRQHandler                  0x080001b7   Thumb Code     0  startup_stm32f4xx.o(.text)
    DMA1_Stream5_IRQHandler                  0x080001b7   Thumb Code     0  startup_stm32f4xx.o(.text)
    DMA1_Stream6_IRQHandler                  0x080001b7   Thumb Code     0  startup_stm32f4xx.o(.text)
    DMA1_Stream7_IRQHandler                  0x080001b7   Thumb Code     0  startup_stm32f4xx.o(.text)
    DMA2_Stream0_IRQHandler                  0x080001b7   Thumb Code     0  startup_stm32f4xx.o(.text)
    DMA2_Stream1_IRQHandler                  0x080001b7   Thumb Code     0  startup_stm32f4xx.o(.text)
    DMA2_Stream2_IRQHandler                  0x080001b7   Thumb Code     0  startup_stm32f4xx.o(.text)
    DMA2_Stream3_IRQHandler                  0x080001b7   Thumb Code     0  startup_stm32f4xx.o(.text)
    DMA2_Stream4_IRQHandler                  0x080001b7   Thumb Code     0  startup_stm32f4xx.o(.text)
    DMA2_Stream5_IRQHandler                  0x080001b7   Thumb Code     0  startup_stm32f4xx.o(.text)
    DMA2_Stream6_IRQHandler                  0x080001b7   Thumb Code     0  startup_stm32f4xx.o(.text)
    DMA2_Stream7_IRQHandler                  0x080001b7   Thumb Code     0  startup_stm32f4xx.o(.text)
    ETH_IRQHandler                           0x080001b7   Thumb Code     0  startup_stm32f4xx.o(.text)
    ETH_WKUP_IRQHandler                      0x080001b7   Thumb Code     0  startup_stm32f4xx.o(.text)
    EXTI0_IRQHandler                         0x080001b7   Thumb Code     0  startup_stm32f4xx.o(.text)
    EXTI1_IRQHandler                         0x080001b7   Thumb Code     0  startup_stm32f4xx.o(.text)
    EXTI2_IRQHandler                         0x080001b7   Thumb Code     0  startup_stm32f4xx.o(.text)
    EXTI3_IRQHandler                         0x080001b7   Thumb Code     0  startup_stm32f4xx.o(.text)
    EXTI4_IRQHandler                         0x080001b7   Thumb Code     0  startup_stm32f4xx.o(.text)
    EXTI9_5_IRQHandler                       0x080001b7   Thumb Code     0  startup_stm32f4xx.o(.text)
    FLASH_IRQHandler                         0x080001b7   Thumb Code     0  startup_stm32f4xx.o(.text)
    FPU_IRQHandler                           0x080001b7   Thumb Code     0  startup_stm32f4xx.o(.text)
    FSMC_IRQHandler                          0x080001b7   Thumb Code     0  startup_stm32f4xx.o(.text)
    HASH_RNG_IRQHandler                      0x080001b7   Thumb Code     0  startup_stm32f4xx.o(.text)
    I2C1_ER_IRQHandler                       0x080001b7   Thumb Code     0  startup_stm32f4xx.o(.text)
    I2C1_EV_IRQHandler                       0x080001b7   Thumb Code     0  startup_stm32f4xx.o(.text)
    I2C2_ER_IRQHandler                       0x080001b7   Thumb Code     0  startup_stm32f4xx.o(.text)
    I2C2_EV_IRQHandler                       0x080001b7   Thumb Code     0  startup_stm32f4xx.o(.text)
    I2C3_ER_IRQHandler                       0x080001b7   Thumb Code     0  startup_stm32f4xx.o(.text)
    I2C3_EV_IRQHandler                       0x080001b7   Thumb Code     0  startup_stm32f4xx.o(.text)
    OTG_FS_IRQHandler                        0x080001b7   Thumb Code     0  startup_stm32f4xx.o(.text)
    OTG_FS_WKUP_IRQHandler                   0x080001b7   Thumb Code     0  startup_stm32f4xx.o(.text)
    OTG_HS_EP1_IN_IRQHandler                 0x080001b7   Thumb Code     0  startup_stm32f4xx.o(.text)
    OTG_HS_EP1_OUT_IRQHandler                0x080001b7   Thumb Code     0  startup_stm32f4xx.o(.text)
    OTG_HS_IRQHandler                        0x080001b7   Thumb Code     0  startup_stm32f4xx.o(.text)
    OTG_HS_WKUP_IRQHandler                   0x080001b7   Thumb Code     0  startup_stm32f4xx.o(.text)
    PVD_IRQHandler                           0x080001b7   Thumb Code     0  startup_stm32f4xx.o(.text)
    RCC_IRQHandler                           0x080001b7   Thumb Code     0  startup_stm32f4xx.o(.text)
    RTC_Alarm_IRQHandler                     0x080001b7   Thumb Code     0  startup_stm32f4xx.o(.text)
    RTC_WKUP_IRQHandler                      0x080001b7   Thumb Code     0  startup_stm32f4xx.o(.text)
    SDIO_IRQHandler                          0x080001b7   Thumb Code     0  startup_stm32f4xx.o(.text)
    SPI1_IRQHandler                          0x080001b7   Thumb Code     0  startup_stm32f4xx.o(.text)
    SPI2_IRQHandler                          0x080001b7   Thumb Code     0  startup_stm32f4xx.o(.text)
    SPI3_IRQHandler                          0x080001b7   Thumb Code     0  startup_stm32f4xx.o(.text)
    TAMP_STAMP_IRQHandler                    0x080001b7   Thumb Code     0  startup_stm32f4xx.o(.text)
    TIM1_BRK_TIM9_IRQHandler                 0x080001b7   Thumb Code     0  startup_stm32f4xx.o(.text)
    TIM1_CC_IRQHandler                       0x080001b7   Thumb Code     0  startup_stm32f4xx.o(.text)
    TIM1_TRG_COM_TIM11_IRQHandler            0x080001b7   Thumb Code     0  startup_stm32f4xx.o(.text)
    TIM1_UP_TIM10_IRQHandler                 0x080001b7   Thumb Code     0  startup_stm32f4xx.o(.text)
    TIM2_IRQHandler                          0x080001b7   Thumb Code     0  startup_stm32f4xx.o(.text)
    TIM3_IRQHandler                          0x080001b7   Thumb Code     0  startup_stm32f4xx.o(.text)
    TIM4_IRQHandler                          0x080001b7   Thumb Code     0  startup_stm32f4xx.o(.text)
    TIM5_IRQHandler                          0x080001b7   Thumb Code     0  startup_stm32f4xx.o(.text)
    TIM6_DAC_IRQHandler                      0x080001b7   Thumb Code     0  startup_stm32f4xx.o(.text)
    TIM7_IRQHandler                          0x080001b7   Thumb Code     0  startup_stm32f4xx.o(.text)
    TIM8_BRK_TIM12_IRQHandler                0x080001b7   Thumb Code     0  startup_stm32f4xx.o(.text)
    TIM8_CC_IRQHandler                       0x080001b7   Thumb Code     0  startup_stm32f4xx.o(.text)
    TIM8_TRG_COM_TIM14_IRQHandler            0x080001b7   Thumb Code     0  startup_stm32f4xx.o(.text)
    TIM8_UP_TIM13_IRQHandler                 0x080001b7   Thumb Code     0  startup_stm32f4xx.o(.text)
    UART4_IRQHandler                         0x080001b7   Thumb Code     0  startup_stm32f4xx.o(.text)
    UART5_IRQHandler                         0x080001b7   Thumb Code     0  startup_stm32f4xx.o(.text)
    USART1_IRQHandler                        0x080001b7   Thumb Code     0  startup_stm32f4xx.o(.text)
    USART2_IRQHandler                        0x080001b7   Thumb Code     0  startup_stm32f4xx.o(.text)
    USART3_IRQHandler                        0x080001b7   Thumb Code     0  startup_stm32f4xx.o(.text)
    USART6_IRQHandler                        0x080001b7   Thumb Code     0  startup_stm32f4xx.o(.text)
    WWDG_IRQHandler                          0x080001b7   Thumb Code     0  startup_stm32f4xx.o(.text)
    __aeabi_memcpy                           0x080001c1   Thumb Code    36  memcpya.o(.text)
    __aeabi_memcpy4                          0x080001c1   Thumb Code     0  memcpya.o(.text)
    __aeabi_memcpy8                          0x080001c1   Thumb Code     0  memcpya.o(.text)
    __aeabi_memset                           0x080001e5   Thumb Code    14  memseta.o(.text)
    __aeabi_memset4                          0x080001e5   Thumb Code     0  memseta.o(.text)
    __aeabi_memset8                          0x080001e5   Thumb Code     0  memseta.o(.text)
    __aeabi_memclr                           0x080001f3   Thumb Code     4  memseta.o(.text)
    __aeabi_memclr4                          0x080001f3   Thumb Code     0  memseta.o(.text)
    __aeabi_memclr8                          0x080001f3   Thumb Code     0  memseta.o(.text)
    _memset$wrapper                          0x080001f7   Thumb Code    18  memseta.o(.text)
    strstr                                   0x08000209   Thumb Code    44  strstr.o(.text)
    strchr                                   0x08000235   Thumb Code    18  strchr.o(.text)
    strlen                                   0x08000247   Thumb Code    16  strlen.o(.text)
    strcmp                                   0x08000257   Thumb Code    28  strcmp.o(.text)
    memcmp                                   0x08000273   Thumb Code    26  memcmp.o(.text)
    strncmp                                  0x0800028d   Thumb Code    30  strncmp.o(.text)
    __aeabi_dmul                             0x080002ab   Thumb Code   228  dmul.o(.text)
    __aeabi_ui2d                             0x0800038f   Thumb Code    26  dfltui.o(.text)
    __aeabi_d2uiz                            0x080003a9   Thumb Code    50  dfixui.o(.text)
    __aeabi_uidiv                            0x080003db   Thumb Code     0  uidiv.o(.text)
    __aeabi_uidivmod                         0x080003db   Thumb Code    44  uidiv.o(.text)
    __aeabi_llsr                             0x08000407   Thumb Code    32  llushr.o(.text)
    _ll_ushift_r                             0x08000407   Thumb Code     0  llushr.o(.text)
    __I$use$fp                               0x08000427   Thumb Code     0  iusefp.o(.text)
    _double_round                            0x08000427   Thumb Code    26  depilogue.o(.text)
    _double_epilogue                         0x08000441   Thumb Code   164  depilogue.o(.text)
    __scatterload                            0x080004e5   Thumb Code    28  init.o(.text)
    __scatterload_rt2                        0x080004e5   Thumb Code     0  init.o(.text)
    __aeabi_llsl                             0x08000509   Thumb Code    30  llshl.o(.text)
    _ll_shift_l                              0x08000509   Thumb Code     0  llshl.o(.text)
    __decompress                             0x08000527   Thumb Code     0  __dczerorl2.o(.text)
    __decompress1                            0x08000527   Thumb Code    92  __dczerorl2.o(.text)
    ADC_Cmd                                  0x08000583   Thumb Code    20  stm32f4xx_adc.o(i.ADC_Cmd)
    ADC_CommonInit                           0x08000599   Thumb Code    30  stm32f4xx_adc.o(i.ADC_CommonInit)
    ADC_GetConversionValue                   0x08000645   Thumb Code     6  stm32f4xx_adc.o(i.ADC_GetConversionValue)
    ADC_Handler                              0x0800064d   Thumb Code   140  httpd_cgi_ssi.o(i.ADC_Handler)
    ADC_Init                                 0x080006e9   Thumb Code    66  stm32f4xx_adc.o(i.ADC_Init)
    ADC_RegularChannelConfig                 0x08000735   Thumb Code   116  stm32f4xx_adc.o(i.ADC_RegularChannelConfig)
    ADC_SoftwareStartConv                    0x080007a9   Thumb Code    10  stm32f4xx_adc.o(i.ADC_SoftwareStartConv)
    ADC_StructInit                           0x080007b3   Thumb Code    20  stm32f4xx_adc.o(i.ADC_StructInit)
    BusFault_Handler                         0x080007c7   Thumb Code     2  stm32f4xx_it.o(i.BusFault_Handler)
    DebugMon_Handler                         0x080007c9   Thumb Code     2  stm32f4xx_it.o(i.DebugMon_Handler)
    ETH_BSP_Config                           0x080007cd   Thumb Code   132  stm32f4x7_eth_bsp.o(i.ETH_BSP_Config)
    ETH_CheckFrameReceived                   0x08000881   Thumb Code    96  stm32f4x7_eth.o(i.ETH_CheckFrameReceived)
    ETH_DMAReceptionCmd                      0x080008e5   Thumb Code    22  stm32f4x7_eth.o(i.ETH_DMAReceptionCmd)
    ETH_DMARxDescChainInit                   0x08000901   Thumb Code    74  stm32f4x7_eth.o(i.ETH_DMARxDescChainInit)
    ETH_DMATransmissionCmd                   0x08000959   Thumb Code    22  stm32f4x7_eth.o(i.ETH_DMATransmissionCmd)
    ETH_DMATxDescChainInit                   0x08000975   Thumb Code    62  stm32f4x7_eth.o(i.ETH_DMATxDescChainInit)
    ETH_DMATxDescChecksumInsertionConfig     0x080009bd   Thumb Code     8  stm32f4x7_eth.o(i.ETH_DMATxDescChecksumInsertionConfig)
    ETH_DeInit                               0x080009c5   Thumb Code    24  stm32f4x7_eth.o(i.ETH_DeInit)
    ETH_FlushTransmitFIFO                    0x080009e9   Thumb Code    12  stm32f4x7_eth.o(i.ETH_FlushTransmitFIFO)
    ETH_GetSoftwareResetStatus               0x08000ac9   Thumb Code    14  stm32f4x7_eth.o(i.ETH_GetSoftwareResetStatus)
    ETH_Get_Received_Frame                   0x08000add   Thumb Code    42  stm32f4x7_eth.o(i.ETH_Get_Received_Frame)
    ETH_Init                                 0x08000b0d   Thumb Code   502  stm32f4x7_eth.o(i.ETH_Init)
    ETH_MACAddressConfig                     0x08000d3d   Thumb Code    22  stm32f4x7_eth.o(i.ETH_MACAddressConfig)
    ETH_MACReceptionCmd                      0x08000dd1   Thumb Code    22  stm32f4x7_eth.o(i.ETH_MACReceptionCmd)
    ETH_MACTransmissionCmd                   0x08000ded   Thumb Code    22  stm32f4x7_eth.o(i.ETH_MACTransmissionCmd)
    ETH_Prepare_Transmit_Descriptors         0x08000e09   Thumb Code   176  stm32f4x7_eth.o(i.ETH_Prepare_Transmit_Descriptors)
    ETH_ReadPHYRegister                      0x08000ec1   Thumb Code    70  stm32f4x7_eth.o(i.ETH_ReadPHYRegister)
    ETH_SoftwareReset                        0x08000f11   Thumb Code    12  stm32f4x7_eth.o(i.ETH_SoftwareReset)
    ETH_Start                                0x08000f21   Thumb Code    34  stm32f4x7_eth.o(i.ETH_Start)
    ETH_StructInit                           0x08000f43   Thumb Code   136  stm32f4x7_eth.o(i.ETH_StructInit)
    ETH_WritePHYRegister                     0x08000fcd   Thumb Code    66  stm32f4x7_eth.o(i.ETH_WritePHYRegister)
    EXTI15_10_IRQHandler                     0x08001019   Thumb Code    34  stm32f4xx_it.o(i.EXTI15_10_IRQHandler)
    EXTI_ClearITPendingBit                   0x0800103d   Thumb Code     6  stm32f4xx_exti.o(i.EXTI_ClearITPendingBit)
    EXTI_GetITStatus                         0x08001049   Thumb Code    28  stm32f4xx_exti.o(i.EXTI_GetITStatus)
    EXTI_Init                                0x08001069   Thumb Code   108  stm32f4xx_exti.o(i.EXTI_Init)
    Eth_Link_EXTIConfig                      0x080010d9   Thumb Code   110  stm32f4x7_eth_bsp.o(i.Eth_Link_EXTIConfig)
    Eth_Link_ITHandler                       0x0800114d   Thumb Code   116  stm32f4x7_eth_bsp.o(i.Eth_Link_ITHandler)
    Eth_Link_PHYITConfig                     0x0800120d   Thumb Code    54  stm32f4x7_eth_bsp.o(i.Eth_Link_PHYITConfig)
    FSMC_NORSRAMCmd                          0x08001245   Thumb Code    28  stm32f4xx_fsmc.o(i.FSMC_NORSRAMCmd)
    FSMC_NORSRAMInit                         0x08001265   Thumb Code   192  stm32f4xx_fsmc.o(i.FSMC_NORSRAMInit)
    GPIO_Init                                0x08001325   Thumb Code   162  stm32f4xx_gpio.o(i.GPIO_Init)
    GPIO_PinAFConfig                         0x080013c7   Thumb Code    32  stm32f4xx_gpio.o(i.GPIO_PinAFConfig)
    HardFault_Handler                        0x080013e7   Thumb Code     2  stm32f4xx_it.o(i.HardFault_Handler)
    LCD_Clear                                0x080013e9   Thumb Code    40  stm324xg_eval_lcd.o(i.LCD_Clear)
    LCD_CtrlLinesConfig                      0x08001415   Thumb Code   318  stm324xg_eval_lcd.o(i.LCD_CtrlLinesConfig)
    LCD_DisplayChar                          0x08001561   Thumb Code    26  stm324xg_eval_lcd.o(i.LCD_DisplayChar)
    LCD_DisplayStringLine                    0x08001581   Thumb Code    52  stm324xg_eval_lcd.o(i.LCD_DisplayStringLine)
    LCD_DrawChar                             0x080015b9   Thumb Code   122  stm324xg_eval_lcd.o(i.LCD_DrawChar)
    LCD_FSMCConfig                           0x0800163d   Thumb Code    78  stm324xg_eval_lcd.o(i.LCD_FSMCConfig)
    LCD_GetFont                              0x0800168d   Thumb Code     6  stm324xg_eval_lcd.o(i.LCD_GetFont)
    LCD_LED_Init                             0x08001699   Thumb Code   114  main.o(i.LCD_LED_Init)
    LCD_ReadReg                              0x0800176d   Thumb Code    12  stm324xg_eval_lcd.o(i.LCD_ReadReg)
    LCD_SetBackColor                         0x0800177d   Thumb Code     6  stm324xg_eval_lcd.o(i.LCD_SetBackColor)
    LCD_SetCursor                            0x08001789   Thumb Code    24  stm324xg_eval_lcd.o(i.LCD_SetCursor)
    LCD_SetTextColor                         0x080017a1   Thumb Code     6  stm324xg_eval_lcd.o(i.LCD_SetTextColor)
    LCD_WriteReg                             0x080017ad   Thumb Code    12  stm324xg_eval_lcd.o(i.LCD_WriteReg)
    LEDS_CGI_Handler                         0x080017bd   Thumb Code   130  httpd_cgi_ssi.o(i.LEDS_CGI_Handler)
    LwIP_Init                                0x08001869   Thumb Code   136  netconf.o(i.LwIP_Init)
    LwIP_Periodic_Handle                     0x08001929   Thumb Code    44  netconf.o(i.LwIP_Periodic_Handle)
    LwIP_Pkt_Handle                          0x08001959   Thumb Code     6  netconf.o(i.LwIP_Pkt_Handle)
    MemManage_Handler                        0x08001965   Thumb Code     2  stm32f4xx_it.o(i.MemManage_Handler)
    NMI_Handler                              0x08001967   Thumb Code     2  stm32f4xx_it.o(i.NMI_Handler)
    NVIC_Init                                0x08001969   Thumb Code    92  misc.o(i.NVIC_Init)
    NVIC_PriorityGroupConfig                 0x080019cd   Thumb Code    10  misc.o(i.NVIC_PriorityGroupConfig)
    PendSV_Handler                           0x080019e1   Thumb Code     2  stm32f4xx_it.o(i.PendSV_Handler)
    RCC_AHB1PeriphClockCmd                   0x080019e5   Thumb Code    18  stm32f4xx_rcc.o(i.RCC_AHB1PeriphClockCmd)
    RCC_AHB1PeriphResetCmd                   0x080019fd   Thumb Code    18  stm32f4xx_rcc.o(i.RCC_AHB1PeriphResetCmd)
    RCC_AHB3PeriphClockCmd                   0x08001a15   Thumb Code    18  stm32f4xx_rcc.o(i.RCC_AHB3PeriphClockCmd)
    RCC_APB2PeriphClockCmd                   0x08001a2d   Thumb Code    18  stm32f4xx_rcc.o(i.RCC_APB2PeriphClockCmd)
    RCC_GetClocksFreq                        0x08001a45   Thumb Code   134  stm32f4xx_rcc.o(i.RCC_GetClocksFreq)
    RCC_MCO1Config                           0x08001ad9   Thumb Code    16  stm32f4xx_rcc.o(i.RCC_MCO1Config)
    STM324xG_LCD_Init                        0x08001aed   Thumb Code   656  stm324xg_eval_lcd.o(i.STM324xG_LCD_Init)
    STM_EVAL_LEDInit                         0x08001d85   Thumb Code    62  stm324xg_eval.o(i.STM_EVAL_LEDInit)
    STM_EVAL_LEDOff                          0x08001dcd   Thumb Code    16  stm324xg_eval.o(i.STM_EVAL_LEDOff)
    STM_EVAL_LEDOn                           0x08001de5   Thumb Code    16  stm324xg_eval.o(i.STM_EVAL_LEDOn)
    SVC_Handler                              0x08001dfd   Thumb Code     2  stm32f4xx_it.o(i.SVC_Handler)
    SYSCFG_ETH_MediaInterfaceConfig          0x08001e01   Thumb Code     6  stm32f4xx_syscfg.o(i.SYSCFG_ETH_MediaInterfaceConfig)
    SYSCFG_EXTILineConfig                    0x08001e0d   Thumb Code    34  stm32f4xx_syscfg.o(i.SYSCFG_EXTILineConfig)
    SysTick_CLKSourceConfig                  0x08001ed1   Thumb Code    24  misc.o(i.SysTick_CLKSourceConfig)
    SysTick_Handler                          0x08001ee9   Thumb Code     4  stm32f4xx_it.o(i.SysTick_Handler)
    SystemInit                               0x08001eed   Thumb Code    74  system_stm32f4xx.o(i.SystemInit)
    Time_Update                              0x08001f49   Thumb Code    10  main.o(i.Time_Update)
    UsageFault_Handler                       0x08001f59   Thumb Code     2  stm32f4xx_it.o(i.UsageFault_Handler)
    __0sprintf$1                             0x08001f5d   Thumb Code    34  printf1.o(i.__0sprintf$1)
    __1sprintf$1                             0x08001f5d   Thumb Code     0  printf1.o(i.__0sprintf$1)
    __2sprintf                               0x08001f5d   Thumb Code     0  printf1.o(i.__0sprintf$1)
    __scatterload_copy                       0x08001f85   Thumb Code    14  handlers.o(i.__scatterload_copy)
    __scatterload_null                       0x08001f93   Thumb Code     2  handlers.o(i.__scatterload_null)
    __scatterload_zeroinit                   0x08001f95   Thumb Code    14  handlers.o(i.__scatterload_zeroinit)
    autoip_arp_reply                         0x0800212d   Thumb Code   150  autoip.o(i.autoip_arp_reply)
    autoip_start                             0x080021c5   Thumb Code   140  autoip.o(i.autoip_start)
    delay_ms                                 0x080022a1   Thumb Code    28  stm324xg_eval_lcd.o(i.delay_ms)
    dhcp_arp_reply                           0x080022bd   Thumb Code    30  dhcp.o(i.dhcp_arp_reply)
    etharp_arp_input                         0x08002529   Thumb Code   250  etharp.o(i.etharp_arp_input)
    etharp_ip_input                          0x08002629   Thumb Code    44  etharp.o(i.etharp_ip_input)
    etharp_output                            0x08002655   Thumb Code   178  etharp.o(i.etharp_output)
    etharp_query                             0x0800270d   Thumb Code   252  etharp.o(i.etharp_query)
    etharp_raw                               0x0800280d   Thumb Code   178  etharp.o(i.etharp_raw)
    etharp_request                           0x080028c5   Thumb Code    32  etharp.o(i.etharp_request)
    etharp_tmr                               0x08002921   Thumb Code    80  etharp.o(i.etharp_tmr)
    ethernet_input                           0x08002975   Thumb Code    84  etharp.o(i.ethernet_input)
    ethernetif_init                          0x080029c9   Thumb Code    30  ethernetif.o(i.ethernetif_init)
    ethernetif_input                         0x080029f1   Thumb Code    38  ethernetif.o(i.ethernetif_input)
    fs_bytes_left                            0x08002bf3   Thumb Code     8  fs.o(i.fs_bytes_left)
    fs_close                                 0x08002bfb   Thumb Code     4  fs.o(i.fs_close)
    fs_open                                  0x08002c2d   Thumb Code   100  fs.o(i.fs_open)
    fs_read                                  0x08002c99   Thumb Code    50  fs.o(i.fs_read)
    htonl                                    0x08002d7d   Thumb Code     4  inet.o(i.htonl)
    htons                                    0x08002d81   Thumb Code     6  inet.o(i.htons)
    http_set_cgi_handlers                    0x08003535   Thumb Code     8  httpd.o(i.http_set_cgi_handlers)
    http_set_ssi_handler                     0x08003541   Thumb Code    10  httpd.o(i.http_set_ssi_handler)
    httpd_cgi_init                           0x080035b5   Thumb Code    20  httpd_cgi_ssi.o(i.httpd_cgi_init)
    httpd_init                               0x080035d1   Thumb Code    62  httpd.o(i.httpd_init)
    httpd_ssi_init                           0x08003619   Thumb Code    12  httpd_cgi_ssi.o(i.httpd_ssi_init)
    icmp_dest_unreach                        0x0800362d   Thumb Code     8  icmp.o(i.icmp_dest_unreach)
    icmp_input                               0x08003635   Thumb Code   276  icmp.o(i.icmp_input)
    icmp_time_exceeded                       0x080037af   Thumb Code     8  icmp.o(i.icmp_time_exceeded)
    inet_chksum                              0x080037b7   Thumb Code    12  inet_chksum.o(i.inet_chksum)
    inet_chksum_pbuf                         0x080037c3   Thumb Code    72  inet_chksum.o(i.inet_chksum_pbuf)
    ip_addr_isbroadcast                      0x0800380b   Thumb Code    48  ip_addr.o(i.ip_addr_isbroadcast)
    ip_frag                                  0x0800383d   Thumb Code   294  ip_frag.o(i.ip_frag)
    ip_input                                 0x08003969   Thumb Code   386  ip.o(i.ip_input)
    ip_output                                0x08003af5   Thumb Code    52  ip.o(i.ip_output)
    ip_output_if                             0x08003b29   Thumb Code   200  ip.o(i.ip_output_if)
    ip_reass                                 0x08003bf5   Thumb Code   416  ip_frag.o(i.ip_reass)
    ip_route                                 0x08003f89   Thumb Code    62  ip.o(i.ip_route)
    main                                     0x08004131   Thumb Code    38  main.o(i.main)
    mem_free                                 0x0800415d   Thumb Code    38  mem.o(i.mem_free)
    mem_init                                 0x08004189   Thumb Code    44  mem.o(i.mem_init)
    mem_malloc                               0x080041bd   Thumb Code   164  mem.o(i.mem_malloc)
    mem_realloc                              0x08004265   Thumb Code   190  mem.o(i.mem_realloc)
    memp_free                                0x08004329   Thumb Code    18  memp.o(i.memp_free)
    memp_init                                0x08004341   Thumb Code    78  memp.o(i.memp_init)
    memp_malloc                              0x08004399   Thumb Code    28  memp.o(i.memp_malloc)
    netif_add                                0x080043b9   Thumb Code    70  netif.o(i.netif_add)
    netif_is_up                              0x08004405   Thumb Code    10  netif.o(i.netif_is_up)
    netif_set_addr                           0x0800440f   Thumb Code    32  netif.o(i.netif_set_addr)
    netif_set_default                        0x08004431   Thumb Code     6  netif.o(i.netif_set_default)
    netif_set_down                           0x0800443d   Thumb Code    18  netif.o(i.netif_set_down)
    netif_set_gw                             0x0800444f   Thumb Code     8  netif.o(i.netif_set_gw)
    netif_set_ipaddr                         0x08004459   Thumb Code    96  netif.o(i.netif_set_ipaddr)
    netif_set_netmask                        0x080044c1   Thumb Code     8  netif.o(i.netif_set_netmask)
    netif_set_up                             0x080044c9   Thumb Code    28  netif.o(i.netif_set_up)
    ntohl                                    0x080044e5   Thumb Code     4  inet.o(i.ntohl)
    ntohs                                    0x080044e9   Thumb Code     6  inet.o(i.ntohs)
    pbuf_alloc                               0x080044ef   Thumb Code   272  pbuf.o(i.pbuf_alloc)
    pbuf_cat                                 0x080045ff   Thumb Code    40  pbuf.o(i.pbuf_cat)
    pbuf_chain                               0x08004627   Thumb Code    18  pbuf.o(i.pbuf_chain)
    pbuf_clen                                0x08004639   Thumb Code    18  pbuf.o(i.pbuf_clen)
    pbuf_copy                                0x0800464b   Thumb Code   144  pbuf.o(i.pbuf_copy)
    pbuf_copy_partial                        0x080046db   Thumb Code   104  pbuf.o(i.pbuf_copy_partial)
    pbuf_free                                0x08004743   Thumb Code    68  pbuf.o(i.pbuf_free)
    pbuf_header                              0x08004787   Thumb Code    96  pbuf.o(i.pbuf_header)
    pbuf_realloc                             0x080047e7   Thumb Code    78  pbuf.o(i.pbuf_realloc)
    pbuf_ref                                 0x08004835   Thumb Code    12  pbuf.o(i.pbuf_ref)
    raw_input                                0x08004895   Thumb Code   100  raw.o(i.raw_input)
    tcp_abandon                              0x0800493d   Thumb Code   144  tcp.o(i.tcp_abandon)
    tcp_accept                               0x080049d1   Thumb Code     4  tcp.o(i.tcp_accept)
    tcp_alloc                                0x080049dd   Thumb Code   234  tcp.o(i.tcp_alloc)
    tcp_arg                                  0x08004ad5   Thumb Code     4  tcp.o(i.tcp_arg)
    tcp_bind                                 0x08004ad9   Thumb Code   182  tcp.o(i.tcp_bind)
    tcp_close                                0x08004b95   Thumb Code   154  tcp.o(i.tcp_close)
    tcp_eff_send_mss                         0x08004c35   Thumb Code    32  tcp.o(i.tcp_eff_send_mss)
    tcp_enqueue                              0x08004c55   Thumb Code   830  tcp_out.o(i.tcp_enqueue)
    tcp_err                                  0x08004f93   Thumb Code     6  tcp.o(i.tcp_err)
    tcp_fasttmr                              0x08004f99   Thumb Code    86  tcp.o(i.tcp_fasttmr)
    tcp_input                                0x08004ff5   Thumb Code   732  tcp_in.o(i.tcp_input)
    tcp_keepalive                            0x080052e5   Thumb Code    70  tcp_out.o(i.tcp_keepalive)
    tcp_listen_with_backlog                  0x08005415   Thumb Code   118  tcp.o(i.tcp_listen_with_backlog)
    tcp_new                                  0x08005495   Thumb Code     6  tcp.o(i.tcp_new)
    tcp_next_iss                             0x080054fd   Thumb Code    12  tcp.o(i.tcp_next_iss)
    tcp_output                               0x0800550d   Thumb Code   424  tcp_out.o(i.tcp_output)
    tcp_pcb_purge                            0x08005869   Thumb Code    48  tcp.o(i.tcp_pcb_purge)
    tcp_pcb_remove                           0x08005899   Thumb Code    86  tcp.o(i.tcp_pcb_remove)
    tcp_poll                                 0x080058f5   Thumb Code    10  tcp.o(i.tcp_poll)
    tcp_recv                                 0x0800608d   Thumb Code     6  tcp.o(i.tcp_recv)
    tcp_recv_null                            0x08006093   Thumb Code    36  tcp.o(i.tcp_recv_null)
    tcp_recved                               0x080060b7   Thumb Code    60  tcp.o(i.tcp_recved)
    tcp_rexmit                               0x080060f3   Thumb Code    72  tcp_out.o(i.tcp_rexmit)
    tcp_rexmit_fast                          0x0800613b   Thumb Code    90  tcp_out.o(i.tcp_rexmit_fast)
    tcp_rexmit_rto                           0x08006195   Thumb Code    46  tcp_out.o(i.tcp_rexmit_rto)
    tcp_rst                                  0x080061c3   Thumb Code   156  tcp_out.o(i.tcp_rst)
    tcp_seg_free                             0x0800625f   Thumb Code    32  tcp.o(i.tcp_seg_free)
    tcp_segs_free                            0x0800627f   Thumb Code    26  tcp.o(i.tcp_segs_free)
    tcp_send_ctrl                            0x08006299   Thumb Code    22  tcp_out.o(i.tcp_send_ctrl)
    tcp_send_empty_ack                       0x080062af   Thumb Code    86  tcp_out.o(i.tcp_send_empty_ack)
    tcp_sent                                 0x08006305   Thumb Code     6  tcp.o(i.tcp_sent)
    tcp_setprio                              0x0800630b   Thumb Code     4  tcp.o(i.tcp_setprio)
    tcp_slowtmr                              0x08006311   Thumb Code   546  tcp.o(i.tcp_slowtmr)
    tcp_tmr                                  0x080065b1   Thumb Code    28  tcp.o(i.tcp_tmr)
    tcp_update_rcv_ann_wnd                   0x080065d1   Thumb Code    52  tcp.o(i.tcp_update_rcv_ann_wnd)
    tcp_write                                0x08006605   Thumb Code    46  tcp_out.o(i.tcp_write)
    tcp_zero_window_probe                    0x08006633   Thumb Code   144  tcp_out.o(i.tcp_zero_window_probe)
    udp_bind                                 0x080066c5   Thumb Code    86  udp.o(i.udp_bind)
    udp_input                                0x08006721   Thumb Code   396  udp.o(i.udp_input)
    udp_sendto_if                            0x080068b1   Thumb Code   176  udp.o(i.udp_sendto_if)
    file__STM32F4x7_files_logo_jpg           0x080135ec   Data          20  fs.o(.constdata)
    file__STM32F4x7_files_ST_gif             0x08013600   Data          20  fs.o(.constdata)
    file__STM32F4x7_files_stm32_jpg          0x08013614   Data          20  fs.o(.constdata)
    file__404_html                           0x08013628   Data          20  fs.o(.constdata)
    file__index_html                         0x0801363c   Data          20  fs.o(.constdata)
    file__STM32F4x7ADC_shtml                 0x08013650   Data          20  fs.o(.constdata)
    file__STM32F4x7LED_html                  0x08013664   Data          20  fs.o(.constdata)
    LEDS_CGI                                 0x08013678   Data           8  httpd_cgi_ssi.o(.constdata)
    g_pcTagLeadIn                            0x08013680   Data           4  httpd.o(.constdata)
    g_pcTagLeadOut                           0x08013684   Data           4  httpd.o(.constdata)
    g_psDefaultFilenames                     0x08013688   Data          40  httpd.o(.constdata)
    tcp_persist_backoff                      0x080136d4   Data           7  tcp.o(.constdata)
    tcp_backoff                              0x080136db   Data          13  tcp.o(.constdata)
    ip_addr_any                              0x080136e8   Data           4  ip_addr.o(.constdata)
    ip_addr_broadcast                        0x080136ec   Data           4  ip_addr.o(.constdata)
    ethbroadcast                             0x080136f0   Data           6  etharp.o(.constdata)
    ethzero                                  0x080136f6   Data           6  etharp.o(.constdata)
    ASCII16x24_Table                         0x080136fc   Data        4560  stm324xg_eval_lcd.o(.constdata)
    COM_TX_PIN                               0x080148cc   Data           2  stm324xg_eval.o(.constdata)
    COM_RX_PIN                               0x080148ce   Data           2  stm324xg_eval.o(.constdata)
    COM_TX_PIN_SOURCE                        0x080148d0   Data           2  stm324xg_eval.o(.constdata)
    COM_RX_PIN_SOURCE                        0x080148d2   Data           2  stm324xg_eval.o(.constdata)
    COM_TX_AF                                0x080148d4   Data           2  stm324xg_eval.o(.constdata)
    COM_RX_AF                                0x080148d6   Data           2  stm324xg_eval.o(.constdata)
    COM_USART_CLK                            0x080148d8   Data           4  stm324xg_eval.o(.constdata)
    COM_TX_PORT_CLK                          0x080148dc   Data           4  stm324xg_eval.o(.constdata)
    COM_RX_PORT_CLK                          0x080148e0   Data           4  stm324xg_eval.o(.constdata)
    BUTTON_PIN                               0x080148e4   Data           6  stm324xg_eval.o(.constdata)
    BUTTON_EXTI_LINE                         0x080148ea   Data           6  stm324xg_eval.o(.constdata)
    BUTTON_PORT_SOURCE                       0x080148f0   Data           6  stm324xg_eval.o(.constdata)
    BUTTON_PIN_SOURCE                        0x080148f6   Data           6  stm324xg_eval.o(.constdata)
    BUTTON_IRQn                              0x080148fc   Data           6  stm324xg_eval.o(.constdata)
    GPIO_PIN                                 0x08014902   Data           8  stm324xg_eval.o(.constdata)
    GPIO_CLK                                 0x0801490c   Data          16  stm324xg_eval.o(.constdata)
    BUTTON_CLK                               0x0801491c   Data          12  stm324xg_eval.o(.constdata)
    Region$$Table$$Base                      0x080149e8   Number         0  anon$$obj.o(Region$$Table)
    Region$$Table$$Limit                     0x08014a08   Number         0  anon$$obj.o(Region$$Table)
    LocalTime                                0x20000000   Data           4  main.o(.data)
    timingdelay                              0x20000004   Data           4  main.o(.data)
    TCPTimer                                 0x20000008   Data           4  netconf.o(.data)
    ARPTimer                                 0x2000000c   Data           4  netconf.o(.data)
    EthLinkStatus                            0x20000010   Data           1  stm32f4x7_eth_bsp.o(.data)
    EthInitStatus                            0x20000014   Data           4  stm32f4x7_eth_bsp.o(.data)
    ADC_not_configured                       0x20000018   Data           4  httpd_cgi_ssi.o(.data)
    TAGS                                     0x2000001c   Data           4  httpd_cgi_ssi.o(.data)
    CGI_TAB                                  0x20000020   Data           8  httpd_cgi_ssi.o(.data)
    TAGCHAR                                  0x20000028   Data           4  httpd_cgi_ssi.o(.data)
    g_pfnSSIHandler                          0x2000002c   Data           4  httpd.o(.data)
    g_iNumTags                               0x20000030   Data           4  httpd.o(.data)
    g_ppcTags                                0x20000034   Data           4  httpd.o(.data)
    g_pCGIs                                  0x20000038   Data           4  httpd.o(.data)
    g_iNumCGIs                               0x2000003c   Data           4  httpd.o(.data)
    g_pcSSIExtensions                        0x20000040   Data          16  httpd.o(.data)
    netif_list                               0x20000068   Data           4  netif.o(.data)
    netif_default                            0x2000006c   Data           4  netif.o(.data)
    tcp_ticks                                0x2000007c   Data           4  tcp.o(.data)
    tcp_bound_pcbs                           0x20000080   Data           4  tcp.o(.data)
    tcp_listen_pcbs                          0x20000084   Data           4  tcp.o(.data)
    tcp_active_pcbs                          0x20000088   Data           4  tcp.o(.data)
    tcp_tw_pcbs                              0x2000008c   Data           4  tcp.o(.data)
    tcp_tmp_pcb                              0x20000090   Data           4  tcp.o(.data)
    tcp_state_str                            0x20000094   Data          44  tcp.o(.data)
    tcp_input_pcb                            0x200000d8   Data           4  tcp_in.o(.data)
    udp_pcbs                                 0x200000dc   Data           4  udp.o(.data)
    current_netif                            0x200000e4   Data           4  ip.o(.data)
    current_header                           0x200000e8   Data           4  ip.o(.data)
    DMATxDescToSet                           0x20000108   Data           4  stm32f4x7_eth.o(.data)
    DMARxDescToGet                           0x2000010c   Data           4  stm32f4x7_eth.o(.data)
    DMA_RX_FRAME_infos                       0x20000110   Data           4  stm32f4x7_eth.o(.data)
    TextColor                                0x20000114   Data           2  stm324xg_eval_lcd.o(.data)
    BackColor                                0x20000116   Data           2  stm324xg_eval_lcd.o(.data)
    lcdid                                    0x20000118   Data           4  stm324xg_eval_lcd.o(.data)
    Font16x24                                0x20000120   Data           8  stm324xg_eval_lcd.o(.data)
    COM_USART                                0x20000128   Data           4  stm324xg_eval.o(.data)
    COM_TX_PORT                              0x2000012c   Data           4  stm324xg_eval.o(.data)
    COM_RX_PORT                              0x20000130   Data           4  stm324xg_eval.o(.data)
    NVIC_InitStructure                       0x20000134   Data           4  stm324xg_eval.o(.data)
    GPIO_PORT                                0x20000138   Data          16  stm324xg_eval.o(.data)
    BUTTON_PORT                              0x20000148   Data          12  stm324xg_eval.o(.data)
    netif                                    0x20000154   Data          56  netconf.o(.bss)
    fs_memory                                0x2000018c   Data         240  fs.o(.bss)
    DMARxDscrTab                             0x20005984   Data         128  stm32f4x7_eth.o(.bss)
    DMATxDscrTab                             0x20005a04   Data          64  stm32f4x7_eth.o(.bss)
    Rx_Buff                                  0x20005a44   Data        6096  stm32f4x7_eth.o(.bss)
    Tx_Buff                                  0x20007214   Data        3048  stm32f4x7_eth.o(.bss)
    RX_Frame_Descriptor                      0x20007dfc   Data          12  stm32f4x7_eth.o(.bss)
    __initial_sp                             0x20008208   Data           0  startup_stm32f4xx.o(STACK)



==============================================================================

Memory Map of the image

  Image Entry point : 0x08000189

  Load Region LR_IROM1 (Base: 0x08000000, Size: 0x00014b5c, Max: 0x00100000, ABSOLUTE, COMPRESSED[0x00014a78])

    Execution Region ER_IROM1 (Base: 0x08000000, Size: 0x00014a08, Max: 0x00100000, ABSOLUTE)

    Base Addr    Size         Type   Attr      Idx    E Section Name        Object

    0x08000000   0x00000188   Data   RO          139    RESET               startup_stm32f4xx.o
    0x08000188   0x00000000   Code   RO         4760  * .ARM.Collect$$$$00000000  mc_w.l(entry.o)
    0x08000188   0x00000004   Code   RO         5054    .ARM.Collect$$$$00000001  mc_w.l(entry2.o)
    0x0800018c   0x00000004   Code   RO         5057    .ARM.Collect$$$$00000004  mc_w.l(entry5.o)
    0x08000190   0x00000000   Code   RO         5059    .ARM.Collect$$$$00000008  mc_w.l(entry7b.o)
    0x08000190   0x00000008   Code   RO         5060    .ARM.Collect$$$$00000009  mc_w.l(entry8.o)
    0x08000198   0x00000004   Code   RO         5055    .ARM.Collect$$$$00002712  mc_w.l(entry2.o)
    0x0800019c   0x00000024   Code   RO          140    .text               startup_stm32f4xx.o
    0x080001c0   0x00000024   Code   RO         4763    .text               mc_w.l(memcpya.o)
    0x080001e4   0x00000024   Code   RO         4765    .text               mc_w.l(memseta.o)
    0x08000208   0x0000002c   Code   RO         4767    .text               mc_w.l(strstr.o)
    0x08000234   0x00000012   Code   RO         4769    .text               mc_w.l(strchr.o)
    0x08000246   0x00000010   Code   RO         4771    .text               mc_w.l(strlen.o)
    0x08000256   0x0000001c   Code   RO         4773    .text               mc_w.l(strcmp.o)
    0x08000272   0x0000001a   Code   RO         4775    .text               mc_w.l(memcmp.o)
    0x0800028c   0x0000001e   Code   RO         4777    .text               mc_w.l(strncmp.o)
    0x080002aa   0x000000e4   Code   RO         5042    .text               mf_w.l(dmul.o)
    0x0800038e   0x0000001a   Code   RO         5046    .text               mf_w.l(dfltui.o)
    0x080003a8   0x00000032   Code   RO         5048    .text               mf_w.l(dfixui.o)
    0x080003da   0x0000002c   Code   RO         5064    .text               mc_w.l(uidiv.o)
    0x08000406   0x00000020   Code   RO         5068    .text               mc_w.l(llushr.o)
    0x08000426   0x00000000   Code   RO         5070    .text               mc_w.l(iusefp.o)
    0x08000426   0x000000be   Code   RO         5071    .text               mf_w.l(depilogue.o)
    0x080004e4   0x00000024   Code   RO         5079    .text               mc_w.l(init.o)
    0x08000508   0x0000001e   Code   RO         5082    .text               mc_w.l(llshl.o)
    0x08000526   0x0000005c   Code   RO         5095    .text               mc_w.l(__dczerorl2.o)
    0x08000582   0x00000014   Code   RO         2362    i.ADC_Cmd           stm32f4xx_adc.o
    0x08000596   0x00000002   PAD
    0x08000598   0x00000028   Code   RO         2363    i.ADC_CommonInit    stm32f4xx_adc.o
    0x080005c0   0x00000084   Code   RO          531    i.ADC_Configuration  httpd_cgi_ssi.o
    0x08000644   0x00000006   Code   RO         2374    i.ADC_GetConversionValue  stm32f4xx_adc.o
    0x0800064a   0x00000002   PAD
    0x0800064c   0x0000009c   Code   RO          532    i.ADC_Handler       httpd_cgi_ssi.o
    0x080006e8   0x0000004c   Code   RO         2382    i.ADC_Init          stm32f4xx_adc.o
    0x08000734   0x00000074   Code   RO         2387    i.ADC_RegularChannelConfig  stm32f4xx_adc.o
    0x080007a8   0x0000000a   Code   RO         2389    i.ADC_SoftwareStartConv  stm32f4xx_adc.o
    0x080007b2   0x00000014   Code   RO         2391    i.ADC_StructInit    stm32f4xx_adc.o
    0x080007c6   0x00000002   Code   RO          384    i.BusFault_Handler  stm32f4xx_it.o
    0x080007c8   0x00000002   Code   RO          385    i.DebugMon_Handler  stm32f4xx_it.o
    0x080007ca   0x00000002   PAD
    0x080007cc   0x000000b4   Code   RO          333    i.ETH_BSP_Config    stm32f4x7_eth_bsp.o
    0x08000880   0x00000064   Code   RO         3905    i.ETH_CheckFrameReceived  stm32f4x7_eth.o
    0x080008e4   0x0000001c   Code   RO         3909    i.ETH_DMAReceptionCmd  stm32f4x7_eth.o
    0x08000900   0x00000058   Code   RO         3910    i.ETH_DMARxDescChainInit  stm32f4x7_eth.o
    0x08000958   0x0000001c   Code   RO         3912    i.ETH_DMATransmissionCmd  stm32f4x7_eth.o
    0x08000974   0x00000048   Code   RO         3915    i.ETH_DMATxDescChainInit  stm32f4x7_eth.o
    0x080009bc   0x00000008   Code   RO         3916    i.ETH_DMATxDescChecksumInsertionConfig  stm32f4x7_eth.o
    0x080009c4   0x00000018   Code   RO         3921    i.ETH_DeInit        stm32f4x7_eth.o
    0x080009dc   0x0000000a   Code   RO         3922    i.ETH_Delay         stm32f4x7_eth.o
    0x080009e6   0x00000002   PAD
    0x080009e8   0x00000010   Code   RO         3924    i.ETH_FlushTransmitFIFO  stm32f4x7_eth.o
    0x080009f8   0x000000d0   Code   RO          334    i.ETH_GPIO_Config   stm32f4x7_eth_bsp.o
    0x08000ac8   0x00000014   Code   RO         3950    i.ETH_GetSoftwareResetStatus  stm32f4x7_eth.o
    0x08000adc   0x00000030   Code   RO         3952    i.ETH_Get_Received_Frame  stm32f4x7_eth.o
    0x08000b0c   0x00000230   Code   RO         3955    i.ETH_Init          stm32f4x7_eth.o
    0x08000d3c   0x0000001c   Code   RO         3957    i.ETH_MACAddressConfig  stm32f4x7_eth.o
    0x08000d58   0x00000078   Code   RO          335    i.ETH_MACDMA_Config  stm32f4x7_eth_bsp.o
    0x08000dd0   0x0000001c   Code   RO         3962    i.ETH_MACReceptionCmd  stm32f4x7_eth.o
    0x08000dec   0x0000001c   Code   RO         3963    i.ETH_MACTransmissionCmd  stm32f4x7_eth.o
    0x08000e08   0x000000b8   Code   RO         3974    i.ETH_Prepare_Transmit_Descriptors  stm32f4x7_eth.o
    0x08000ec0   0x00000050   Code   RO         3975    i.ETH_ReadPHYRegister  stm32f4x7_eth.o
    0x08000f10   0x00000010   Code   RO         3983    i.ETH_SoftwareReset  stm32f4x7_eth.o
    0x08000f20   0x00000022   Code   RO         3984    i.ETH_Start         stm32f4x7_eth.o
    0x08000f42   0x00000088   Code   RO         3985    i.ETH_StructInit    stm32f4x7_eth.o
    0x08000fca   0x00000002   PAD
    0x08000fcc   0x0000004c   Code   RO         3987    i.ETH_WritePHYRegister  stm32f4x7_eth.o
    0x08001018   0x00000022   Code   RO          386    i.EXTI15_10_IRQHandler  stm32f4xx_it.o
    0x0800103a   0x00000002   PAD
    0x0800103c   0x0000000c   Code   RO         2719    i.EXTI_ClearITPendingBit  stm32f4xx_exti.o
    0x08001048   0x00000020   Code   RO         2723    i.EXTI_GetITStatus  stm32f4xx_exti.o
    0x08001068   0x00000070   Code   RO         2724    i.EXTI_Init         stm32f4xx_exti.o
    0x080010d8   0x00000074   Code   RO          336    i.Eth_Link_EXTIConfig  stm32f4x7_eth_bsp.o
    0x0800114c   0x000000c0   Code   RO          337    i.Eth_Link_ITHandler  stm32f4x7_eth_bsp.o
    0x0800120c   0x00000036   Code   RO          338    i.Eth_Link_PHYITConfig  stm32f4x7_eth_bsp.o
    0x08001242   0x00000002   PAD
    0x08001244   0x00000020   Code   RO         2977    i.FSMC_NORSRAMCmd   stm32f4xx_fsmc.o
    0x08001264   0x000000c0   Code   RO         2979    i.FSMC_NORSRAMInit  stm32f4xx_fsmc.o
    0x08001324   0x000000a2   Code   RO         3091    i.GPIO_Init         stm32f4xx_gpio.o
    0x080013c6   0x00000020   Code   RO         3092    i.GPIO_PinAFConfig  stm32f4xx_gpio.o
    0x080013e6   0x00000002   Code   RO          387    i.HardFault_Handler  stm32f4xx_it.o
    0x080013e8   0x0000002c   Code   RO         4424    i.LCD_Clear         stm324xg_eval_lcd.o
    0x08001414   0x0000014c   Code   RO         4428    i.LCD_CtrlLinesConfig  stm324xg_eval_lcd.o
    0x08001560   0x00000020   Code   RO         4430    i.LCD_DisplayChar   stm324xg_eval_lcd.o
    0x08001580   0x00000038   Code   RO         4431    i.LCD_DisplayStringLine  stm324xg_eval_lcd.o
    0x080015b8   0x00000084   Code   RO         4432    i.LCD_DrawChar      stm324xg_eval_lcd.o
    0x0800163c   0x0000004e   Code   RO         4440    i.LCD_FSMCConfig    stm324xg_eval_lcd.o
    0x0800168a   0x00000002   PAD
    0x0800168c   0x0000000c   Code   RO         4443    i.LCD_GetFont       stm324xg_eval_lcd.o
    0x08001698   0x000000d4   Code   RO          146    i.LCD_LED_Init      main.o
    0x0800176c   0x00000010   Code   RO         4448    i.LCD_ReadReg       stm324xg_eval_lcd.o
    0x0800177c   0x0000000c   Code   RO         4449    i.LCD_SetBackColor  stm324xg_eval_lcd.o
    0x08001788   0x00000018   Code   RO         4451    i.LCD_SetCursor     stm324xg_eval_lcd.o
    0x080017a0   0x0000000c   Code   RO         4453    i.LCD_SetTextColor  stm324xg_eval_lcd.o
    0x080017ac   0x00000010   Code   RO         4457    i.LCD_WriteReg      stm324xg_eval_lcd.o
    0x080017bc   0x000000ac   Code   RO          533    i.LEDS_CGI_Handler  httpd_cgi_ssi.o
    0x08001868   0x000000c0   Code   RO          249    i.LwIP_Init         netconf.o
    0x08001928   0x00000030   Code   RO          250    i.LwIP_Periodic_Handle  netconf.o
    0x08001958   0x0000000c   Code   RO          251    i.LwIP_Pkt_Handle   netconf.o
    0x08001964   0x00000002   Code   RO          388    i.MemManage_Handler  stm32f4xx_it.o
    0x08001966   0x00000002   Code   RO          389    i.NMI_Handler       stm32f4xx_it.o
    0x08001968   0x00000064   Code   RO         2316    i.NVIC_Init         misc.o
    0x080019cc   0x00000014   Code   RO         2317    i.NVIC_PriorityGroupConfig  misc.o
    0x080019e0   0x00000002   Code   RO          390    i.PendSV_Handler    stm32f4xx_it.o
    0x080019e2   0x00000002   PAD
    0x080019e4   0x00000018   Code   RO         3184    i.RCC_AHB1PeriphClockCmd  stm32f4xx_rcc.o
    0x080019fc   0x00000018   Code   RO         3186    i.RCC_AHB1PeriphResetCmd  stm32f4xx_rcc.o
    0x08001a14   0x00000018   Code   RO         3190    i.RCC_AHB3PeriphClockCmd  stm32f4xx_rcc.o
    0x08001a2c   0x00000018   Code   RO         3196    i.RCC_APB2PeriphClockCmd  stm32f4xx_rcc.o
    0x08001a44   0x00000094   Code   RO         3205    i.RCC_GetClocksFreq  stm32f4xx_rcc.o
    0x08001ad8   0x00000014   Code   RO         3216    i.RCC_MCO1Config    stm32f4xx_rcc.o
    0x08001aec   0x00000298   Code   RO         4459    i.STM324xG_LCD_Init  stm324xg_eval_lcd.o
    0x08001d84   0x00000048   Code   RO         4667    i.STM_EVAL_LEDInit  stm324xg_eval.o
    0x08001dcc   0x00000018   Code   RO         4668    i.STM_EVAL_LEDOff   stm324xg_eval.o
    0x08001de4   0x00000018   Code   RO         4669    i.STM_EVAL_LEDOn    stm324xg_eval.o
    0x08001dfc   0x00000002   Code   RO          391    i.SVC_Handler       stm32f4xx_it.o
    0x08001dfe   0x00000002   PAD
    0x08001e00   0x0000000c   Code   RO         3652    i.SYSCFG_ETH_MediaInterfaceConfig  stm32f4xx_syscfg.o
    0x08001e0c   0x00000028   Code   RO         3653    i.SYSCFG_EXTILineConfig  stm32f4xx_syscfg.o
    0x08001e34   0x0000009c   Code   RO            2    i.SetSysClock       system_stm32f4xx.o
    0x08001ed0   0x00000018   Code   RO         2320    i.SysTick_CLKSourceConfig  misc.o
    0x08001ee8   0x00000004   Code   RO          392    i.SysTick_Handler   stm32f4xx_it.o
    0x08001eec   0x0000005c   Code   RO            4    i.SystemInit        system_stm32f4xx.o
    0x08001f48   0x00000010   Code   RO          147    i.Time_Update       main.o
    0x08001f58   0x00000002   Code   RO          393    i.UsageFault_Handler  stm32f4xx_it.o
    0x08001f5a   0x00000002   PAD
    0x08001f5c   0x00000028   Code   RO         4828    i.__0sprintf$1      mc_w.l(printf1.o)
    0x08001f84   0x0000000e   Code   RO         5089    i.__scatterload_copy  mc_w.l(handlers.o)
    0x08001f92   0x00000002   Code   RO         5090    i.__scatterload_null  mc_w.l(handlers.o)
    0x08001f94   0x0000000e   Code   RO         5091    i.__scatterload_zeroinit  mc_w.l(handlers.o)
    0x08001fa2   0x00000002   PAD
    0x08001fa4   0x00000154   Code   RO         4833    i._printf_core      mc_w.l(printf1.o)
    0x080020f8   0x0000000a   Code   RO         4835    i._sputc            mc_w.l(printf1.o)
    0x08002102   0x00000002   PAD
    0x08002104   0x00000028   Code   RO         1710    i.autoip_arp_announce  autoip.o
    0x0800212c   0x00000096   Code   RO         1711    i.autoip_arp_reply  autoip.o
    0x080021c2   0x00000002   PAD
    0x080021c4   0x00000098   Code   RO         1714    i.autoip_start      autoip.o
    0x0800225c   0x00000044   Code   RO         1715    i.autoip_start_probing  autoip.o
    0x080022a0   0x0000001c   Code   RO         4460    i.delay_ms          stm324xg_eval_lcd.o
    0x080022bc   0x0000001e   Code   RO          762    i.dhcp_arp_reply    dhcp.o
    0x080022da   0x00000002   PAD
    0x080022dc   0x00000104   Code   RO          766    i.dhcp_create_request  dhcp.o
    0x080023e0   0x0000007c   Code   RO          767    i.dhcp_decline      dhcp.o
    0x0800245c   0x0000001c   Code   RO          768    i.dhcp_delete_request  dhcp.o
    0x08002478   0x00000020   Code   RO          777    i.dhcp_option       dhcp.o
    0x08002498   0x00000010   Code   RO          778    i.dhcp_option_byte  dhcp.o
    0x080024a8   0x00000042   Code   RO          779    i.dhcp_option_long  dhcp.o
    0x080024ea   0x00000030   Code   RO          781    i.dhcp_option_trailer  dhcp.o
    0x0800251a   0x0000000e   Code   RO          788    i.dhcp_set_state    dhcp.o
    0x08002528   0x00000100   Code   RO         1991    i.etharp_arp_input  etharp.o
    0x08002628   0x0000002c   Code   RO         1993    i.etharp_ip_input   etharp.o
    0x08002654   0x000000b8   Code   RO         1994    i.etharp_output     etharp.o
    0x0800270c   0x00000100   Code   RO         1995    i.etharp_query      etharp.o
    0x0800280c   0x000000b8   Code   RO         1996    i.etharp_raw        etharp.o
    0x080028c4   0x00000024   Code   RO         1997    i.etharp_request    etharp.o
    0x080028e8   0x00000036   Code   RO         1998    i.etharp_send_ip    etharp.o
    0x0800291e   0x00000002   PAD
    0x08002920   0x00000054   Code   RO         1999    i.etharp_tmr        etharp.o
    0x08002974   0x00000054   Code   RO         2000    i.ethernet_input    etharp.o
    0x080029c8   0x00000028   Code   RO         2094    i.ethernetif_init   ethernetif.o
    0x080029f0   0x00000026   Code   RO         2095    i.ethernetif_input  ethernetif.o
    0x08002a16   0x00000002   PAD
    0x08002a18   0x0000006a   Code   RO          592    i.extract_uri_parameters  httpd.o
    0x08002a82   0x00000002   PAD
    0x08002a84   0x00000150   Code   RO         2001    i.find_entry        etharp.o
    0x08002bd4   0x0000001e   Code   RO         2002    i.free_etharp_q     etharp.o
    0x08002bf2   0x00000008   Code   RO          456    i.fs_bytes_left     fs.o
    0x08002bfa   0x00000004   Code   RO          457    i.fs_close          fs.o
    0x08002bfe   0x00000002   PAD
    0x08002c00   0x0000002c   Code   RO          458    i.fs_free           fs.o
    0x08002c2c   0x0000006c   Code   RO          459    i.fs_open           fs.o
    0x08002c98   0x00000032   Code   RO          460    i.fs_read           fs.o
    0x08002cca   0x00000002   PAD
    0x08002ccc   0x000000b0   Code   RO          593    i.get_tag_insert    httpd.o
    0x08002d7c   0x00000004   Code   RO         1797    i.htonl             inet.o
    0x08002d80   0x00000006   Code   RO         1798    i.htons             inet.o
    0x08002d86   0x00000002   PAD
    0x08002d88   0x00000064   Code   RO          594    i.http_accept       httpd.o
    0x08002dec   0x00000054   Code   RO          595    i.http_close_conn   httpd.o
    0x08002e40   0x0000000a   Code   RO          596    i.http_err          httpd.o
    0x08002e4a   0x00000002   PAD
    0x08002e4c   0x00000108   Code   RO          597    i.http_find_file    httpd.o
    0x08002f54   0x00000054   Code   RO          598    i.http_get_404_file  httpd.o
    0x08002fa8   0x00000060   Code   RO          599    i.http_init_file    httpd.o
    0x08003008   0x000000e8   Code   RO          600    i.http_parse_request  httpd.o
    0x080030f0   0x00000032   Code   RO          601    i.http_poll         httpd.o
    0x08003122   0x0000006e   Code   RO          602    i.http_recv         httpd.o
    0x08003190   0x0000038c   Code   RO          603    i.http_send_data    httpd.o
    0x0800351c   0x00000016   Code   RO          604    i.http_sent         httpd.o
    0x08003532   0x00000002   PAD
    0x08003534   0x0000000c   Code   RO          605    i.http_set_cgi_handlers  httpd.o
    0x08003540   0x00000010   Code   RO          606    i.http_set_ssi_handler  httpd.o
    0x08003550   0x00000028   Code   RO          607    i.http_state_free   httpd.o
    0x08003578   0x0000003c   Code   RO          608    i.http_write        httpd.o
    0x080035b4   0x0000001c   Code   RO          534    i.httpd_cgi_init    httpd_cgi_ssi.o
    0x080035d0   0x00000048   Code   RO          609    i.httpd_init        httpd.o
    0x08003618   0x00000014   Code   RO          535    i.httpd_ssi_init    httpd_cgi_ssi.o
    0x0800362c   0x00000008   Code   RO         1762    i.icmp_dest_unreach  icmp.o
    0x08003634   0x00000114   Code   RO         1763    i.icmp_input        icmp.o
    0x08003748   0x00000066   Code   RO         1764    i.icmp_send_response  icmp.o
    0x080037ae   0x00000008   Code   RO         1765    i.icmp_time_exceeded  icmp.o
    0x080037b6   0x0000000c   Code   RO         1846    i.inet_chksum       inet_chksum.o
    0x080037c2   0x00000048   Code   RO         1847    i.inet_chksum_pbuf  inet_chksum.o
    0x0800380a   0x00000030   Code   RO         1921    i.ip_addr_isbroadcast  ip_addr.o
    0x0800383a   0x00000002   PAD
    0x0800383c   0x0000012c   Code   RO         1944    i.ip_frag           ip_frag.o
    0x08003968   0x0000018c   Code   RO         1882    i.ip_input          ip.o
    0x08003af4   0x00000034   Code   RO         1883    i.ip_output         ip.o
    0x08003b28   0x000000cc   Code   RO         1884    i.ip_output_if      ip.o
    0x08003bf4   0x000001a4   Code   RO         1945    i.ip_reass          ip_frag.o
    0x08003d98   0x000000f0   Code   RO         1946    i.ip_reass_chain_frag_into_datagram_and_validate  ip_frag.o
    0x08003e88   0x00000024   Code   RO         1947    i.ip_reass_dequeue_datagram  ip_frag.o
    0x08003eac   0x00000070   Code   RO         1948    i.ip_reass_free_complete_datagram  ip_frag.o
    0x08003f1c   0x0000006c   Code   RO         1949    i.ip_reass_remove_oldest_datagram  ip_frag.o
    0x08003f88   0x00000048   Code   RO         1885    i.ip_route          ip.o
    0x08003fd0   0x00000074   Code   RO         2096    i.low_level_init    ethernetif.o
    0x08004044   0x00000080   Code   RO         2097    i.low_level_input   ethernetif.o
    0x080040c4   0x00000030   Code   RO         2098    i.low_level_output  ethernetif.o
    0x080040f4   0x0000003a   Code   RO         1849    i.lwip_standard_chksum  inet_chksum.o
    0x0800412e   0x00000002   PAD
    0x08004130   0x0000002c   Code   RO          148    i.main              main.o
    0x0800415c   0x0000002c   Code   RO          995    i.mem_free          mem.o
    0x08004188   0x00000034   Code   RO          996    i.mem_init          mem.o
    0x080041bc   0x000000a8   Code   RO          997    i.mem_malloc        mem.o
    0x08004264   0x000000c4   Code   RO          998    i.mem_realloc       mem.o
    0x08004328   0x00000018   Code   RO         1038    i.memp_free         memp.o
    0x08004340   0x00000058   Code   RO         1039    i.memp_init         memp.o
    0x08004398   0x00000020   Code   RO         1040    i.memp_malloc       memp.o
    0x080043b8   0x0000004c   Code   RO         1080    i.netif_add         netif.o
    0x08004404   0x0000000a   Code   RO         1082    i.netif_is_up       netif.o
    0x0800440e   0x00000020   Code   RO         1084    i.netif_set_addr    netif.o
    0x0800442e   0x00000002   PAD
    0x08004430   0x0000000c   Code   RO         1085    i.netif_set_default  netif.o
    0x0800443c   0x00000012   Code   RO         1086    i.netif_set_down    netif.o
    0x0800444e   0x00000008   Code   RO         1087    i.netif_set_gw      netif.o
    0x08004456   0x00000002   PAD
    0x08004458   0x00000068   Code   RO         1088    i.netif_set_ipaddr  netif.o
    0x080044c0   0x00000008   Code   RO         1089    i.netif_set_netmask  netif.o
    0x080044c8   0x0000001c   Code   RO         1090    i.netif_set_up      netif.o
    0x080044e4   0x00000004   Code   RO         1802    i.ntohl             inet.o
    0x080044e8   0x00000006   Code   RO         1803    i.ntohs             inet.o
    0x080044ee   0x00000110   Code   RO         1159    i.pbuf_alloc        pbuf.o
    0x080045fe   0x00000028   Code   RO         1160    i.pbuf_cat          pbuf.o
    0x08004626   0x00000012   Code   RO         1161    i.pbuf_chain        pbuf.o
    0x08004638   0x00000012   Code   RO         1162    i.pbuf_clen         pbuf.o
    0x0800464a   0x00000090   Code   RO         1164    i.pbuf_copy         pbuf.o
    0x080046da   0x00000068   Code   RO         1165    i.pbuf_copy_partial  pbuf.o
    0x08004742   0x00000044   Code   RO         1167    i.pbuf_free         pbuf.o
    0x08004786   0x00000060   Code   RO         1168    i.pbuf_header       pbuf.o
    0x080047e6   0x0000004e   Code   RO         1169    i.pbuf_realloc      pbuf.o
    0x08004834   0x0000000c   Code   RO         1170    i.pbuf_ref          pbuf.o
    0x08004840   0x00000054   Code   RO          999    i.plug_holes        mem.o
    0x08004894   0x00000068   Code   RO         1248    i.raw_input         raw.o
    0x080048fc   0x00000040   Code   RO          610    i.strnstr           httpd.o
    0x0800493c   0x00000094   Code   RO         1314    i.tcp_abandon       tcp.o
    0x080049d0   0x00000004   Code   RO         1315    i.tcp_accept        tcp.o
    0x080049d4   0x00000006   Code   RO         1316    i.tcp_accept_null   tcp.o
    0x080049da   0x00000002   PAD
    0x080049dc   0x000000f8   Code   RO         1317    i.tcp_alloc         tcp.o
    0x08004ad4   0x00000004   Code   RO         1318    i.tcp_arg           tcp.o
    0x08004ad8   0x000000bc   Code   RO         1319    i.tcp_bind          tcp.o
    0x08004b94   0x000000a0   Code   RO         1320    i.tcp_close         tcp.o
    0x08004c34   0x00000020   Code   RO         1323    i.tcp_eff_send_mss  tcp.o
    0x08004c54   0x0000033e   Code   RO         1545    i.tcp_enqueue       tcp_out.o
    0x08004f92   0x00000006   Code   RO         1324    i.tcp_err           tcp.o
    0x08004f98   0x0000005c   Code   RO         1325    i.tcp_fasttmr       tcp.o
    0x08004ff4   0x000002f0   Code   RO         1497    i.tcp_input         tcp_in.o
    0x080052e4   0x00000046   Code   RO         1546    i.tcp_keepalive     tcp_out.o
    0x0800532a   0x00000002   PAD
    0x0800532c   0x000000e8   Code   RO         1498    i.tcp_listen_input  tcp_in.o
    0x08005414   0x00000080   Code   RO         1326    i.tcp_listen_with_backlog  tcp.o
    0x08005494   0x00000006   Code   RO         1327    i.tcp_new           tcp.o
    0x0800549a   0x00000002   PAD
    0x0800549c   0x00000060   Code   RO         1328    i.tcp_new_port      tcp.o
    0x080054fc   0x00000010   Code   RO         1329    i.tcp_next_iss      tcp.o
    0x0800550c   0x000001ac   Code   RO         1547    i.tcp_output        tcp_out.o
    0x080056b8   0x000000b4   Code   RO         1548    i.tcp_output_segment  tcp_out.o
    0x0800576c   0x0000007c   Code   RO         1549    i.tcp_output_set_header  tcp_out.o
    0x080057e8   0x00000080   Code   RO         1499    i.tcp_parseopt      tcp_in.o
    0x08005868   0x00000030   Code   RO         1330    i.tcp_pcb_purge     tcp.o
    0x08005898   0x0000005c   Code   RO         1331    i.tcp_pcb_remove    tcp.o
    0x080058f4   0x0000000a   Code   RO         1332    i.tcp_poll          tcp.o
    0x080058fe   0x00000002   PAD
    0x08005900   0x00000350   Code   RO         1500    i.tcp_process       tcp_in.o
    0x08005c50   0x0000043c   Code   RO         1501    i.tcp_receive       tcp_in.o
    0x0800608c   0x00000006   Code   RO         1333    i.tcp_recv          tcp.o
    0x08006092   0x00000024   Code   RO         1334    i.tcp_recv_null     tcp.o
    0x080060b6   0x0000003c   Code   RO         1335    i.tcp_recved        tcp.o
    0x080060f2   0x00000048   Code   RO         1550    i.tcp_rexmit        tcp_out.o
    0x0800613a   0x0000005a   Code   RO         1551    i.tcp_rexmit_fast   tcp_out.o
    0x08006194   0x0000002e   Code   RO         1552    i.tcp_rexmit_rto    tcp_out.o
    0x080061c2   0x0000009c   Code   RO         1553    i.tcp_rst           tcp_out.o
    0x0800625e   0x00000020   Code   RO         1336    i.tcp_seg_free      tcp.o
    0x0800627e   0x0000001a   Code   RO         1337    i.tcp_segs_free     tcp.o
    0x08006298   0x00000016   Code   RO         1554    i.tcp_send_ctrl     tcp_out.o
    0x080062ae   0x00000056   Code   RO         1555    i.tcp_send_empty_ack  tcp_out.o
    0x08006304   0x00000006   Code   RO         1338    i.tcp_sent          tcp.o
    0x0800630a   0x00000004   Code   RO         1339    i.tcp_setprio       tcp.o
    0x0800630e   0x00000002   PAD
    0x08006310   0x00000234   Code   RO         1340    i.tcp_slowtmr       tcp.o
    0x08006544   0x0000006c   Code   RO         1502    i.tcp_timewait_input  tcp_in.o
    0x080065b0   0x00000020   Code   RO         1341    i.tcp_tmr           tcp.o
    0x080065d0   0x00000034   Code   RO         1342    i.tcp_update_rcv_ann_wnd  tcp.o
    0x08006604   0x0000002e   Code   RO         1556    i.tcp_write         tcp_out.o
    0x08006632   0x00000090   Code   RO         1557    i.tcp_zero_window_probe  tcp_out.o
    0x080066c2   0x00000002   PAD
    0x080066c4   0x0000005c   Code   RO         1627    i.udp_bind          udp.o
    0x08006720   0x00000190   Code   RO         1630    i.udp_input         udp.o
    0x080068b0   0x000000b0   Code   RO         1636    i.udp_sendto_if     udp.o
    0x08006960   0x000000a8   Code   RO         2003    i.update_arp_entry  etharp.o
    0x08006a08   0x00000c57   Data   RO          462    .constdata          fs.o
    0x0800765f   0x00000aba   Data   RO          463    .constdata          fs.o
    0x08008119   0x0000665d   Data   RO          464    .constdata          fs.o
    0x0800e776   0x000004db   Data   RO          465    .constdata          fs.o
    0x0800ec51   0x000029e3   Data   RO          466    .constdata          fs.o
    0x08011634   0x00000fce   Data   RO          467    .constdata          fs.o
    0x08012602   0x00000fe8   Data   RO          468    .constdata          fs.o
    0x080135ea   0x00000002   PAD
    0x080135ec   0x00000014   Data   RO          469    .constdata          fs.o
    0x08013600   0x00000014   Data   RO          470    .constdata          fs.o
    0x08013614   0x00000014   Data   RO          471    .constdata          fs.o
    0x08013628   0x00000014   Data   RO          472    .constdata          fs.o
    0x0801363c   0x00000014   Data   RO          473    .constdata          fs.o
    0x08013650   0x00000014   Data   RO          474    .constdata          fs.o
    0x08013664   0x00000014   Data   RO          475    .constdata          fs.o
    0x08013678   0x00000008   Data   RO          536    .constdata          httpd_cgi_ssi.o
    0x08013680   0x00000030   Data   RO          612    .constdata          httpd.o
    0x080136b0   0x00000024   Data   RO         1042    .constdata          memp.o
    0x080136d4   0x00000014   Data   RO         1343    .constdata          tcp.o
    0x080136e8   0x00000004   Data   RO         1922    .constdata          ip_addr.o
    0x080136ec   0x00000004   Data   RO         1923    .constdata          ip_addr.o
    0x080136f0   0x0000000c   Data   RO         2005    .constdata          etharp.o
    0x080136fc   0x000011d0   Data   RO         4461    .constdata          stm324xg_eval_lcd.o
    0x080148cc   0x0000005c   Data   RO         4677    .constdata          stm324xg_eval.o
    0x08014928   0x00000002   Data   RO          537    .conststring        httpd_cgi_ssi.o
    0x0801492a   0x0000000a   Data   RO          538    .conststring        httpd_cgi_ssi.o
    0x08014934   0x0000004a   Data   RO          613    .conststring        httpd.o
    0x0801497e   0x00000068   Data   RO         1344    .conststring        tcp.o
    0x080149e6   0x00000002   PAD
    0x080149e8   0x00000020   Data   RO         5087    Region$$Table       anon$$obj.o


    Execution Region RW_IRAM1 (Base: 0x20000000, Size: 0x00008208, Max: 0x00020000, ABSOLUTE, COMPRESSED[0x00000070])

    Base Addr    Size         Type   Attr      Idx    E Section Name        Object

    0x20000000   0x00000008   Data   RW          149    .data               main.o
    0x20000008   0x00000008   Data   RW          253    .data               netconf.o
    0x20000010   0x00000008   Data   RW          339    .data               stm32f4x7_eth_bsp.o
    0x20000018   0x00000010   Data   RW          539    .data               httpd_cgi_ssi.o
    0x20000028   0x00000004   Data   RW          540    .data               httpd_cgi_ssi.o
    0x2000002c   0x00000024   Data   RW          614    .data               httpd.o
    0x20000050   0x00000004   Data   RW          793    .data               dhcp.o
    0x20000054   0x00000010   Data   RW         1001    .data               mem.o
    0x20000064   0x0000000c   Data   RW         1091    .data               netif.o
    0x20000070   0x00000004   Data   RW         1254    .data               raw.o
    0x20000074   0x0000004c   Data   RW         1345    .data               tcp.o
    0x200000c0   0x0000001c   Data   RW         1504    .data               tcp_in.o
    0x200000dc   0x00000004   Data   RW         1637    .data               udp.o
    0x200000e0   0x0000000c   Data   RW         1886    .data               ip.o
    0x200000ec   0x00000008   Data   RW         1952    .data               ip_frag.o
    0x200000f4   0x00000001   Data   RW         2006    .data               etharp.o
    0x200000f5   0x00000010   Data   RW         3228    .data               stm32f4xx_rcc.o
    0x20000105   0x00000003   PAD
    0x20000108   0x0000000c   Data   RW         3993    .data               stm32f4x7_eth.o
    0x20000114   0x00000014   Data   RW         4465    .data               stm324xg_eval_lcd.o
    0x20000128   0x0000002c   Data   RW         4678    .data               stm324xg_eval.o
    0x20000154   0x00000038   Zero   RW          252    .bss                netconf.o
    0x2000018c   0x000000f0   Zero   RW          461    .bss                fs.o
    0x2000027c   0x00000400   Zero   RW          611    .bss                httpd.o
    0x2000067c   0x00002814   Zero   RW         1000    .bss                mem.o
    0x20002e90   0x00002437   Zero   RW         1041    .bss                memp.o
    0x200052c7   0x00000001   PAD
    0x200052c8   0x00000014   Zero   RW         1503    .bss                tcp_in.o
    0x200052dc   0x000005e0   Zero   RW         1951    .bss                ip_frag.o
    0x200058bc   0x000000c8   Zero   RW         2004    .bss                etharp.o
    0x20005984   0x00000080   Zero   RW         3988    .bss                stm32f4x7_eth.o
    0x20005a04   0x00000040   Zero   RW         3989    .bss                stm32f4x7_eth.o
    0x20005a44   0x000017d0   Zero   RW         3990    .bss                stm32f4x7_eth.o
    0x20007214   0x00000be8   Zero   RW         3991    .bss                stm32f4x7_eth.o
    0x20007dfc   0x0000000c   Zero   RW         3992    .bss                stm32f4x7_eth.o
    0x20007e08   0x00000400   Zero   RW          137    STACK               startup_stm32f4xx.o


==============================================================================

Image component sizes


      Code (inc. data)   RO Data    RW Data    ZI Data      Debug   Object Name

       410         20          0          0          0       4562   autoip.o
       618         14          0          4          0      12099   dhcp.o
      1716         46         12          1        200      13413   etharp.o
       370         38          0          0          0       5002   ethernetif.o
       214         14      52334          0        240       6320   fs.o
      2506        166        122         36       1024      16394   httpd.o
       508         84         20         20          0       8041   httpd_cgi_ssi.o
       394          0          0          0          0       3626   icmp.o
        20          0          0          0          0       3272   inet.o
       142          0          0          0          0       5925   inet_chksum.o
         0          0          0          0          0       2067   init.o
       724         24          0         12          0       7228   ip.o
        48          0          8          0          0       5857   ip_addr.o
      1216         30          0          8       1504       7293   ip_frag.o
       272        110          0          8          0      47088   main.o
       544         30          0         16      10260       5289   mem.o
       144         20         36          0       9271       4226   memp.o
       144         18          0          0          0       2413   misc.o
       252         66          0          8         56      25092   netconf.o
       296         20          0         12          0       8194   netif.o
       850          0          0          0          0       8809   pbuf.o
       104          4          0          4          0       1816   raw.o
        36          8        392          0       1024        820   startup_stm32f4xx.o
       120         26         92         44          0       3998   stm324xg_eval.o
      1458         72       4560         20          0      12942   stm324xg_eval_lcd.o
      1612        164          0         12       9348      16090   stm32f4x7_eth.o
       870        148          0          8          0      22848   stm32f4x7_eth_bsp.o
       288         20          0          0          0       6015   stm32f4xx_adc.o
       156         14          0          0          0       2516   stm32f4xx_exti.o
       224          4          0          0          0       2133   stm32f4xx_fsmc.o
       194          0          0          0          0       1963   stm32f4xx_gpio.o
        54          0          0          0          0       4873   stm32f4xx_it.o
       264         42          0         16          0       6097   stm32f4xx_rcc.o
        52         12          0          0          0       1374   stm32f4xx_syscfg.o
       248         34          0          0          0     277849   system_stm32f4xx.o
      2102         90        124         76          0      28068   tcp.o
      3152         82          0         28         20      15116   tcp_in.o
      2294         14          0          0          0      11822   tcp_out.o
       668         10          0          4          0      12709   udp.o

    ----------------------------------------------------------------------
     25346       1444      57736        340      32948     631259   Object Totals
         0          0         32          0          0          0   (incl. Generated)
        62          0          4          3          1          0   (incl. Padding)

    ----------------------------------------------------------------------

      Code (inc. data)   RO Data    RW Data    ZI Data      Debug   Library Member Name

        92          0          0          0          0          0   __dczerorl2.o
         0          0          0          0          0          0   entry.o
         8          4          0          0          0          0   entry2.o
         4          0          0          0          0          0   entry5.o
         0          0          0          0          0          0   entry7b.o
         8          4          0          0          0          0   entry8.o
        30          0          0          0          0          0   handlers.o
        36          8          0          0          0         68   init.o
         0          0          0          0          0          0   iusefp.o
        30          0          0          0          0         68   llshl.o
        32          0          0          0          0         68   llushr.o
        26          0          0          0          0         80   memcmp.o
        36          0          0          0          0         68   memcpya.o
        36          0          0          0          0        108   memseta.o
       390         12          0          0          0        248   printf1.o
        18          0          0          0          0         68   strchr.o
        28          0          0          0          0         76   strcmp.o
        16          0          0          0          0         68   strlen.o
        30          0          0          0          0         80   strncmp.o
        44          0          0          0          0         80   strstr.o
        44          0          0          0          0         80   uidiv.o
       190          0          0          0          0        176   depilogue.o
        50          0          0          0          0         76   dfixui.o
        26          0          0          0          0         76   dfltui.o
       228          0          0          0          0         92   dmul.o

    ----------------------------------------------------------------------
      1406         28          0          0          0       1580   Library Totals
         4          0          0          0          0          0   (incl. Padding)

    ----------------------------------------------------------------------

      Code (inc. data)   RO Data    RW Data    ZI Data      Debug   Library Name

       908         28          0          0          0       1160   mc_w.l
       494          0          0          0          0        420   mf_w.l

    ----------------------------------------------------------------------
      1406         28          0          0          0       1580   Library Totals

    ----------------------------------------------------------------------

==============================================================================


      Code (inc. data)   RO Data    RW Data    ZI Data      Debug   

     26752       1472      57736        340      32948     608307   Grand Totals
     26752       1472      57736        112      32948     608307   ELF Image Totals (compressed)
     26752       1472      57736        112          0          0   ROM Totals

==============================================================================

    Total RO  Size (Code + RO Data)                84488 (  82.51kB)
    Total RW  Size (RW Data + ZI Data)             33288 (  32.51kB)
    Total ROM Size (Code + RO Data + RW Data)      84600 (  82.62kB)

==============================================================================

