<html>
<body>
<pre>
<h1>µVision Build Log</h1>
<h2>Tool Versions:</h2>
IDE-Version: •ÏVision V5.14.0.0
Copyright (C) 2015 ARM Ltd and ARM Germany GmbH. All rights reserved.
License Information: ∞≠ ¥Ÿ«ı, ., LIC=----
 
Tool Versions:
Toolchain:       MDK-Lite  Version: 5.14.0.0
Toolchain Path:  C:\Keil_v5\ARM\ARMCC\Bin
C Compiler:      Armcc.exe V5.05 update 1 (build 106)
Assembler:       Armasm.exe V5.05 update 1 (build 106)
Linker/Locator:  ArmLink.exe V5.05 update 1 (build 106)
Library Manager: ArmAr.exe V5.05 update 1 (build 106)
Hex Converter:   FromElf.exe V5.05 update 1 (build 106)
CPU DLL:         SARMCM3.DLL V5.14.0.0
Dialog DLL:      DARMSTM.DLL V1.65.0.0
Target DLL:      UL2CM3.DLL V1.155.0.0
Dialog DLL:      TARMSTM.DLL V1.64.0.0
 
<h2>Project:</h2>
D:\git\narsha_database\study\arm\STM32F10x_StdPeriph_Lib_V3.5.0\Project\STM32F10x_StdPeriph_NewstarIT\Keil\DGSW\test_1\test.uvproj
Project File Date:  04/14/2021

<h2>Output:</h2>
Build target 'IOToggle'
compiling main.c...
..\..\..\..\STM32F10x_StdPeriph_Examples\DGSW\test_1\main.c(147): warning:  #128-D: loop is not reachable
        while(1)
..\..\..\..\STM32F10x_StdPeriph_Examples\DGSW\test_1\main.c(175): warning:  #1-D: last line of file ends without a newline
  }
..\..\..\..\STM32F10x_StdPeriph_Examples\DGSW\test_1\main.c: 2 warnings, 0 errors
compiling stm32f10x_it.c...
..\..\..\..\STM32F10x_StdPeriph_Examples\DGSW\test_1\stm32f10x_it.c(144): warning:  #223-D: function "TimingDelay_Decrement" declared implicitly
        TimingDelay_Decrement();
..\..\..\..\STM32F10x_StdPeriph_Examples\DGSW\test_1\stm32f10x_it.c: 1 warning, 0 errors
compiling system_stm32f10x.c...
compiling misc.c...
compiling stm32f10x_adc.c...
compiling stm32f10x_bkp.c...
compiling stm32f10x_can.c...
compiling stm32f10x_cec.c...
compiling stm32f10x_crc.c...
compiling stm32f10x_dac.c...
compiling stm32f10x_dbgmcu.c...
compiling stm32f10x_dma.c...
compiling stm32f10x_exti.c...
compiling stm32f10x_flash.c...
compiling stm32f10x_fsmc.c...
compiling stm32f10x_gpio.c...
compiling stm32f10x_i2c.c...
compiling stm32f10x_iwdg.c...
compiling stm32f10x_pwr.c...
compiling stm32f10x_rcc.c...
compiling stm32f10x_rtc.c...
compiling stm32f10x_sdio.c...
compiling stm32f10x_spi.c...
compiling stm32f10x_tim.c...
compiling stm32f10x_usart.c...
compiling stm32f10x_wwdg.c...
compiling core_cm3.c...
linking...
Program Size: Code=1744 RO-data=268 RW-data=36 ZI-data=1044  
FromELF: creating hex file...
".\Out\IOToggle.axf" - 0 Error(s), 3 Warning(s).
</pre>
</body>
</html>
