<html>
<body>
<pre>
<h1>µVision Build Log</h1>
<h2>Tool Versions:</h2>
IDE-Version: •ÏVision V5.14.0.0
Copyright (C) 2015 ARM Ltd and ARM Germany GmbH. All rights reserved.
License Information: ∞≠ ¥Ÿ«ı, ., LIC=----
 
Tool Versions:
Toolchain:       MDK-Lite  Version: 5.14.0.0
Toolchain Path:  C:\Keil_v5\ARM\ARMCC\Bin
C Compiler:      Armcc.exe V5.05 update 1 (build 106)
Assembler:       Armasm.exe V5.05 update 1 (build 106)
Linker/Locator:  ArmLink.exe V5.05 update 1 (build 106)
Library Manager: ArmAr.exe V5.05 update 1 (build 106)
Hex Converter:   FromElf.exe V5.05 update 1 (build 106)
CPU DLL:         SARMCM3.DLL V5.14.0.0
Dialog DLL:      DARMSTM.DLL V1.65.0.0
Target DLL:      Segger\JL2CM3.dll V2.99.13.0
Dialog DLL:      TARMSTM.DLL V1.64.0.0
 
<h2>Project:</h2>
D:\git\narsha_database\study\arm\lecture\TIMER_PWM\TIMER_PWM\TIMER_PWM.uvproj
Project File Date:  03/18/2021

<h2>Output:</h2>
Build target 'TIMER_PWM'
compiling Timer_pwm.c...
Application\Timer_pwm.c(40): warning:  #1295-D: Deprecated declaration micris_10us - give arg types
  unsigned int micris_10us();
Application\Timer_pwm.c(636): warning:  #111-D: statement is unreachable
        RCC->APB2ENR |= (0x01 << 2); // GPIOA enable
Application\Timer_pwm.c(658): warning:  #111-D: statement is unreachable
        RCC->APB2ENR |= (0x01 << 4); // GPIOC enable
Application\Timer_pwm.c(674): warning:  #128-D: loop is not reachable
                while(1){
Application\Timer_pwm.c(695): warning:  #111-D: statement is unreachable
        RCC->APB2ENR |= (0x01 << 4); // GPIOC enable
Application\Timer_pwm.c(878): warning:  #128-D: loop is not reachable
        while(1);
Application\Timer_pwm.c(895): warning:  #111-D: statement is unreachable
        RCC->APB2ENR |= (0x01 << 2); // GPIOA enable
Application\Timer_pwm.c(926): warning:  #111-D: statement is unreachable
                NVIC->ICER[0] |= (0x01 << 25);  // timer1 update interrupt clear
Application\Timer_pwm.c(1046): warning:  #128-D: loop is not reachable
        for(;;) {
Application\Timer_pwm.c(560): warning:  #177-D: variable "hip" was declared but never referenced
        int hip = 0;
Application\Timer_pwm.c: 10 warnings, 0 errors
linking...
Program Size: Code=3448 RO-data=268 RW-data=136 ZI-data=1120  
FromELF: creating hex file...
".\Output\TIMER_PWM.axf" - 0 Error(s), 10 Warning(s).
</pre>
</body>
</html>
