<html>
<body>
<pre>
<h1>µVision Build Log</h1>
<h2>Tool Versions:</h2>
IDE-Version: •ÏVision V5.14.0.0
Copyright (C) 2015 ARM Ltd and ARM Germany GmbH. All rights reserved.
License Information: heart ha, a, LIC=----
 
Tool Versions:
Toolchain:       MDK-Lite  Version: 5.14.0.0
Toolchain Path:  F:\Keil_v5\ARM\ARMCC\Bin
C Compiler:      Armcc.exe V5.05 update 1 (build 106)
Assembler:       Armasm.exe V5.05 update 1 (build 106)
Linker/Locator:  ArmLink.exe V5.05 update 1 (build 106)
Library Manager: ArmAr.exe V5.05 update 1 (build 106)
Hex Converter:   FromElf.exe V5.05 update 1 (build 106)
CPU DLL:         SARMCM3.DLL V5.14.0.0
Dialog DLL:      DARMSTM.DLL V1.65.0.0
Target DLL:      Segger\JL2CM3.dll V2.99.13.0
Dialog DLL:      TARMSTM.DLL V1.64.0.0
 
<h2>Project:</h2>
G:\data\edu\data_edu\RTC\RTC_raw\RTC_raw.uvproj
Project File Date:  03/02/2015

<h2>Output:</h2>
Build target 'RTC_raw'
compiling STM32_Init.c...
Initialisation\STM32_Init.c(4419): warning:  #61-D: integer operation result is out of range
      USART1->BRR  = __USART_BRR(__PCLK2, __USART1_BAUDRATE); // set baudrate
Initialisation\STM32_Init.c(4419): warning:  #61-D: integer operation result is out of range
      USART1->BRR  = __USART_BRR(__PCLK2, __USART1_BAUDRATE); // set baudrate
Initialisation\STM32_Init.c(4419): warning:  #61-D: integer operation result is out of range
      USART1->BRR  = __USART_BRR(__PCLK2, __USART1_BAUDRATE); // set baudrate
Initialisation\STM32_Init.c: 3 warnings, 0 errors
linking...
Program Size: Code=2752 RO-data=268 RW-data=20 ZI-data=612  
FromELF: creating hex file...
".\Out\RTC_raw.axf" - 0 Error(s), 3 Warning(s).
</pre>
</body>
</html>
