<html>
<body>
<pre>
<h1>µVision Build Log</h1>
<h2>Tool Versions:</h2>
IDE-Version: •ÏVision V5.14.0.0
Copyright (C) 2015 ARM Ltd and ARM Germany GmbH. All rights reserved.
License Information: heart ha, a, LIC=----
 
Tool Versions:
Toolchain:       MDK-Lite  Version: 5.14.0.0
Toolchain Path:  F:\Keil_v5\ARM\ARMCC\Bin
C Compiler:      Armcc.exe V5.05 update 1 (build 106)
Assembler:       Armasm.exe V5.05 update 1 (build 106)
Linker/Locator:  ArmLink.exe V5.05 update 1 (build 106)
Library Manager: ArmAr.exe V5.05 update 1 (build 106)
Hex Converter:   FromElf.exe V5.05 update 1 (build 106)
CPU DLL:         SARMCM3.DLL V5.14.0.0
Dialog DLL:      DARMSTM.DLL V1.65.0.0
Target DLL:      Segger\JL2CM3.dll V2.99.13.0
Dialog DLL:      TARMSTM.DLL V1.64.0.0
 
<h2>Project:</h2>
G:\data\edu\data_edu\RTC\RTC\RTC.uvproj
Project File Date:  03/21/2015

<h2>Output:</h2>
Build target 'RTC'
compiling RTC.c...
Application\RTC.c(40): warning:  #550-D: variable "THH" was set but never used
    unsigned int TimeVar=0,  THH = 0, TMM = 0, TSS = 0;
Application\RTC.c(40): warning:  #550-D: variable "TMM" was set but never used
    unsigned int TimeVar=0,  THH = 0, TMM = 0, TSS = 0;
Application\RTC.c(40): warning:  #550-D: variable "TSS" was set but never used
    unsigned int TimeVar=0,  THH = 0, TMM = 0, TSS = 0;
Application\RTC.c(41): warning:  #177-D: variable "s" was declared but never referenced
    char s[30];
Application\RTC.c: 4 warnings, 0 errors
linking...
Program Size: Code=1300 RO-data=268 RW-data=12 ZI-data=1124  
FromELF: creating hex file...
".\Out\RTC.axf" - 0 Error(s), 4 Warning(s).
</pre>
</body>
</html>
