<html>
<body>
<pre>
<h1>µVision Build Log</h1>
<h2>Tool Versions:</h2>
IDE-Version: •ÏVision V5.14.0.0
Copyright (C) 2015 ARM Ltd and ARM Germany GmbH. All rights reserved.
License Information: a a, a, LIC=----
 
Tool Versions:
Toolchain:       MDK-Lite  Version: 5.14.0.0
Toolchain Path:  C:\Keil_v5\ARM\ARMCC\Bin
C Compiler:      Armcc.exe V5.05 update 1 (build 106)
Assembler:       Armasm.exe V5.05 update 1 (build 106)
Linker/Locator:  ArmLink.exe V5.05 update 1 (build 106)
Library Manager: ArmAr.exe V5.05 update 1 (build 106)
Hex Converter:   FromElf.exe V5.05 update 1 (build 106)
CPU DLL:         SARMCM3.DLL V5.14.0.0
Dialog DLL:      DARMSTM.DLL V1.65.0.0
Target DLL:      STLink\ST-LINKIII-KEIL_SWO.dll V2.0.14.0_KEIL
Dialog DLL:      TARMSTM.DLL V1.64.0.0
 
<h2>Project:</h2>
C:\data\edu\ARM_IOT\lecture\TIMER_PWM\TIMER_PWM\TIMER_PWM.uvproj
Project File Date:  10/30/2019

<h2>Output:</h2>
Build target 'TIMER_PWM'
compiling Timer_pwm.c...
Application\Timer_pwm.c(434): warning:  #128-D: loop is not reachable
        for(;;) {
Application\Timer_pwm.c: 1 warning, 0 errors
linking...
Program Size: Code=2148 RO-data=268 RW-data=84 ZI-data=1124  
FromELF: creating hex file...
".\Output\TIMER_PWM.axf" - 0 Error(s), 1 Warning(s).
</pre>
</body>
</html>
