ARM Linker, 4.1 [Build 894] [Standard]

==============================================================================

Section Cross References

    system_stm32f4xx.o(i.SystemCoreClockUpdate) refers to system_stm32f4xx.o(.data) for .data
    system_stm32f4xx.o(i.SystemInit) refers to system_stm32f4xx.o(i.SetSysClock) for SetSysClock
    startup_stm32f4xx.o(RESET) refers to startup_stm32f4xx.o(STACK) for __initial_sp
    startup_stm32f4xx.o(RESET) refers to startup_stm32f4xx.o(.text) for Reset_Handler
    startup_stm32f4xx.o(RESET) refers to stm32f4xx_it.o(i.NMI_Handler) for NMI_Handler
    startup_stm32f4xx.o(RESET) refers to stm32f4xx_it.o(i.HardFault_Handler) for HardFault_Handler
    startup_stm32f4xx.o(RESET) refers to stm32f4xx_it.o(i.MemManage_Handler) for MemManage_Handler
    startup_stm32f4xx.o(RESET) refers to stm32f4xx_it.o(i.BusFault_Handler) for BusFault_Handler
    startup_stm32f4xx.o(RESET) refers to stm32f4xx_it.o(i.UsageFault_Handler) for UsageFault_Handler
    startup_stm32f4xx.o(RESET) refers to port.o(.emb_text) for vPortSVCHandler
    startup_stm32f4xx.o(RESET) refers to stm32f4xx_it.o(i.DebugMon_Handler) for DebugMon_Handler
    startup_stm32f4xx.o(RESET) refers to stm32f4xx_it.o(i.SysTick_Handler) for SysTick_Handler
    startup_stm32f4xx.o(RESET) refers to stm32f4xx_it.o(i.EXTI15_10_IRQHandler) for EXTI15_10_IRQHandler
    startup_stm32f4xx.o(RESET) refers to stm32f4xx_it.o(i.ETH_IRQHandler) for ETH_IRQHandler
    startup_stm32f4xx.o(.text) refers to system_stm32f4xx.o(i.SystemInit) for SystemInit
    startup_stm32f4xx.o(.text) refers to entry.o(.ARM.Collect$$$$00000000) for __main
    main.o(i.LCD_LED_Init) refers to stm324xg_eval_lcd.o(i.STM324xG_LCD_Init) for STM324xG_LCD_Init
    main.o(i.LCD_LED_Init) refers to stm324xg_eval.o(i.STM_EVAL_LEDInit) for STM_EVAL_LEDInit
    main.o(i.LCD_LED_Init) refers to stm324xg_eval_lcd.o(i.LCD_Clear) for LCD_Clear
    main.o(i.LCD_LED_Init) refers to stm324xg_eval_lcd.o(i.LCD_SetBackColor) for LCD_SetBackColor
    main.o(i.LCD_LED_Init) refers to stm324xg_eval_lcd.o(i.LCD_SetTextColor) for LCD_SetTextColor
    main.o(i.LCD_LED_Init) refers to stm324xg_eval_lcd.o(i.LCD_GetFont) for LCD_GetFont
    main.o(i.LCD_LED_Init) refers to stm324xg_eval_lcd.o(i.LCD_DisplayStringLine) for LCD_DisplayStringLine
    main.o(i.ToggleLed4) refers to stm324xg_eval.o(i.STM_EVAL_LEDToggle) for STM_EVAL_LEDToggle
    main.o(i.ToggleLed4) refers to tasks.o(i.vTaskDelay) for vTaskDelay
    main.o(i.ToggleLed4) refers to netconf.o(.bss) for xnetif
    main.o(i.ToggleLed4) refers to main.o(.data) for .data
    main.o(i.main) refers to main.o(i.LCD_LED_Init) for LCD_LED_Init
    main.o(i.main) refers to stm32f4x7_eth_bsp.o(i.ETH_BSP_Config) for ETH_BSP_Config
    main.o(i.main) refers to netconf.o(i.LwIP_Init) for LwIP_Init
    main.o(i.main) refers to tcpecho.o(i.tcpecho_init) for tcpecho_init
    main.o(i.main) refers to udpecho.o(i.udpecho_init) for udpecho_init
    main.o(i.main) refers to tasks.o(i.xTaskGenericCreate) for xTaskGenericCreate
    main.o(i.main) refers to tasks.o(i.vTaskStartScheduler) for vTaskStartScheduler
    main.o(i.main) refers to main.o(i.ToggleLed4) for ToggleLed4
    netconf.o(i.LwIP_Init) refers to tcpip.o(i.tcpip_init) for tcpip_init
    netconf.o(i.LwIP_Init) refers to inet.o(i.htonl) for htonl
    netconf.o(i.LwIP_Init) refers to printf1.o(i.__0sprintf$1) for __2sprintf
    netconf.o(i.LwIP_Init) refers to stm324xg_eval_lcd.o(i.LCD_GetFont) for LCD_GetFont
    netconf.o(i.LwIP_Init) refers to stm324xg_eval_lcd.o(i.LCD_DisplayStringLine) for LCD_DisplayStringLine
    netconf.o(i.LwIP_Init) refers to netif.o(i.netif_add) for netif_add
    netconf.o(i.LwIP_Init) refers to netif.o(i.netif_set_default) for netif_set_default
    netconf.o(i.LwIP_Init) refers to netif.o(i.netif_set_up) for netif_set_up
    netconf.o(i.LwIP_Init) refers to tcpip.o(i.tcpip_input) for tcpip_input
    netconf.o(i.LwIP_Init) refers to ethernetif.o(i.ethernetif_init) for ethernetif_init
    netconf.o(i.LwIP_Init) refers to netconf.o(.bss) for .bss
    stm32f4x7_eth_bsp.o(i.ETH_BSP_Config) refers to stm32f4x7_eth_bsp.o(i.ETH_GPIO_Config) for ETH_GPIO_Config
    stm32f4x7_eth_bsp.o(i.ETH_BSP_Config) refers to misc.o(i.NVIC_PriorityGroupConfig) for NVIC_PriorityGroupConfig
    stm32f4x7_eth_bsp.o(i.ETH_BSP_Config) refers to misc.o(i.NVIC_Init) for NVIC_Init
    stm32f4x7_eth_bsp.o(i.ETH_BSP_Config) refers to stm32f4x7_eth_bsp.o(i.ETH_MACDMA_Config) for ETH_MACDMA_Config
    stm32f4x7_eth_bsp.o(i.ETH_BSP_Config) refers to stm32f4x7_eth_bsp.o(i.Eth_Link_PHYITConfig) for Eth_Link_PHYITConfig
    stm32f4x7_eth_bsp.o(i.ETH_BSP_Config) refers to stm32f4x7_eth_bsp.o(i.Eth_Link_EXTIConfig) for Eth_Link_EXTIConfig
    stm32f4x7_eth_bsp.o(i.ETH_BSP_Config) refers to stm324xg_eval_lcd.o(i.LCD_SetTextColor) for LCD_SetTextColor
    stm32f4x7_eth_bsp.o(i.ETH_BSP_Config) refers to stm324xg_eval_lcd.o(i.LCD_GetFont) for LCD_GetFont
[...]
    _printf_d                                0x00000000   Number         0  stubs.o ABSOLUTE
    _printf_e                                0x00000000   Number         0  stubs.o ABSOLUTE
    _printf_f                                0x00000000   Number         0  stubs.o ABSOLUTE
    _printf_flags                            0x00000000   Number         0  stubs.o ABSOLUTE
    _printf_fp_dec                           0x00000000   Number         0  stubs.o ABSOLUTE
    _printf_fp_hex                           0x00000000   Number         0  stubs.o ABSOLUTE
    _printf_g                                0x00000000   Number         0  stubs.o ABSOLUTE
    _printf_i                                0x00000000   Number         0  stubs.o ABSOLUTE
    _printf_int_dec                          0x00000000   Number         0  stubs.o ABSOLUTE
    _printf_l                                0x00000000   Number         0  stubs.o ABSOLUTE
    _printf_lc                               0x00000000   Number         0  stubs.o ABSOLUTE
    _printf_ll                               0x00000000   Number         0  stubs.o ABSOLUTE
    _printf_lld                              0x00000000   Number         0  stubs.o ABSOLUTE
    _printf_lli                              0x00000000   Number         0  stubs.o ABSOLUTE
    _printf_llo                              0x00000000   Number         0  stubs.o ABSOLUTE
    _printf_llu                              0x00000000   Number         0  stubs.o ABSOLUTE
    _printf_llx                              0x00000000   Number         0  stubs.o ABSOLUTE
    _printf_longlong_dec                     0x00000000   Number         0  stubs.o ABSOLUTE
    _printf_longlong_hex                     0x00000000   Number         0  stubs.o ABSOLUTE
    _printf_longlong_oct                     0x00000000   Number         0  stubs.o ABSOLUTE
    _printf_ls                               0x00000000   Number         0  stubs.o ABSOLUTE
    _printf_mbtowc                           0x00000000   Number         0  stubs.o ABSOLUTE
    _printf_n                                0x00000000   Number         0  stubs.o ABSOLUTE
    _printf_o                                0x00000000   Number         0  stubs.o ABSOLUTE
    _printf_p                                0x00000000   Number         0  stubs.o ABSOLUTE
    _printf_percent                          0x00000000   Number         0  stubs.o ABSOLUTE
    _printf_pre_padding                      0x00000000   Number         0  stubs.o ABSOLUTE
    _printf_return_value                     0x00000000   Number         0  stubs.o ABSOLUTE
    _printf_s                                0x00000000   Number         0  stubs.o ABSOLUTE
    _printf_sizespec                         0x00000000   Number         0  stubs.o ABSOLUTE
    _printf_str                              0x00000000   Number         0  stubs.o ABSOLUTE
    _printf_truncate_signed                  0x00000000   Number         0  stubs.o ABSOLUTE
    _printf_truncate_unsigned                0x00000000   Number         0  stubs.o ABSOLUTE
    _printf_u                                0x00000000   Number         0  stubs.o ABSOLUTE
    _printf_wc                               0x00000000   Number         0  stubs.o ABSOLUTE
    _printf_wctomb                           0x00000000   Number         0  stubs.o ABSOLUTE
    _printf_widthprec                        0x00000000   Number         0  stubs.o ABSOLUTE
    _printf_x                                0x00000000   Number         0  stubs.o ABSOLUTE
    _clock_init                               - Undefined Weak Reference
    __Vectors_Size                           0x00000188   Number         0  startup_stm32f4xx.o ABSOLUTE
    __Vectors                                0x08000000   Data           4  startup_stm32f4xx.o(RESET)
    __Vectors_End                            0x08000188   Data           0  startup_stm32f4xx.o(RESET)
    __main                                   0x08000189   Thumb Code     0  entry.o(.ARM.Collect$$$$00000000)
    _main_stk                                0x08000189   Thumb Code     0  entry2.o(.ARM.Collect$$$$00000001)
    _main_scatterload                        0x0800018d   Thumb Code     0  entry5.o(.ARM.Collect$$$$00000004)
    __main_after_scatterload                 0x08000191   Thumb Code     0  entry5.o(.ARM.Collect$$$$00000004)
    _main_clock                              0x08000191   Thumb Code     0  entry7b.o(.ARM.Collect$$$$00000008)
    _main_init                               0x08000191   Thumb Code     0  entry8.o(.ARM.Collect$$$$00000009)
    vPortSVCHandler                          0x0800019d   Thumb Code    28  port.o(.emb_text)
    vPortStartFirstTask                      0x080001bd   Thumb Code    12  port.o(.emb_text)
    xPortPendSVHandler                       0x080001cd   Thumb Code    56  port.o(.emb_text)
    vPortSetInterruptMask                    0x08000209   Thumb Code    14  port.o(.emb_text)
    vPortClearInterruptMask                  0x08000217   Thumb Code    14  port.o(.emb_text)
    Reset_Handler                            0x08000225   Thumb Code     8  startup_stm32f4xx.o(.text)
    ADC_IRQHandler                           0x0800023f   Thumb Code     0  startup_stm32f4xx.o(.text)
    CAN1_RX0_IRQHandler                      0x0800023f   Thumb Code     0  startup_stm32f4xx.o(.text)
    CAN1_RX1_IRQHandler                      0x0800023f   Thumb Code     0  startup_stm32f4xx.o(.text)
    CAN1_SCE_IRQHandler                      0x0800023f   Thumb Code     0  startup_stm32f4xx.o(.text)
    CAN1_TX_IRQHandler                       0x0800023f   Thumb Code     0  startup_stm32f4xx.o(.text)
    CAN2_RX0_IRQHandler                      0x0800023f   Thumb Code     0  startup_stm32f4xx.o(.text)
    CAN2_RX1_IRQHandler                      0x0800023f   Thumb Code     0  startup_stm32f4xx.o(.text)
    CAN2_SCE_IRQHandler                      0x0800023f   Thumb Code     0  startup_stm32f4xx.o(.text)
    CAN2_TX_IRQHandler                       0x0800023f   Thumb Code     0  startup_stm32f4xx.o(.text)
    CRYP_IRQHandler                          0x0800023f   Thumb Code     0  startup_stm32f4xx.o(.text)
    DCMI_IRQHandler                          0x0800023f   Thumb Code     0  startup_stm32f4xx.o(.text)
    DMA1_Stream0_IRQHandler                  0x0800023f   Thumb Code     0  startup_stm32f4xx.o(.text)
    DMA1_Stream1_IRQHandler                  0x0800023f   Thumb Code     0  startup_stm32f4xx.o(.text)
    DMA1_Stream2_IRQHandler                  0x0800023f   Thumb Code     0  startup_stm32f4xx.o(.text)
    DMA1_Stream3_IRQHandler                  0x0800023f   Thumb Code     0  startup_stm32f4xx.o(.text)
    DMA1_Stream4_IRQHandler                  0x0800023f   Thumb Code     0  startup_stm32f4xx.o(.text)
    DMA1_Stream5_IRQHandler                  0x0800023f   Thumb Code     0  startup_stm32f4xx.o(.text)
    DMA1_Stream6_IRQHandler                  0x0800023f   Thumb Code     0  startup_stm32f4xx.o(.text)
    DMA1_Stream7_IRQHandler                  0x0800023f   Thumb Code     0  startup_stm32f4xx.o(.text)
    DMA2_Stream0_IRQHandler                  0x0800023f   Thumb Code     0  startup_stm32f4xx.o(.text)
    DMA2_Stream1_IRQHandler                  0x0800023f   Thumb Code     0  startup_stm32f4xx.o(.text)
    DMA2_Stream2_IRQHandler                  0x0800023f   Thumb Code     0  startup_stm32f4xx.o(.text)
    DMA2_Stream3_IRQHandler                  0x0800023f   Thumb Code     0  startup_stm32f4xx.o(.text)
    DMA2_Stream4_IRQHandler                  0x0800023f   Thumb Code     0  startup_stm32f4xx.o(.text)
    DMA2_Stream5_IRQHandler                  0x0800023f   Thumb Code     0  startup_stm32f4xx.o(.text)
    DMA2_Stream6_IRQHandler                  0x0800023f   Thumb Code     0  startup_stm32f4xx.o(.text)
    DMA2_Stream7_IRQHandler                  0x0800023f   Thumb Code     0  startup_stm32f4xx.o(.text)
    ETH_WKUP_IRQHandler                      0x0800023f   Thumb Code     0  startup_stm32f4xx.o(.text)
    EXTI0_IRQHandler                         0x0800023f   Thumb Code     0  startup_stm32f4xx.o(.text)
    EXTI1_IRQHandler                         0x0800023f   Thumb Code     0  startup_stm32f4xx.o(.text)
    EXTI2_IRQHandler                         0x0800023f   Thumb Code     0  startup_stm32f4xx.o(.text)
    EXTI3_IRQHandler                         0x0800023f   Thumb Code     0  startup_stm32f4xx.o(.text)
    EXTI4_IRQHandler                         0x0800023f   Thumb Code     0  startup_stm32f4xx.o(.text)
    EXTI9_5_IRQHandler                       0x0800023f   Thumb Code     0  startup_stm32f4xx.o(.text)
    FLASH_IRQHandler                         0x0800023f   Thumb Code     0  startup_stm32f4xx.o(.text)
    FPU_IRQHandler                           0x0800023f   Thumb Code     0  startup_stm32f4xx.o(.text)
    FSMC_IRQHandler                          0x0800023f   Thumb Code     0  startup_stm32f4xx.o(.text)
    HASH_RNG_IRQHandler                      0x0800023f   Thumb Code     0  startup_stm32f4xx.o(.text)
    I2C1_ER_IRQHandler                       0x0800023f   Thumb Code     0  startup_stm32f4xx.o(.text)
    I2C1_EV_IRQHandler                       0x0800023f   Thumb Code     0  startup_stm32f4xx.o(.text)
    I2C2_ER_IRQHandler                       0x0800023f   Thumb Code     0  startup_stm32f4xx.o(.text)
    I2C2_EV_IRQHandler                       0x0800023f   Thumb Code     0  startup_stm32f4xx.o(.text)
    I2C3_ER_IRQHandler                       0x0800023f   Thumb Code     0  startup_stm32f4xx.o(.text)
    I2C3_EV_IRQHandler                       0x0800023f   Thumb Code     0  startup_stm32f4xx.o(.text)
    OTG_FS_IRQHandler                        0x0800023f   Thumb Code     0  startup_stm32f4xx.o(.text)
    OTG_FS_WKUP_IRQHandler                   0x0800023f   Thumb Code     0  startup_stm32f4xx.o(.text)
    OTG_HS_EP1_IN_IRQHandler                 0x0800023f   Thumb Code     0  startup_stm32f4xx.o(.text)
    OTG_HS_EP1_OUT_IRQHandler                0x0800023f   Thumb Code     0  startup_stm32f4xx.o(.text)
    OTG_HS_IRQHandler                        0x0800023f   Thumb Code     0  startup_stm32f4xx.o(.text)
    OTG_HS_WKUP_IRQHandler                   0x0800023f   Thumb Code     0  startup_stm32f4xx.o(.text)
    PVD_IRQHandler                           0x0800023f   Thumb Code     0  startup_stm32f4xx.o(.text)
    RCC_IRQHandler                           0x0800023f   Thumb Code     0  startup_stm32f4xx.o(.text)
    RTC_Alarm_IRQHandler                     0x0800023f   Thumb Code     0  startup_stm32f4xx.o(.text)
    RTC_WKUP_IRQHandler                      0x0800023f   Thumb Code     0  startup_stm32f4xx.o(.text)
    SDIO_IRQHandler                          0x0800023f   Thumb Code     0  startup_stm32f4xx.o(.text)
    SPI1_IRQHandler                          0x0800023f   Thumb Code     0  startup_stm32f4xx.o(.text)
    SPI2_IRQHandler                          0x0800023f   Thumb Code     0  startup_stm32f4xx.o(.text)
    SPI3_IRQHandler                          0x0800023f   Thumb Code     0  startup_stm32f4xx.o(.text)
    TAMP_STAMP_IRQHandler                    0x0800023f   Thumb Code     0  startup_stm32f4xx.o(.text)
    TIM1_BRK_TIM9_IRQHandler                 0x0800023f   Thumb Code     0  startup_stm32f4xx.o(.text)
    TIM1_CC_IRQHandler                       0x0800023f   Thumb Code     0  startup_stm32f4xx.o(.text)
    TIM1_TRG_COM_TIM11_IRQHandler            0x0800023f   Thumb Code     0  startup_stm32f4xx.o(.text)
    TIM1_UP_TIM10_IRQHandler                 0x0800023f   Thumb Code     0  startup_stm32f4xx.o(.text)
    TIM2_IRQHandler                          0x0800023f   Thumb Code     0  startup_stm32f4xx.o(.text)
    TIM3_IRQHandler                          0x0800023f   Thumb Code     0  startup_stm32f4xx.o(.text)
    TIM4_IRQHandler                          0x0800023f   Thumb Code     0  startup_stm32f4xx.o(.text)
    TIM5_IRQHandler                          0x0800023f   Thumb Code     0  startup_stm32f4xx.o(.text)
    TIM6_DAC_IRQHandler                      0x0800023f   Thumb Code     0  startup_stm32f4xx.o(.text)
    TIM7_IRQHandler                          0x0800023f   Thumb Code     0  startup_stm32f4xx.o(.text)
    TIM8_BRK_TIM12_IRQHandler                0x0800023f   Thumb Code     0  startup_stm32f4xx.o(.text)
    TIM8_CC_IRQHandler                       0x0800023f   Thumb Code     0  startup_stm32f4xx.o(.text)
    TIM8_TRG_COM_TIM14_IRQHandler            0x0800023f   Thumb Code     0  startup_stm32f4xx.o(.text)
    TIM8_UP_TIM13_IRQHandler                 0x0800023f   Thumb Code     0  startup_stm32f4xx.o(.text)
    UART4_IRQHandler                         0x0800023f   Thumb Code     0  startup_stm32f4xx.o(.text)
    UART5_IRQHandler                         0x0800023f   Thumb Code     0  startup_stm32f4xx.o(.text)
    USART1_IRQHandler                        0x0800023f   Thumb Code     0  startup_stm32f4xx.o(.text)
    USART2_IRQHandler                        0x0800023f   Thumb Code     0  startup_stm32f4xx.o(.text)
    USART3_IRQHandler                        0x0800023f   Thumb Code     0  startup_stm32f4xx.o(.text)
    USART6_IRQHandler                        0x0800023f   Thumb Code     0  startup_stm32f4xx.o(.text)
    WWDG_IRQHandler                          0x0800023f   Thumb Code     0  startup_stm32f4xx.o(.text)
    __aeabi_memcpy                           0x08000249   Thumb Code    36  memcpya.o(.text)
    __aeabi_memcpy4                          0x08000249   Thumb Code     0  memcpya.o(.text)
    __aeabi_memcpy8                          0x08000249   Thumb Code     0  memcpya.o(.text)
    __aeabi_memset                           0x0800026d   Thumb Code    14  memseta.o(.text)
    __aeabi_memset4                          0x0800026d   Thumb Code     0  memseta.o(.text)
    __aeabi_memset8                          0x0800026d   Thumb Code     0  memseta.o(.text)
    __aeabi_memclr                           0x0800027b   Thumb Code     4  memseta.o(.text)
    __aeabi_memclr4                          0x0800027b   Thumb Code     0  memseta.o(.text)
    __aeabi_memclr8                          0x0800027b   Thumb Code     0  memseta.o(.text)
    _memset$wrapper                          0x0800027f   Thumb Code    20  memseta.o(.text)
    strncpy                                  0x08000293   Thumb Code    24  strncpy.o(.text)
    memcmp                                   0x080002ab   Thumb Code    26  memcmp.o(.text)
    __aeabi_uidiv                            0x080002c5   Thumb Code     0  uidiv.o(.text)
    __aeabi_uidivmod                         0x080002c5   Thumb Code    44  uidiv.o(.text)
    __scatterload                            0x080002f1   Thumb Code    28  init.o(.text)
    __scatterload_rt2                        0x080002f1   Thumb Code     0  init.o(.text)
    __I$use$semihosting$fputc                0x08000315   Thumb Code     0  iusesemip.o(.text)
    __decompress                             0x08000315   Thumb Code     0  __dczerorl2.o(.text)
    __decompress1                            0x08000315   Thumb Code    92  __dczerorl2.o(.text)
    __semihosting_library_function           0x08000315   Thumb Code     0  semi.o(.text)
    BusFault_Handler                         0x08000371   Thumb Code     2  stm32f4xx_it.o(i.BusFault_Handler)
    DebugMon_Handler                         0x08000373   Thumb Code     2  stm32f4xx_it.o(i.DebugMon_Handler)
    ETH_BSP_Config                           0x08000375   Thumb Code   116  stm32f4x7_eth_bsp.o(i.ETH_BSP_Config)
    ETH_DMAClearITPendingBit                 0x08000415   Thumb Code     6  stm32f4x7_eth.o(i.ETH_DMAClearITPendingBit)
    ETH_DMAITConfig                          0x08000421   Thumb Code    18  stm32f4x7_eth.o(i.ETH_DMAITConfig)
    ETH_DMAReceptionCmd                      0x08000439   Thumb Code    22  stm32f4x7_eth.o(i.ETH_DMAReceptionCmd)
    ETH_DMARxDescChainInit                   0x08000455   Thumb Code    74  stm32f4x7_eth.o(i.ETH_DMARxDescChainInit)
    ETH_DMARxDescReceiveITConfig             0x080004ad   Thumb Code    18  stm32f4x7_eth.o(i.ETH_DMARxDescReceiveITConfig)
    ETH_DMATransmissionCmd                   0x080004c1   Thumb Code    22  stm32f4x7_eth.o(i.ETH_DMATransmissionCmd)
    ETH_DMATxDescChainInit                   0x080004dd   Thumb Code    62  stm32f4x7_eth.o(i.ETH_DMATxDescChainInit)
    ETH_DMATxDescChecksumInsertionConfig     0x08000525   Thumb Code     8  stm32f4x7_eth.o(i.ETH_DMATxDescChecksumInsertionConfig)
    ETH_DeInit                               0x0800052d   Thumb Code    24  stm32f4x7_eth.o(i.ETH_DeInit)
    ETH_FlushTransmitFIFO                    0x08000551   Thumb Code    12  stm32f4x7_eth.o(i.ETH_FlushTransmitFIFO)
    ETH_GetDMAFlagStatus                     0x08000631   Thumb Code    16  stm32f4x7_eth.o(i.ETH_GetDMAFlagStatus)
    ETH_GetSoftwareResetStatus               0x08000645   Thumb Code    14  stm32f4x7_eth.o(i.ETH_GetSoftwareResetStatus)
    ETH_Get_Received_Frame_interrupt         0x08000659   Thumb Code   134  stm32f4x7_eth.o(i.ETH_Get_Received_Frame_interrupt)
    ETH_IRQHandler                           0x080006e5   Thumb Code    56  stm32f4xx_it.o(i.ETH_IRQHandler)
    ETH_Init                                 0x08000721   Thumb Code   512  stm32f4x7_eth.o(i.ETH_Init)
    ETH_MACAddressConfig                     0x08000959   Thumb Code    22  stm32f4x7_eth.o(i.ETH_MACAddressConfig)
    ETH_MACReceptionCmd                      0x080009f9   Thumb Code    22  stm32f4x7_eth.o(i.ETH_MACReceptionCmd)
    ETH_MACTransmissionCmd                   0x08000a15   Thumb Code    22  stm32f4x7_eth.o(i.ETH_MACTransmissionCmd)
    ETH_Prepare_Transmit_Descriptors         0x08000a31   Thumb Code   164  stm32f4x7_eth.o(i.ETH_Prepare_Transmit_Descriptors)
    ETH_ReadPHYRegister                      0x08000add   Thumb Code    70  stm32f4x7_eth.o(i.ETH_ReadPHYRegister)
    ETH_SoftwareReset                        0x08000b2d   Thumb Code    12  stm32f4x7_eth.o(i.ETH_SoftwareReset)
    ETH_Start                                0x08000b3d   Thumb Code    34  stm32f4x7_eth.o(i.ETH_Start)
    ETH_StructInit                           0x08000b5f   Thumb Code   136  stm32f4x7_eth.o(i.ETH_StructInit)
    ETH_WritePHYRegister                     0x08000be9   Thumb Code    66  stm32f4x7_eth.o(i.ETH_WritePHYRegister)
    EXTI15_10_IRQHandler                     0x08000c35   Thumb Code    34  stm32f4xx_it.o(i.EXTI15_10_IRQHandler)
    EXTI_ClearITPendingBit                   0x08000c59   Thumb Code     6  stm32f4xx_exti.o(i.EXTI_ClearITPendingBit)
    EXTI_GetITStatus                         0x08000c65   Thumb Code    28  stm32f4xx_exti.o(i.EXTI_GetITStatus)
    EXTI_Init                                0x08000c85   Thumb Code   108  stm32f4xx_exti.o(i.EXTI_Init)
    Eth_Link_EXTIConfig                      0x08000cf5   Thumb Code   110  stm32f4x7_eth_bsp.o(i.Eth_Link_EXTIConfig)
    Eth_Link_ITHandler                       0x08000d69   Thumb Code   112  stm32f4x7_eth_bsp.o(i.Eth_Link_ITHandler)
    Eth_Link_PHYITConfig                     0x08000e25   Thumb Code    54  stm32f4x7_eth_bsp.o(i.Eth_Link_PHYITConfig)
    FSMC_NORSRAMCmd                          0x08000e5d   Thumb Code    28  stm32f4xx_fsmc.o(i.FSMC_NORSRAMCmd)
    FSMC_NORSRAMInit                         0x08000e7d   Thumb Code   192  stm32f4xx_fsmc.o(i.FSMC_NORSRAMInit)
    GPIO_Init                                0x08000f3d   Thumb Code   124  stm32f4xx_gpio.o(i.GPIO_Init)
    GPIO_PinAFConfig                         0x08000fb9   Thumb Code    32  stm32f4xx_gpio.o(i.GPIO_PinAFConfig)
    HardFault_Handler                        0x08000fd9   Thumb Code     2  stm32f4xx_it.o(i.HardFault_Handler)
    LCD_Clear                                0x08000fdd   Thumb Code    40  stm324xg_eval_lcd.o(i.LCD_Clear)
    LCD_CtrlLinesConfig                      0x08001009   Thumb Code   308  stm324xg_eval_lcd.o(i.LCD_CtrlLinesConfig)
    LCD_DisplayChar                          0x08001149   Thumb Code    26  stm324xg_eval_lcd.o(i.LCD_DisplayChar)
    LCD_DisplayStringLine                    0x08001169   Thumb Code    52  stm324xg_eval_lcd.o(i.LCD_DisplayStringLine)
    LCD_DrawChar                             0x080011a1   Thumb Code   118  stm324xg_eval_lcd.o(i.LCD_DrawChar)
    LCD_FSMCConfig                           0x08001221   Thumb Code    78  stm324xg_eval_lcd.o(i.LCD_FSMCConfig)
    LCD_GetFont                              0x08001271   Thumb Code     6  stm324xg_eval_lcd.o(i.LCD_GetFont)
    LCD_LED_Init                             0x0800127d   Thumb Code   112  main.o(i.LCD_LED_Init)
    LCD_ReadReg                              0x0800134d   Thumb Code    12  stm324xg_eval_lcd.o(i.LCD_ReadReg)
    LCD_SetBackColor                         0x0800135d   Thumb Code     6  stm324xg_eval_lcd.o(i.LCD_SetBackColor)
    LCD_SetCursor                            0x08001369   Thumb Code    24  stm324xg_eval_lcd.o(i.LCD_SetCursor)
    LCD_SetTextColor                         0x08001381   Thumb Code     6  stm324xg_eval_lcd.o(i.LCD_SetTextColor)
    LCD_WriteReg                             0x0800138d   Thumb Code    12  stm324xg_eval_lcd.o(i.LCD_WriteReg)
    LwIP_Init                                0x0800139d   Thumb Code   132  netconf.o(i.LwIP_Init)
    MemManage_Handler                        0x08001459   Thumb Code     2  stm32f4xx_it.o(i.MemManage_Handler)
    NMI_Handler                              0x0800145b   Thumb Code     2  stm32f4xx_it.o(i.NMI_Handler)
    NVIC_Init                                0x0800145d   Thumb Code    92  misc.o(i.NVIC_Init)
    NVIC_PriorityGroupConfig                 0x080014c1   Thumb Code    10  misc.o(i.NVIC_PriorityGroupConfig)
    RCC_AHB1PeriphClockCmd                   0x080014d5   Thumb Code    18  stm32f4xx_rcc.o(i.RCC_AHB1PeriphClockCmd)
    RCC_AHB1PeriphResetCmd                   0x080014ed   Thumb Code    18  stm32f4xx_rcc.o(i.RCC_AHB1PeriphResetCmd)
    RCC_AHB3PeriphClockCmd                   0x08001505   Thumb Code    18  stm32f4xx_rcc.o(i.RCC_AHB3PeriphClockCmd)
    RCC_APB2PeriphClockCmd                   0x0800151d   Thumb Code    18  stm32f4xx_rcc.o(i.RCC_APB2PeriphClockCmd)
    RCC_GetClocksFreq                        0x08001535   Thumb Code   134  stm32f4xx_rcc.o(i.RCC_GetClocksFreq)
    RCC_MCO1Config                           0x080015c9   Thumb Code    16  stm32f4xx_rcc.o(i.RCC_MCO1Config)
    STM324xG_LCD_Init                        0x080015dd   Thumb Code   656  stm324xg_eval_lcd.o(i.STM324xG_LCD_Init)
    STM_EVAL_LEDInit                         0x08001875   Thumb Code    62  stm324xg_eval.o(i.STM_EVAL_LEDInit)
    STM_EVAL_LEDToggle                       0x080018bd   Thumb Code    20  stm324xg_eval.o(i.STM_EVAL_LEDToggle)
    SYSCFG_ETH_MediaInterfaceConfig          0x080018d9   Thumb Code     6  stm32f4xx_syscfg.o(i.SYSCFG_ETH_MediaInterfaceConfig)
    SYSCFG_EXTILineConfig                    0x080018e5   Thumb Code    34  stm32f4xx_syscfg.o(i.SYSCFG_EXTILineConfig)
    SysTick_Handler                          0x080019a9   Thumb Code     4  stm32f4xx_it.o(i.SysTick_Handler)
    SystemInit                               0x080019ad   Thumb Code    62  system_stm32f4xx.o(i.SystemInit)
    ToggleLed4                               0x080019fd   Thumb Code    28  main.o(i.ToggleLed4)
    UsageFault_Handler                       0x08001a21   Thumb Code     2  stm32f4xx_it.o(i.UsageFault_Handler)
    __0printf$1                              0x08001a25   Thumb Code    22  printf1.o(i.__0printf$1)
    __1printf$1                              0x08001a25   Thumb Code     0  printf1.o(i.__0printf$1)
    __2printf                                0x08001a25   Thumb Code     0  printf1.o(i.__0printf$1)
    __0sprintf$1                             0x08001a45   Thumb Code    34  printf1.o(i.__0sprintf$1)
    __1sprintf$1                             0x08001a45   Thumb Code     0  printf1.o(i.__0sprintf$1)
    __2sprintf                               0x08001a45   Thumb Code     0  printf1.o(i.__0sprintf$1)
    __scatterload_copy                       0x08001a6d   Thumb Code    14  handlers.o(i.__scatterload_copy)
    __scatterload_null                       0x08001a7b   Thumb Code     2  handlers.o(i.__scatterload_null)
    __scatterload_zeroinit                   0x08001a7d   Thumb Code    14  handlers.o(i.__scatterload_zeroinit)
    autoip_arp_reply                         0x08001ca1   Thumb Code   154  autoip.o(i.autoip_arp_reply)
    autoip_init                              0x08001d3b   Thumb Code     2  autoip.o(i.autoip_init)
    autoip_start                             0x08001d3d   Thumb Code   140  autoip.o(i.autoip_start)
    autoip_tmr                               0x08001e31   Thumb Code   266  autoip.o(i.autoip_tmr)
    delay_ms                                 0x08001f51   Thumb Code    28  stm324xg_eval_lcd.o(i.delay_ms)
    dhcp_arp_reply                           0x08001f6d   Thumb Code    30  dhcp.o(i.dhcp_arp_reply)
    dhcp_coarse_tmr                          0x0800208d   Thumb Code    90  dhcp.o(i.dhcp_coarse_tmr)
    dhcp_fine_tmr                            0x08002351   Thumb Code    46  dhcp.o(i.dhcp_fine_tmr)
    dhcp_release                             0x08002589   Thumb Code   176  dhcp.o(i.dhcp_release)
    dhcp_renew                               0x0800263d   Thumb Code   144  dhcp.o(i.dhcp_renew)
    do_bind                                  0x0800288d   Thumb Code    92  api_msg.o(i.do_bind)
    do_close                                 0x080028e9   Thumb Code    34  api_msg.o(i.do_close)
    do_connect                               0x080029b5   Thumb Code   102  api_msg.o(i.do_connect)
    do_delconn                               0x08002a4d   Thumb Code   104  api_msg.o(i.do_delconn)
    do_listen                                0x08002ab5   Thumb Code   144  api_msg.o(i.do_listen)
    do_newconn                               0x08002b49   Thumb Code    28  api_msg.o(i.do_newconn)
    do_recv                                  0x08002b65   Thumb Code    46  api_msg.o(i.do_recv)
    do_send                                  0x08002b93   Thumb Code    98  api_msg.o(i.do_send)
    do_write                                 0x08002bf5   Thumb Code    54  api_msg.o(i.do_write)
    etharp_arp_input                         0x08002d49   Thumb Code   254  etharp.o(i.etharp_arp_input)
    etharp_output                            0x08002e4d   Thumb Code   180  etharp.o(i.etharp_output)
    etharp_query                             0x08002f05   Thumb Code   134  etharp.o(i.etharp_query)
    etharp_raw                               0x08002f91   Thumb Code   178  etharp.o(i.etharp_raw)
    etharp_request                           0x08003049   Thumb Code    32  etharp.o(i.etharp_request)
    etharp_tmr                               0x080030a5   Thumb Code    54  etharp.o(i.etharp_tmr)
    ethernet_input                           0x080030e1   Thumb Code    76  etharp.o(i.ethernet_input)
    ethernetif_init                          0x0800312d   Thumb Code    42  ethernetif.o(i.ethernetif_init)
    fputc                                    0x0800327d   Thumb Code    18  fputc.o(i.fputc)
    htonl                                    0x0800328f   Thumb Code     4  inet.o(i.htonl)
    htons                                    0x08003293   Thumb Code     4  inet.o(i.htons)
    icmp_dest_unreach                        0x08003297   Thumb Code   102  icmp.o(i.icmp_dest_unreach)
    icmp_input                               0x080032fd   Thumb Code   276  icmp.o(i.icmp_input)
    inet_chksum                              0x08003411   Thumb Code    12  inet_chksum.o(i.inet_chksum)
    inet_chksum_pbuf                         0x0800341d   Thumb Code    72  inet_chksum.o(i.inet_chksum_pbuf)
    ip_addr_isbroadcast                      0x08003465   Thumb Code    48  ip_addr.o(i.ip_addr_isbroadcast)
    ip_input                                 0x08003495   Thumb Code   372  ip.o(i.ip_input)
    ip_output                                0x08003611   Thumb Code    52  ip.o(i.ip_output)
    ip_output_if                             0x08003645   Thumb Code   170  ip.o(i.ip_output_if)
    ip_route                                 0x080036f5   Thumb Code    62  ip.o(i.ip_route)
    lwip_init                                0x08003901   Thumb Code    22  init.o(i.lwip_init)
    main                                     0x08003951   Thumb Code    52  main.o(i.main)
    mem_free                                 0x08003991   Thumb Code    60  mem.o(i.mem_free)
    mem_init                                 0x080039d1   Thumb Code    52  mem.o(i.mem_init)
    mem_malloc                               0x08003a0d   Thumb Code   188  mem.o(i.mem_malloc)
    mem_realloc                              0x08003acd   Thumb Code   214  mem.o(i.mem_realloc)
    memp_free                                0x08003ba9   Thumb Code    18  memp.o(i.memp_free)
    memp_init                                0x08003bc1   Thumb Code    78  memp.o(i.memp_init)
    memp_malloc                              0x08003c19   Thumb Code    28  memp.o(i.memp_malloc)
    netbuf_data                              0x08003c39   Thumb Code    38  netbuf.o(i.netbuf_data)
    netbuf_delete                            0x08003c5f   Thumb Code    34  netbuf.o(i.netbuf_delete)
    netbuf_next                              0x08003c81   Thumb Code    30  netbuf.o(i.netbuf_next)
    netconn_accept                           0x08003c9f   Thumb Code    40  api_lib.o(i.netconn_accept)
    netconn_alloc                            0x08003cc7   Thumb Code   116  api_msg.o(i.netconn_alloc)
    netconn_bind                             0x08003d3d   Thumb Code    40  api_lib.o(i.netconn_bind)
    netconn_close                            0x08003d69   Thumb Code    34  api_lib.o(i.netconn_close)
    netconn_connect                          0x08003d91   Thumb Code    40  api_lib.o(i.netconn_connect)
    netconn_delete                           0x08003dbd   Thumb Code    36  api_lib.o(i.netconn_delete)
    netconn_free                             0x08003de5   Thumb Code   104  api_msg.o(i.netconn_free)
    netconn_listen_with_backlog              0x08003e4d   Thumb Code    34  api_lib.o(i.netconn_listen_with_backlog)
    netconn_new_with_proto_and_callback      0x08003e75   Thumb Code    66  api_lib.o(i.netconn_new_with_proto_and_callback)
    netconn_recv                             0x08003ebd   Thumb Code   204  api_lib.o(i.netconn_recv)
    netconn_send                             0x08003f8d   Thumb Code    36  api_lib.o(i.netconn_send)
    netconn_write                            0x08003fb5   Thumb Code    54  api_lib.o(i.netconn_write)
    netif_add                                0x08003ff1   Thumb Code    72  netif.o(i.netif_add)
    netif_is_up                              0x0800403d   Thumb Code    10  netif.o(i.netif_is_up)
    netif_set_addr                           0x08004047   Thumb Code    32  netif.o(i.netif_set_addr)
    netif_set_default                        0x08004069   Thumb Code     6  netif.o(i.netif_set_default)
    netif_set_down                           0x08004075   Thumb Code    18  netif.o(i.netif_set_down)
    netif_set_gw                             0x08004087   Thumb Code     8  netif.o(i.netif_set_gw)
    netif_set_ipaddr                         0x08004091   Thumb Code    96  netif.o(i.netif_set_ipaddr)
    netif_set_netmask                        0x080040f9   Thumb Code     8  netif.o(i.netif_set_netmask)
    netif_set_up                             0x08004101   Thumb Code    28  netif.o(i.netif_set_up)
    ntohl                                    0x0800411d   Thumb Code     4  inet.o(i.ntohl)
    ntohs                                    0x08004121   Thumb Code     4  inet.o(i.ntohs)
    pbuf_alloc                               0x08004125   Thumb Code   272  pbuf.o(i.pbuf_alloc)
    pbuf_cat                                 0x08004235   Thumb Code    40  pbuf.o(i.pbuf_cat)
    pbuf_chain                               0x0800425d   Thumb Code    18  pbuf.o(i.pbuf_chain)
    pbuf_clen                                0x0800426f   Thumb Code    18  pbuf.o(i.pbuf_clen)
    pbuf_copy                                0x08004281   Thumb Code   144  pbuf.o(i.pbuf_copy)
    pbuf_free                                0x08004311   Thumb Code    68  pbuf.o(i.pbuf_free)
    pbuf_header                              0x08004355   Thumb Code    96  pbuf.o(i.pbuf_header)
    pbuf_realloc                             0x080043b5   Thumb Code    80  pbuf.o(i.pbuf_realloc)
    pbuf_ref                                 0x08004405   Thumb Code    12  pbuf.o(i.pbuf_ref)
    pvPortMalloc                             0x08004671   Thumb Code   168  heap_2.o(i.pvPortMalloc)
    pxPortInitialiseStack                    0x08004721   Thumb Code    28  port.o(i.pxPortInitialiseStack)
    raw_bind                                 0x0800473d   Thumb Code    10  raw.o(i.raw_bind)
    raw_connect                              0x08004747   Thumb Code    10  raw.o(i.raw_connect)
    raw_input                                0x08004751   Thumb Code   102  raw.o(i.raw_input)
    raw_new                                  0x080047bd   Thumb Code    38  raw.o(i.raw_new)
    raw_recv                                 0x080047e9   Thumb Code     6  raw.o(i.raw_recv)
    raw_remove                               0x080047f1   Thumb Code    40  raw.o(i.raw_remove)
    raw_send                                 0x0800481d   Thumb Code     6  raw.o(i.raw_send)
    raw_sendto                               0x08004823   Thumb Code   138  raw.o(i.raw_sendto)
    sys_arch_mbox_fetch                      0x08004a4d   Thumb Code    76  sys_arch.o(i.sys_arch_mbox_fetch)
    sys_arch_mbox_tryfetch                   0x08004a99   Thumb Code    28  sys_arch.o(i.sys_arch_mbox_tryfetch)
    sys_arch_sem_wait                        0x08004ab5   Thumb Code    66  sys_arch.o(i.sys_arch_sem_wait)
    sys_arch_timeouts                        0x08004af9   Thumb Code    40  sys_arch.o(i.sys_arch_timeouts)
    sys_init                                 0x08004b29   Thumb Code    30  sys_arch.o(i.sys_init)
    sys_mbox_fetch                           0x08004b51   Thumb Code    96  sys.o(i.sys_mbox_fetch)
    sys_mbox_free                            0x08004bb1   Thumb Code    18  sys_arch.o(i.sys_mbox_free)
    sys_mbox_new                             0x08004bc3   Thumb Code     8  sys_arch.o(i.sys_mbox_new)
    sys_mbox_post                            0x08004bcb   Thumb Code    26  sys_arch.o(i.sys_mbox_post)
    sys_mbox_trypost                         0x08004be5   Thumb Code    26  sys_arch.o(i.sys_mbox_trypost)
    sys_sem_free                             0x08004bff   Thumb Code     4  sys_arch.o(i.sys_sem_free)
    sys_sem_new                              0x08004c03   Thumb Code    50  sys_arch.o(i.sys_sem_new)
    sys_sem_signal                           0x08004c35   Thumb Code    10  sys_arch.o(i.sys_sem_signal)
    sys_thread_new                           0x08004c41   Thumb Code    72  sys_arch.o(i.sys_thread_new)
    sys_timeout                              0x08004c91   Thumb Code    98  sys.o(i.sys_timeout)
    sys_untimeout                            0x08004cf3   Thumb Code    78  sys.o(i.sys_untimeout)
    tcp_abandon                              0x08004d41   Thumb Code   144  tcp.o(i.tcp_abandon)
    tcp_accept                               0x08004dd5   Thumb Code     4  tcp.o(i.tcp_accept)
    tcp_alloc                                0x08004de1   Thumb Code   232  tcp.o(i.tcp_alloc)
    tcp_arg                                  0x08004ed5   Thumb Code     4  tcp.o(i.tcp_arg)
    tcp_bind                                 0x08004ed9   Thumb Code   186  tcp.o(i.tcp_bind)
    tcp_close                                0x08004f99   Thumb Code   154  tcp.o(i.tcp_close)
    tcp_connect                              0x08005039   Thumb Code   186  tcp.o(i.tcp_connect)
    tcp_eff_send_mss                         0x080050f9   Thumb Code    32  tcp.o(i.tcp_eff_send_mss)
    tcp_enqueue                              0x08005119   Thumb Code   834  tcp_out.o(i.tcp_enqueue)
    tcp_err                                  0x0800545b   Thumb Code     6  tcp.o(i.tcp_err)
    tcp_fasttmr                              0x08005461   Thumb Code    86  tcp.o(i.tcp_fasttmr)
    tcp_input                                0x080054bd   Thumb Code   738  tcp_in.o(i.tcp_input)
    tcp_keepalive                            0x080057b5   Thumb Code    70  tcp_out.o(i.tcp_keepalive)
    tcp_listen_with_backlog                  0x080058e9   Thumb Code   122  tcp.o(i.tcp_listen_with_backlog)
    tcp_new                                  0x0800596d   Thumb Code     6  tcp.o(i.tcp_new)
    tcp_next_iss                             0x080059d5   Thumb Code    12  tcp.o(i.tcp_next_iss)
    tcp_output                               0x080059e5   Thumb Code   432  tcp_out.o(i.tcp_output)
    tcp_pcb_purge                            0x08005d45   Thumb Code    48  tcp.o(i.tcp_pcb_purge)
    tcp_pcb_remove                           0x08005d75   Thumb Code    86  tcp.o(i.tcp_pcb_remove)
    tcp_poll                                 0x08005dd1   Thumb Code    10  tcp.o(i.tcp_poll)
    tcp_recv                                 0x0800656d   Thumb Code     6  tcp.o(i.tcp_recv)
    tcp_recv_null                            0x08006573   Thumb Code    36  tcp.o(i.tcp_recv_null)
    tcp_recved                               0x08006597   Thumb Code    60  tcp.o(i.tcp_recved)
    tcp_rexmit                               0x080065d3   Thumb Code    78  tcp_out.o(i.tcp_rexmit)
    tcp_rexmit_fast                          0x08006621   Thumb Code    86  tcp_out.o(i.tcp_rexmit_fast)
    tcp_rexmit_rto                           0x08006677   Thumb Code    46  tcp_out.o(i.tcp_rexmit_rto)
    tcp_rst                                  0x080066a5   Thumb Code   156  tcp_out.o(i.tcp_rst)
    tcp_seg_free                             0x08006741   Thumb Code    32  tcp.o(i.tcp_seg_free)
    tcp_segs_free                            0x08006761   Thumb Code    26  tcp.o(i.tcp_segs_free)
    tcp_send_ctrl                            0x0800677b   Thumb Code    22  tcp_out.o(i.tcp_send_ctrl)
    tcp_send_empty_ack                       0x08006791   Thumb Code    86  tcp_out.o(i.tcp_send_empty_ack)
    tcp_sent                                 0x080067e7   Thumb Code     6  tcp.o(i.tcp_sent)
    tcp_slowtmr                              0x080067ed   Thumb Code   538  tcp.o(i.tcp_slowtmr)
    tcp_timer_needed                         0x08006a19   Thumb Code    36  tcpip.o(i.tcp_timer_needed)
    tcp_tmr                                  0x08006ab9   Thumb Code    28  tcp.o(i.tcp_tmr)
    tcp_update_rcv_ann_wnd                   0x08006ad9   Thumb Code    54  tcp.o(i.tcp_update_rcv_ann_wnd)
    tcp_write                                0x08006b0f   Thumb Code    46  tcp_out.o(i.tcp_write)
    tcp_zero_window_probe                    0x08006b3d   Thumb Code   144  tcp_out.o(i.tcp_zero_window_probe)
    tcpecho_init                             0x08006bcd   Thumb Code    22  tcpecho.o(i.tcpecho_init)
    tcpip_apimsg                             0x08006cad   Thumb Code    48  tcpip.o(i.tcpip_apimsg)
    tcpip_init                               0x08006ce1   Thumb Code    44  tcpip.o(i.tcpip_init)
    tcpip_input                              0x08006d1d   Thumb Code    68  tcpip.o(i.tcpip_input)
    udp_bind                                 0x08006e51   Thumb Code    86  udp.o(i.udp_bind)
    udp_connect                              0x08006ead   Thumb Code    70  udp.o(i.udp_connect)
    udp_input                                0x08006ef9   Thumb Code   352  udp.o(i.udp_input)
    udp_new                                  0x0800705d   Thumb Code    26  udp.o(i.udp_new)
    udp_recv                                 0x08007077   Thumb Code     6  udp.o(i.udp_recv)
    udp_remove                               0x0800707d   Thumb Code    40  udp.o(i.udp_remove)
    udp_send                                 0x080070a9   Thumb Code     8  udp.o(i.udp_send)
    udp_sendto                               0x080070b1   Thumb Code    40  udp.o(i.udp_sendto)
    udp_sendto_if                            0x080070d9   Thumb Code   176  udp.o(i.udp_sendto_if)
    udpecho_init                             0x08007189   Thumb Code    22  udpecho.o(i.udpecho_init)
    uxQueueMessagesWaiting                   0x080072b9   Thumb Code    18  queue.o(i.uxQueueMessagesWaiting)
    vListInitialise                          0x080072cb   Thumb Code    22  list.o(i.vListInitialise)
    vListInitialiseItem                      0x080072e1   Thumb Code     6  list.o(i.vListInitialiseItem)
    vListInsert                              0x080072e7   Thumb Code    48  list.o(i.vListInsert)
    vListInsertEnd                           0x08007317   Thumb Code    28  list.o(i.vListInsertEnd)
    vListRemove                              0x08007333   Thumb Code    36  list.o(i.vListRemove)
    vPortEnterCritical                       0x08007359   Thumb Code    16  port.o(i.vPortEnterCritical)
    vPortExitCritical                        0x0800736d   Thumb Code    16  port.o(i.vPortExitCritical)
    vPortFree                                0x08007381   Thumb Code    56  heap_2.o(i.vPortFree)
    vPortYieldFromISR                        0x080073bd   Thumb Code    10  port.o(i.vPortYieldFromISR)
    vQueueDelete                             0x080073cd   Thumb Code    20  queue.o(i.vQueueDelete)
    vTaskDelay                               0x080073e1   Thumb Code    68  tasks.o(i.vTaskDelay)
    vTaskIncrementTick                       0x08007429   Thumb Code   114  tasks.o(i.vTaskIncrementTick)
    vTaskMissedYield                         0x080074a5   Thumb Code     8  tasks.o(i.vTaskMissedYield)
    vTaskPlaceOnEventList                    0x080074b1   Thumb Code    56  tasks.o(i.vTaskPlaceOnEventList)
    vTaskPriorityDisinherit                  0x080074ed   Thumb Code    64  tasks.o(i.vTaskPriorityDisinherit)
    vTaskPriorityInherit                     0x08007535   Thumb Code    90  tasks.o(i.vTaskPriorityInherit)
    vTaskSetTimeOutState                     0x08007599   Thumb Code    12  tasks.o(i.vTaskSetTimeOutState)
    vTaskStartScheduler                      0x080075a9   Thumb Code    50  tasks.o(i.vTaskStartScheduler)
    vTaskSuspendAll                          0x080075ed   Thumb Code    10  tasks.o(i.vTaskSuspendAll)
    vTaskSwitchContext                       0x080075fd   Thumb Code    66  tasks.o(i.vTaskSwitchContext)
    xPortStartScheduler                      0x08007649   Thumb Code    46  port.o(i.xPortStartScheduler)
    xPortSysTickHandler                      0x08007685   Thumb Code    26  port.o(i.xPortSysTickHandler)
    xQueueCreate                             0x080076a5   Thumb Code    94  queue.o(i.xQueueCreate)
    xQueueCreateCountingSemaphore            0x08007703   Thumb Code    18  queue.o(i.xQueueCreateCountingSemaphore)
    xQueueGenericReceive                     0x08007715   Thumb Code   264  queue.o(i.xQueueGenericReceive)
    xQueueGenericSend                        0x0800781d   Thumb Code   210  queue.o(i.xQueueGenericSend)
    xQueueGenericSendFromISR                 0x080078ef   Thumb Code    84  queue.o(i.xQueueGenericSendFromISR)
    xTaskCheckForTimeOut                     0x08007945   Thumb Code    68  tasks.o(i.xTaskCheckForTimeOut)
    xTaskGenericCreate                       0x0800798d   Thumb Code   342  tasks.o(i.xTaskGenericCreate)
    xTaskGetCurrentTaskHandle                0x08007aed   Thumb Code     6  tasks.o(i.xTaskGetCurrentTaskHandle)
    xTaskGetTickCount                        0x08007af9   Thumb Code    18  tasks.o(i.xTaskGetTickCount)
    xTaskRemoveFromEventList                 0x08007b11   Thumb Code    88  tasks.o(i.xTaskRemoveFromEventList)
    xTaskResumeAll                           0x08007b71   Thumb Code   168  tasks.o(i.xTaskResumeAll)
    tcp_persist_backoff                      0x08007c50   Data           7  tcp.o(.constdata)
    tcp_backoff                              0x08007c57   Data          13  tcp.o(.constdata)
    ip_addr_any                              0x08007c64   Data           4  ip_addr.o(.constdata)
    ip_addr_broadcast                        0x08007c68   Data           4  ip_addr.o(.constdata)
    ethbroadcast                             0x08007c6c   Data           6  etharp.o(.constdata)
    ethzero                                  0x08007c72   Data           6  etharp.o(.constdata)
    ASCII16x24_Table                         0x08007c78   Data        4560  stm324xg_eval_lcd.o(.constdata)
    COM_TX_PIN                               0x08008e48   Data           2  stm324xg_eval.o(.constdata)
    COM_RX_PIN                               0x08008e4a   Data           2  stm324xg_eval.o(.constdata)
    COM_TX_PIN_SOURCE                        0x08008e4c   Data           2  stm324xg_eval.o(.constdata)
    COM_RX_PIN_SOURCE                        0x08008e4e   Data           2  stm324xg_eval.o(.constdata)
    COM_TX_AF                                0x08008e50   Data           2  stm324xg_eval.o(.constdata)
    COM_RX_AF                                0x08008e52   Data           2  stm324xg_eval.o(.constdata)
    COM_USART_CLK                            0x08008e54   Data           4  stm324xg_eval.o(.constdata)
    COM_TX_PORT_CLK                          0x08008e58   Data           4  stm324xg_eval.o(.constdata)
    COM_RX_PORT_CLK                          0x08008e5c   Data           4  stm324xg_eval.o(.constdata)
    BUTTON_PIN                               0x08008e60   Data           6  stm324xg_eval.o(.constdata)
    BUTTON_EXTI_LINE                         0x08008e66   Data           6  stm324xg_eval.o(.constdata)
    BUTTON_PORT_SOURCE                       0x08008e6c   Data           6  stm324xg_eval.o(.constdata)
    BUTTON_PIN_SOURCE                        0x08008e72   Data           6  stm324xg_eval.o(.constdata)
    BUTTON_IRQn                              0x08008e78   Data           6  stm324xg_eval.o(.constdata)
    GPIO_PIN                                 0x08008e7e   Data           8  stm324xg_eval.o(.constdata)
    GPIO_CLK                                 0x08008e88   Data          16  stm324xg_eval.o(.constdata)
    BUTTON_CLK                               0x08008e98   Data          12  stm324xg_eval.o(.constdata)
    Region$$Table$$Base                      0x08008f0c   Number         0  anon$$obj.o(Region$$Table)
    Region$$Table$$Limit                     0x08008f2c   Number         0  anon$$obj.o(Region$$Table)
    test                                     0x20000000   Data           4  main.o(.data)
    EthLinkStatus                            0x20000004   Data           1  stm32f4x7_eth_bsp.o(.data)
    EthInitStatus                            0x20000008   Data           4  stm32f4x7_eth_bsp.o(.data)
    netif_list                               0x20000044   Data           4  netif.o(.data)
    netif_default                            0x20000048   Data           4  netif.o(.data)
    tcp_ticks                                0x20000058   Data           4  tcp.o(.data)
    tcp_bound_pcbs                           0x2000005c   Data           4  tcp.o(.data)
    tcp_listen_pcbs                          0x20000060   Data           4  tcp.o(.data)
    tcp_active_pcbs                          0x20000064   Data           4  tcp.o(.data)
    tcp_tw_pcbs                              0x20000068   Data           4  tcp.o(.data)
    tcp_tmp_pcb                              0x2000006c   Data           4  tcp.o(.data)
    tcp_state_str                            0x20000070   Data          44  tcp.o(.data)
    tcp_input_pcb                            0x200000b4   Data           4  tcp_in.o(.data)
    udp_pcbs                                 0x200000b8   Data           4  udp.o(.data)
    current_netif                            0x200000c0   Data           4  ip.o(.data)
    current_header                           0x200000c4   Data           4  ip.o(.data)
    s_xSemaphore                             0x200000d0   Data           4  ethernetif.o(.data)
    DMATxDescToSet                           0x200000ec   Data           4  stm32f4x7_eth.o(.data)
    DMARxDescToGet                           0x200000f0   Data           4  stm32f4x7_eth.o(.data)
    DMA_RX_FRAME_infos                       0x200000f4   Data           4  stm32f4x7_eth.o(.data)
    TextColor                                0x200000f8   Data           2  stm324xg_eval_lcd.o(.data)
    BackColor                                0x200000fa   Data           2  stm324xg_eval_lcd.o(.data)
    lcdid                                    0x200000fc   Data           4  stm324xg_eval_lcd.o(.data)
    Font16x24                                0x20000104   Data           8  stm324xg_eval_lcd.o(.data)
    COM_USART                                0x2000010c   Data           4  stm324xg_eval.o(.data)
    COM_TX_PORT                              0x20000110   Data           4  stm324xg_eval.o(.data)
    COM_RX_PORT                              0x20000114   Data           4  stm324xg_eval.o(.data)
    NVIC_InitStructure                       0x20000118   Data           4  stm324xg_eval.o(.data)
    GPIO_PORT                                0x2000011c   Data          16  stm324xg_eval.o(.data)
    BUTTON_PORT                              0x2000012c   Data          12  stm324xg_eval.o(.data)
    pxCurrentTCB                             0x20000154   Data           4  tasks.o(.data)
    __stdout                                 0x2000018c   Data           4  stdout.o(.data)
    xnetif                                   0x20000190   Data          56  netconf.o(.bss)
    DMARxDscrTab                             0x200051d4   Data         160  stm32f4x7_eth.o(.bss)
    DMATxDscrTab                             0x20005274   Data         160  stm32f4x7_eth.o(.bss)
    Rx_Buff                                  0x20005314   Data        7620  stm32f4x7_eth.o(.bss)
    Tx_Buff                                  0x200070d8   Data        7620  stm32f4x7_eth.o(.bss)
    RX_Frame_Descriptor                      0x20008e9c   Data          12  stm32f4x7_eth.o(.bss)
    __initial_sp                             0x2000cf88   Data           0  startup_stm32f4xx.o(STACK)



==============================================================================

Memory Map of the image

  Image Entry point : 0x08000189

  Load Region LR_IROM1 (Base: 0x08000000, Size: 0x000090bc, Max: 0x00100000, ABSOLUTE, COMPRESSED[0x00008f8c])

    Execution Region ER_IROM1 (Base: 0x08000000, Size: 0x00008f2c, Max: 0x00100000, ABSOLUTE)

    Base Addr    Size         Type   Attr      Idx    E Section Name        Object

    0x08000000   0x00000188   Data   RO          139    RESET               startup_stm32f4xx.o
    0x08000188   0x00000000   Code   RO         5769  * .ARM.Collect$$$$00000000  mc_w.l(entry.o)
    0x08000188   0x00000004   Code   RO         6051    .ARM.Collect$$$$00000001  mc_w.l(entry2.o)
    0x0800018c   0x00000004   Code   RO         6054    .ARM.Collect$$$$00000004  mc_w.l(entry5.o)
    0x08000190   0x00000000   Code   RO         6056    .ARM.Collect$$$$00000008  mc_w.l(entry7b.o)
    0x08000190   0x00000008   Code   RO         6057    .ARM.Collect$$$$00000009  mc_w.l(entry8.o)
    0x08000198   0x00000004   Code   RO         6052    .ARM.Collect$$$$00002712  mc_w.l(entry2.o)
    0x0800019c   0x00000088   Code   RO         5340    .emb_text           port.o
    0x08000224   0x00000024   Code   RO          140    .text               startup_stm32f4xx.o
    0x08000248   0x00000024   Code   RO         5772    .text               mc_w.l(memcpya.o)
    0x0800026c   0x00000026   Code   RO         5774    .text               mc_w.l(memseta.o)
    0x08000292   0x00000018   Code   RO         5776    .text               mc_w.l(strncpy.o)
    0x080002aa   0x0000001a   Code   RO         5778    .text               mc_w.l(memcmp.o)
    0x080002c4   0x0000002c   Code   RO         6061    .text               mc_w.l(uidiv.o)
    0x080002f0   0x00000024   Code   RO         6076    .text               mc_w.l(init.o)
    0x08000314   0x00000000   Code   RO         6078    .text               mc_w.l(semi.o)
    0x08000314   0x00000000   Code   RO         6085    .text               mc_w.l(iusesemip.o)
    0x08000314   0x0000005c   Code   RO         6094    .text               mc_w.l(__dczerorl2.o)
    0x08000370   0x00000002   Code   RO          518    i.BusFault_Handler  stm32f4xx_it.o
    0x08000372   0x00000002   Code   RO          519    i.DebugMon_Handler  stm32f4xx_it.o
    0x08000374   0x000000a0   Code   RO          471    i.ETH_BSP_Config    stm32f4x7_eth_bsp.o
    0x08000414   0x0000000c   Code   RO         4481    i.ETH_DMAClearITPendingBit  stm32f4x7_eth.o
    0x08000420   0x00000018   Code   RO         4482    i.ETH_DMAITConfig   stm32f4x7_eth.o
    0x08000438   0x0000001c   Code   RO         4483    i.ETH_DMAReceptionCmd  stm32f4x7_eth.o
    0x08000454   0x00000058   Code   RO         4484    i.ETH_DMARxDescChainInit  stm32f4x7_eth.o
    0x080004ac   0x00000012   Code   RO         4485    i.ETH_DMARxDescReceiveITConfig  stm32f4x7_eth.o
    0x080004be   0x00000002   PAD
    0x080004c0   0x0000001c   Code   RO         4486    i.ETH_DMATransmissionCmd  stm32f4x7_eth.o
    0x080004dc   0x00000048   Code   RO         4489    i.ETH_DMATxDescChainInit  stm32f4x7_eth.o
    0x08000524   0x00000008   Code   RO         4490    i.ETH_DMATxDescChecksumInsertionConfig  stm32f4x7_eth.o
    0x0800052c   0x00000018   Code   RO         4495    i.ETH_DeInit        stm32f4x7_eth.o
    0x08000544   0x0000000a   Code   RO         4496    i.ETH_Delay         stm32f4x7_eth.o
    0x0800054e   0x00000002   PAD
    0x08000550   0x00000010   Code   RO         4498    i.ETH_FlushTransmitFIFO  stm32f4x7_eth.o
    0x08000560   0x000000d0   Code   RO          472    i.ETH_GPIO_Config   stm32f4x7_eth_bsp.o
    0x08000630   0x00000014   Code   RO         4504    i.ETH_GetDMAFlagStatus  stm32f4x7_eth.o
    0x08000644   0x00000014   Code   RO         4524    i.ETH_GetSoftwareResetStatus  stm32f4x7_eth.o
    0x08000658   0x0000008c   Code   RO         4527    i.ETH_Get_Received_Frame_interrupt  stm32f4x7_eth.o
    0x080006e4   0x0000003c   Code   RO          520    i.ETH_IRQHandler    stm32f4xx_it.o
    0x08000720   0x00000238   Code   RO         4529    i.ETH_Init          stm32f4x7_eth.o
    0x08000958   0x0000001c   Code   RO         4531    i.ETH_MACAddressConfig  stm32f4x7_eth.o
    0x08000974   0x00000084   Code   RO          473    i.ETH_MACDMA_Config  stm32f4x7_eth_bsp.o
    0x080009f8   0x0000001c   Code   RO         4536    i.ETH_MACReceptionCmd  stm32f4x7_eth.o
    0x08000a14   0x0000001c   Code   RO         4537    i.ETH_MACTransmissionCmd  stm32f4x7_eth.o
    0x08000a30   0x000000ac   Code   RO         4548    i.ETH_Prepare_Transmit_Descriptors  stm32f4x7_eth.o
    0x08000adc   0x00000050   Code   RO         4549    i.ETH_ReadPHYRegister  stm32f4x7_eth.o
    0x08000b2c   0x00000010   Code   RO         4557    i.ETH_SoftwareReset  stm32f4x7_eth.o
    0x08000b3c   0x00000022   Code   RO         4558    i.ETH_Start         stm32f4x7_eth.o
    0x08000b5e   0x00000088   Code   RO         4559    i.ETH_StructInit    stm32f4x7_eth.o
    0x08000be6   0x00000002   PAD
    0x08000be8   0x0000004c   Code   RO         4561    i.ETH_WritePHYRegister  stm32f4x7_eth.o
    0x08000c34   0x00000022   Code   RO          521    i.EXTI15_10_IRQHandler  stm32f4xx_it.o
    0x08000c56   0x00000002   PAD
    0x08000c58   0x0000000c   Code   RO         3293    i.EXTI_ClearITPendingBit  stm32f4xx_exti.o
    0x08000c64   0x00000020   Code   RO         3297    i.EXTI_GetITStatus  stm32f4xx_exti.o
    0x08000c84   0x00000070   Code   RO         3298    i.EXTI_Init         stm32f4xx_exti.o
    0x08000cf4   0x00000074   Code   RO          474    i.Eth_Link_EXTIConfig  stm32f4x7_eth_bsp.o
    0x08000d68   0x000000bc   Code   RO          475    i.Eth_Link_ITHandler  stm32f4x7_eth_bsp.o
    0x08000e24   0x00000036   Code   RO          476    i.Eth_Link_PHYITConfig  stm32f4x7_eth_bsp.o
    0x08000e5a   0x00000002   PAD
    0x08000e5c   0x00000020   Code   RO         3551    i.FSMC_NORSRAMCmd   stm32f4xx_fsmc.o
    0x08000e7c   0x000000c0   Code   RO         3553    i.FSMC_NORSRAMInit  stm32f4xx_fsmc.o
    0x08000f3c   0x0000007c   Code   RO         3665    i.GPIO_Init         stm32f4xx_gpio.o
    0x08000fb8   0x00000020   Code   RO         3666    i.GPIO_PinAFConfig  stm32f4xx_gpio.o
    0x08000fd8   0x00000002   Code   RO          522    i.HardFault_Handler  stm32f4xx_it.o
    0x08000fda   0x00000002   PAD
    0x08000fdc   0x0000002c   Code   RO         5004    i.LCD_Clear         stm324xg_eval_lcd.o
    0x08001008   0x00000140   Code   RO         5008    i.LCD_CtrlLinesConfig  stm324xg_eval_lcd.o
    0x08001148   0x00000020   Code   RO         5010    i.LCD_DisplayChar   stm324xg_eval_lcd.o
    0x08001168   0x00000038   Code   RO         5011    i.LCD_DisplayStringLine  stm324xg_eval_lcd.o
    0x080011a0   0x00000080   Code   RO         5012    i.LCD_DrawChar      stm324xg_eval_lcd.o
    0x08001220   0x0000004e   Code   RO         5020    i.LCD_FSMCConfig    stm324xg_eval_lcd.o
    0x0800126e   0x00000002   PAD
    0x08001270   0x0000000c   Code   RO         5023    i.LCD_GetFont       stm324xg_eval_lcd.o
    0x0800127c   0x000000d0   Code   RO          145    i.LCD_LED_Init      main.o
    0x0800134c   0x00000010   Code   RO         5028    i.LCD_ReadReg       stm324xg_eval_lcd.o
    0x0800135c   0x0000000c   Code   RO         5029    i.LCD_SetBackColor  stm324xg_eval_lcd.o
    0x08001368   0x00000018   Code   RO         5031    i.LCD_SetCursor     stm324xg_eval_lcd.o
    0x08001380   0x0000000c   Code   RO         5033    i.LCD_SetTextColor  stm324xg_eval_lcd.o
    0x0800138c   0x00000010   Code   RO         5037    i.LCD_WriteReg      stm324xg_eval_lcd.o
    0x0800139c   0x000000bc   Code   RO          406    i.LwIP_Init         netconf.o
    0x08001458   0x00000002   Code   RO          523    i.MemManage_Handler  stm32f4xx_it.o
    0x0800145a   0x00000002   Code   RO          524    i.NMI_Handler       stm32f4xx_it.o
    0x0800145c   0x00000064   Code   RO         2890    i.NVIC_Init         misc.o
    0x080014c0   0x00000014   Code   RO         2891    i.NVIC_PriorityGroupConfig  misc.o
    0x080014d4   0x00000018   Code   RO         3758    i.RCC_AHB1PeriphClockCmd  stm32f4xx_rcc.o
    0x080014ec   0x00000018   Code   RO         3760    i.RCC_AHB1PeriphResetCmd  stm32f4xx_rcc.o
    0x08001504   0x00000018   Code   RO         3764    i.RCC_AHB3PeriphClockCmd  stm32f4xx_rcc.o
    0x0800151c   0x00000018   Code   RO         3770    i.RCC_APB2PeriphClockCmd  stm32f4xx_rcc.o
    0x08001534   0x00000094   Code   RO         3779    i.RCC_GetClocksFreq  stm32f4xx_rcc.o
    0x080015c8   0x00000014   Code   RO         3790    i.RCC_MCO1Config    stm32f4xx_rcc.o
    0x080015dc   0x00000298   Code   RO         5039    i.STM324xG_LCD_Init  stm324xg_eval_lcd.o
    0x08001874   0x00000048   Code   RO         5247    i.STM_EVAL_LEDInit  stm324xg_eval.o
    0x080018bc   0x0000001c   Code   RO         5250    i.STM_EVAL_LEDToggle  stm324xg_eval.o
    0x080018d8   0x0000000c   Code   RO         4226    i.SYSCFG_ETH_MediaInterfaceConfig  stm32f4xx_syscfg.o
    0x080018e4   0x00000028   Code   RO         4227    i.SYSCFG_EXTILineConfig  stm32f4xx_syscfg.o
    0x0800190c   0x0000009c   Code   RO            2    i.SetSysClock       system_stm32f4xx.o
    0x080019a8   0x00000004   Code   RO          527    i.SysTick_Handler   stm32f4xx_it.o
    0x080019ac   0x00000050   Code   RO            4    i.SystemInit        system_stm32f4xx.o
    0x080019fc   0x00000024   Code   RO          146    i.ToggleLed4        main.o
    0x08001a20   0x00000002   Code   RO          528    i.UsageFault_Handler  stm32f4xx_it.o
    0x08001a22   0x00000002   PAD
    0x08001a24   0x00000020   Code   RO         5827    i.__0printf$1       mc_w.l(printf1.o)
    0x08001a44   0x00000028   Code   RO         5829    i.__0sprintf$1      mc_w.l(printf1.o)
    0x08001a6c   0x0000000e   Code   RO         6088    i.__scatterload_copy  mc_w.l(handlers.o)
    0x08001a7a   0x00000002   Code   RO         6089    i.__scatterload_null  mc_w.l(handlers.o)
    0x08001a7c   0x0000000e   Code   RO         6090    i.__scatterload_zeroinit  mc_w.l(handlers.o)
    0x08001a8a   0x00000002   PAD
    0x08001a8c   0x00000150   Code   RO         5834    i._printf_core      mc_w.l(printf1.o)
    0x08001bdc   0x0000000a   Code   RO         5836    i._sputc            mc_w.l(printf1.o)
    0x08001be6   0x00000058   Code   RO          860    i.accept_function   api_msg.o
    0x08001c3e   0x00000002   PAD
    0x08001c40   0x0000001c   Code   RO         1103    i.arp_timer         tcpip.o
    0x08001c5c   0x0000001c   Code   RO         2538    i.arp_timer         ethernetif.o
    0x08001c78   0x00000028   Code   RO         2213    i.autoip_arp_announce  autoip.o
    0x08001ca0   0x0000009a   Code   RO         2214    i.autoip_arp_reply  autoip.o
    0x08001d3a   0x00000002   Code   RO         2215    i.autoip_init       autoip.o
    0x08001d3c   0x00000098   Code   RO         2217    i.autoip_start      autoip.o
    0x08001dd4   0x00000044   Code   RO         2218    i.autoip_start_probing  autoip.o
    0x08001e18   0x00000018   Code   RO         1104    i.autoip_timer      tcpip.o
    0x08001e30   0x00000120   Code   RO         2220    i.autoip_tmr        autoip.o
    0x08001f50   0x0000001c   Code   RO         5040    i.delay_ms          stm324xg_eval_lcd.o
    0x08001f6c   0x0000001e   Code   RO         1236    i.dhcp_arp_reply    dhcp.o
    0x08001f8a   0x00000002   PAD
    0x08001f8c   0x000000d8   Code   RO         1237    i.dhcp_bind         dhcp.o
    0x08002064   0x00000026   Code   RO         1238    i.dhcp_check        dhcp.o
    0x0800208a   0x00000002   PAD
    0x0800208c   0x00000060   Code   RO         1239    i.dhcp_coarse_tmr   dhcp.o
    0x080020ec   0x00000104   Code   RO         1240    i.dhcp_create_request  dhcp.o
    0x080021f0   0x0000007c   Code   RO         1241    i.dhcp_decline      dhcp.o
    0x0800226c   0x0000001c   Code   RO         1242    i.dhcp_delete_request  dhcp.o
    0x08002288   0x000000c8   Code   RO         1243    i.dhcp_discover     dhcp.o
    0x08002350   0x00000034   Code   RO         1244    i.dhcp_fine_tmr     dhcp.o
    0x08002384   0x00000020   Code   RO         1251    i.dhcp_option       dhcp.o
    0x080023a4   0x00000010   Code   RO         1252    i.dhcp_option_byte  dhcp.o
    0x080023b4   0x00000042   Code   RO         1253    i.dhcp_option_long  dhcp.o
    0x080023f6   0x00000022   Code   RO         1254    i.dhcp_option_short  dhcp.o
    0x08002418   0x00000030   Code   RO         1255    i.dhcp_option_trailer  dhcp.o
    0x08002448   0x00000094   Code   RO         1256    i.dhcp_rebind       dhcp.o
    0x080024dc   0x000000ac   Code   RO         1257    i.dhcp_reboot       dhcp.o
    0x08002588   0x000000b4   Code   RO         1259    i.dhcp_release      dhcp.o
    0x0800263c   0x00000090   Code   RO         1260    i.dhcp_renew        dhcp.o
    0x080026cc   0x000000f0   Code   RO         1261    i.dhcp_select       dhcp.o
    0x080027bc   0x0000000e   Code   RO         1262    i.dhcp_set_state    dhcp.o
    0x080027ca   0x00000088   Code   RO         1265    i.dhcp_timeout      dhcp.o
    0x08002852   0x00000002   PAD
    0x08002854   0x0000001c   Code   RO         1105    i.dhcp_timer_coarse  tcpip.o
    0x08002870   0x0000001c   Code   RO         1106    i.dhcp_timer_fine   tcpip.o
    0x0800288c   0x0000005c   Code   RO          861    i.do_bind           api_msg.o
    0x080028e8   0x00000022   Code   RO          862    i.do_close          api_msg.o
    0x0800290a   0x00000002   PAD
    0x0800290c   0x000000a8   Code   RO          863    i.do_close_internal  api_msg.o
    0x080029b4   0x0000006c   Code   RO          864    i.do_connect        api_msg.o
    0x08002a20   0x0000002c   Code   RO          865    i.do_connected      api_msg.o
    0x08002a4c   0x00000068   Code   RO          866    i.do_delconn        api_msg.o
    0x08002ab4   0x00000094   Code   RO          869    i.do_listen         api_msg.o
    0x08002b48   0x0000001c   Code   RO          870    i.do_newconn        api_msg.o
    0x08002b64   0x0000002e   Code   RO          871    i.do_recv           api_msg.o
    0x08002b92   0x00000062   Code   RO          872    i.do_send           api_msg.o
    0x08002bf4   0x00000036   Code   RO          873    i.do_write          api_msg.o
    0x08002c2a   0x000000b8   Code   RO          874    i.do_writemore      api_msg.o
    0x08002ce2   0x00000064   Code   RO          875    i.err_tcp           api_msg.o
    0x08002d46   0x00000002   PAD
    0x08002d48   0x00000104   Code   RO         2439    i.etharp_arp_input  etharp.o
    0x08002e4c   0x000000b8   Code   RO         2442    i.etharp_output     etharp.o
    0x08002f04   0x0000008c   Code   RO         2443    i.etharp_query      etharp.o
    0x08002f90   0x000000b8   Code   RO         2444    i.etharp_raw        etharp.o
    0x08003048   0x00000024   Code   RO         2445    i.etharp_request    etharp.o
    0x0800306c   0x00000036   Code   RO         2446    i.etharp_send_ip    etharp.o
    0x080030a2   0x00000002   PAD
    0x080030a4   0x0000003c   Code   RO         2447    i.etharp_tmr        etharp.o
    0x080030e0   0x0000004c   Code   RO         2448    i.ethernet_input    etharp.o
    0x0800312c   0x00000038   Code   RO         2539    i.ethernetif_init   ethernetif.o
    0x08003164   0x00000030   Code   RO         2540    i.ethernetif_input  ethernetif.o
    0x08003194   0x000000e8   Code   RO         2449    i.find_entry        etharp.o
    0x0800327c   0x00000012   Code   RO         6058    i.fputc             mc_w.l(fputc.o)
    0x0800328e   0x00000004   Code   RO         2292    i.htonl             inet.o
    0x08003292   0x00000004   Code   RO         2293    i.htons             inet.o
    0x08003296   0x00000066   Code   RO         2268    i.icmp_dest_unreach  icmp.o
    0x080032fc   0x00000114   Code   RO         2269    i.icmp_input        icmp.o
    0x08003410   0x0000000c   Code   RO         2341    i.inet_chksum       inet_chksum.o
    0x0800341c   0x00000048   Code   RO         2342    i.inet_chksum_pbuf  inet_chksum.o
    0x08003464   0x00000030   Code   RO         2410    i.ip_addr_isbroadcast  ip_addr.o
    0x08003494   0x0000017c   Code   RO         2370    i.ip_input          ip.o
    0x08003610   0x00000034   Code   RO         2371    i.ip_output         ip.o
    0x08003644   0x000000b0   Code   RO         2372    i.ip_output_if      ip.o
    0x080036f4   0x00000048   Code   RO         2373    i.ip_route          ip.o
    0x0800373c   0x000000cc   Code   RO         2541    i.low_level_init    ethernetif.o
    0x08003808   0x00000088   Code   RO         2542    i.low_level_input   ethernetif.o
    0x08003890   0x00000070   Code   RO         2543    i.low_level_output  ethernetif.o
    0x08003900   0x00000016   Code   RO         1416    i.lwip_init         init.o
    0x08003916   0x0000003a   Code   RO         2344    i.lwip_standard_chksum  inet_chksum.o
    0x08003950   0x00000040   Code   RO          147    i.main              main.o
    0x08003990   0x00000040   Code   RO         1449    i.mem_free          mem.o
    0x080039d0   0x0000003c   Code   RO         1450    i.mem_init          mem.o
    0x08003a0c   0x000000c0   Code   RO         1451    i.mem_malloc        mem.o
    0x08003acc   0x000000dc   Code   RO         1452    i.mem_realloc       mem.o
    0x08003ba8   0x00000018   Code   RO         1492    i.memp_free         memp.o
    0x08003bc0   0x00000058   Code   RO         1493    i.memp_init         memp.o
    0x08003c18   0x00000020   Code   RO         1494    i.memp_malloc       memp.o
    0x08003c38   0x00000026   Code   RO         1024    i.netbuf_data       netbuf.o
    0x08003c5e   0x00000022   Code   RO         1025    i.netbuf_delete     netbuf.o
    0x08003c80   0x0000001e   Code   RO         1029    i.netbuf_next       netbuf.o
    0x08003c9e   0x00000028   Code   RO          717    i.netconn_accept    api_lib.o
    0x08003cc6   0x00000074   Code   RO          876    i.netconn_alloc     api_msg.o
    0x08003d3a   0x00000002   PAD
    0x08003d3c   0x0000002c   Code   RO          718    i.netconn_bind      api_lib.o
    0x08003d68   0x00000028   Code   RO          719    i.netconn_close     api_lib.o
    0x08003d90   0x0000002c   Code   RO          720    i.netconn_connect   api_lib.o
    0x08003dbc   0x00000028   Code   RO          721    i.netconn_delete    api_lib.o
    0x08003de4   0x00000068   Code   RO          877    i.netconn_free      api_msg.o
    0x08003e4c   0x00000028   Code   RO          724    i.netconn_listen_with_backlog  api_lib.o
    0x08003e74   0x00000048   Code   RO          725    i.netconn_new_with_proto_and_callback  api_lib.o
    0x08003ebc   0x000000d0   Code   RO          726    i.netconn_recv      api_lib.o
    0x08003f8c   0x00000028   Code   RO          727    i.netconn_send      api_lib.o
    0x08003fb4   0x0000003c   Code   RO          729    i.netconn_write     api_lib.o
    0x08003ff0   0x0000004c   Code   RO         1533    i.netif_add         netif.o
    0x0800403c   0x0000000a   Code   RO         1535    i.netif_is_up       netif.o
    0x08004046   0x00000020   Code   RO         1537    i.netif_set_addr    netif.o
    0x08004066   0x00000002   PAD
    0x08004068   0x0000000c   Code   RO         1538    i.netif_set_default  netif.o
    0x08004074   0x00000012   Code   RO         1539    i.netif_set_down    netif.o
    0x08004086   0x00000008   Code   RO         1540    i.netif_set_gw      netif.o
    0x0800408e   0x00000002   PAD
    0x08004090   0x00000068   Code   RO         1541    i.netif_set_ipaddr  netif.o
    0x080040f8   0x00000008   Code   RO         1542    i.netif_set_netmask  netif.o
    0x08004100   0x0000001c   Code   RO         1543    i.netif_set_up      netif.o
    0x0800411c   0x00000004   Code   RO         2297    i.ntohl             inet.o
    0x08004120   0x00000004   Code   RO         2298    i.ntohs             inet.o
    0x08004124   0x00000110   Code   RO         1612    i.pbuf_alloc        pbuf.o
    0x08004234   0x00000028   Code   RO         1613    i.pbuf_cat          pbuf.o
    0x0800425c   0x00000012   Code   RO         1614    i.pbuf_chain        pbuf.o
    0x0800426e   0x00000012   Code   RO         1615    i.pbuf_clen         pbuf.o
    0x08004280   0x00000090   Code   RO         1617    i.pbuf_copy         pbuf.o
    0x08004310   0x00000044   Code   RO         1620    i.pbuf_free         pbuf.o
    0x08004354   0x00000060   Code   RO         1621    i.pbuf_header       pbuf.o
    0x080043b4   0x00000050   Code   RO         1622    i.pbuf_realloc      pbuf.o
    0x08004404   0x0000000c   Code   RO         1623    i.pbuf_ref          pbuf.o
    0x08004410   0x00000090   Code   RO          878    i.pcb_new           api_msg.o
    0x080044a0   0x00000054   Code   RO         1453    i.plug_holes        mem.o
    0x080044f4   0x0000001c   Code   RO          879    i.poll_tcp          api_msg.o
    0x08004510   0x00000060   Code   RO         5433    i.prvCheckTasksWaitingTermination  tasks.o
    0x08004570   0x0000002a   Code   RO         5673    i.prvCopyDataFromQueue  queue.o
    0x0800459a   0x0000005a   Code   RO         5674    i.prvCopyDataToQueue  queue.o
    0x080045f4   0x00000018   Code   RO         5434    i.prvIdleTask       tasks.o
    0x0800460c   0x00000064   Code   RO         5675    i.prvUnlockQueue    queue.o
    0x08004670   0x000000b0   Code   RO         5394    i.pvPortMalloc      heap_2.o
    0x08004720   0x0000001c   Code   RO         5341    i.pxPortInitialiseStack  port.o
    0x0800473c   0x0000000a   Code   RO         1699    i.raw_bind          raw.o
    0x08004746   0x0000000a   Code   RO         1700    i.raw_connect       raw.o
    0x08004750   0x0000006c   Code   RO         1701    i.raw_input         raw.o
    0x080047bc   0x0000002c   Code   RO         1702    i.raw_new           raw.o
    0x080047e8   0x00000006   Code   RO         1703    i.raw_recv          raw.o
    0x080047ee   0x00000002   PAD
    0x080047f0   0x0000002c   Code   RO         1704    i.raw_remove        raw.o
    0x0800481c   0x00000006   Code   RO         1705    i.raw_send          raw.o
    0x08004822   0x0000008a   Code   RO         1706    i.raw_sendto        raw.o
    0x080048ac   0x00000072   Code   RO          880    i.recv_raw          api_msg.o
    0x0800491e   0x00000040   Code   RO          881    i.recv_tcp          api_msg.o
    0x0800495e   0x00000068   Code   RO          882    i.recv_udp          api_msg.o
    0x080049c6   0x00000042   Code   RO          883    i.sent_tcp          api_msg.o
    0x08004a08   0x00000044   Code   RO          884    i.setup_tcp         api_msg.o
    0x08004a4c   0x0000004c   Code   RO         2590    i.sys_arch_mbox_fetch  sys_arch.o
    0x08004a98   0x0000001c   Code   RO         2591    i.sys_arch_mbox_tryfetch  sys_arch.o
    0x08004ab4   0x00000042   Code   RO         2593    i.sys_arch_sem_wait  sys_arch.o
    0x08004af6   0x00000002   PAD
    0x08004af8   0x00000030   Code   RO         2594    i.sys_arch_timeouts  sys_arch.o
    0x08004b28   0x00000028   Code   RO         2597    i.sys_init          sys_arch.o
    0x08004b50   0x00000060   Code   RO         1762    i.sys_mbox_fetch    sys.o
    0x08004bb0   0x00000012   Code   RO         2598    i.sys_mbox_free     sys_arch.o
    0x08004bc2   0x00000008   Code   RO         2599    i.sys_mbox_new      sys_arch.o
    0x08004bca   0x0000001a   Code   RO         2600    i.sys_mbox_post     sys_arch.o
    0x08004be4   0x0000001a   Code   RO         2601    i.sys_mbox_trypost  sys_arch.o
    0x08004bfe   0x00000004   Code   RO         2602    i.sys_sem_free      sys_arch.o
    0x08004c02   0x00000032   Code   RO         2603    i.sys_sem_new       sys_arch.o
    0x08004c34   0x0000000a   Code   RO         2604    i.sys_sem_signal    sys_arch.o
    0x08004c3e   0x00000002   PAD
    0x08004c40   0x00000050   Code   RO         2605    i.sys_thread_new    sys_arch.o
    0x08004c90   0x00000062   Code   RO         1766    i.sys_timeout       sys.o
    0x08004cf2   0x0000004e   Code   RO         1767    i.sys_untimeout     sys.o
    0x08004d40   0x00000094   Code   RO         1817    i.tcp_abandon       tcp.o
    0x08004dd4   0x00000004   Code   RO         1818    i.tcp_accept        tcp.o
    0x08004dd8   0x00000006   Code   RO         1819    i.tcp_accept_null   tcp.o
    0x08004dde   0x00000002   PAD
    0x08004de0   0x000000f4   Code   RO         1820    i.tcp_alloc         tcp.o
    0x08004ed4   0x00000004   Code   RO         1821    i.tcp_arg           tcp.o
    0x08004ed8   0x000000c0   Code   RO         1822    i.tcp_bind          tcp.o
    0x08004f98   0x000000a0   Code   RO         1823    i.tcp_close         tcp.o
    0x08005038   0x000000c0   Code   RO         1824    i.tcp_connect       tcp.o
    0x080050f8   0x00000020   Code   RO         1826    i.tcp_eff_send_mss  tcp.o
    0x08005118   0x00000342   Code   RO         2048    i.tcp_enqueue       tcp_out.o
    0x0800545a   0x00000006   Code   RO         1827    i.tcp_err           tcp.o
    0x08005460   0x0000005c   Code   RO         1828    i.tcp_fasttmr       tcp.o
    0x080054bc   0x000002f8   Code   RO         2000    i.tcp_input         tcp_in.o
    0x080057b4   0x00000046   Code   RO         2049    i.tcp_keepalive     tcp_out.o
    0x080057fa   0x00000002   PAD
    0x080057fc   0x000000ec   Code   RO         2001    i.tcp_listen_input  tcp_in.o
    0x080058e8   0x00000084   Code   RO         1829    i.tcp_listen_with_backlog  tcp.o
    0x0800596c   0x00000006   Code   RO         1830    i.tcp_new           tcp.o
    0x08005972   0x00000002   PAD
    0x08005974   0x00000060   Code   RO         1831    i.tcp_new_port      tcp.o
    0x080059d4   0x00000010   Code   RO         1832    i.tcp_next_iss      tcp.o
    0x080059e4   0x000001b4   Code   RO         2050    i.tcp_output        tcp_out.o
    0x08005b98   0x000000b4   Code   RO         2051    i.tcp_output_segment  tcp_out.o
    0x08005c4c   0x0000007c   Code   RO         2052    i.tcp_output_set_header  tcp_out.o
    0x08005cc8   0x0000007c   Code   RO         2002    i.tcp_parseopt      tcp_in.o
    0x08005d44   0x00000030   Code   RO         1833    i.tcp_pcb_purge     tcp.o
    0x08005d74   0x0000005c   Code   RO         1834    i.tcp_pcb_remove    tcp.o
    0x08005dd0   0x0000000a   Code   RO         1835    i.tcp_poll          tcp.o
    0x08005dda   0x00000002   PAD
    0x08005ddc   0x00000354   Code   RO         2003    i.tcp_process       tcp_in.o
    0x08006130   0x0000043c   Code   RO         2004    i.tcp_receive       tcp_in.o
    0x0800656c   0x00000006   Code   RO         1836    i.tcp_recv          tcp.o
    0x08006572   0x00000024   Code   RO         1837    i.tcp_recv_null     tcp.o
    0x08006596   0x0000003c   Code   RO         1838    i.tcp_recved        tcp.o
    0x080065d2   0x0000004e   Code   RO         2053    i.tcp_rexmit        tcp_out.o
    0x08006620   0x00000056   Code   RO         2054    i.tcp_rexmit_fast   tcp_out.o
    0x08006676   0x0000002e   Code   RO         2055    i.tcp_rexmit_rto    tcp_out.o
    0x080066a4   0x0000009c   Code   RO         2056    i.tcp_rst           tcp_out.o
    0x08006740   0x00000020   Code   RO         1839    i.tcp_seg_free      tcp.o
    0x08006760   0x0000001a   Code   RO         1840    i.tcp_segs_free     tcp.o
    0x0800677a   0x00000016   Code   RO         2057    i.tcp_send_ctrl     tcp_out.o
    0x08006790   0x00000056   Code   RO         2058    i.tcp_send_empty_ack  tcp_out.o
    0x080067e6   0x00000006   Code   RO         1841    i.tcp_sent          tcp.o
    0x080067ec   0x0000022c   Code   RO         1843    i.tcp_slowtmr       tcp.o
    0x08006a18   0x00000034   Code   RO         1110    i.tcp_timer_needed  tcpip.o
    0x08006a4c   0x0000006c   Code   RO         2005    i.tcp_timewait_input  tcp_in.o
    0x08006ab8   0x00000020   Code   RO         1844    i.tcp_tmr           tcp.o
    0x08006ad8   0x00000036   Code   RO         1845    i.tcp_update_rcv_ann_wnd  tcp.o
    0x08006b0e   0x0000002e   Code   RO         2059    i.tcp_write         tcp_out.o
    0x08006b3c   0x00000090   Code   RO         2060    i.tcp_zero_window_probe  tcp_out.o
    0x08006bcc   0x0000002c   Code   RO          700    i.tcpecho_init      tcpecho.o
    0x08006bf8   0x000000b4   Code   RO          701    i.tcpecho_thread    tcpecho.o
    0x08006cac   0x00000034   Code   RO         1111    i.tcpip_apimsg      tcpip.o
    0x08006ce0   0x0000003c   Code   RO         1113    i.tcpip_init        tcpip.o
    0x08006d1c   0x00000048   Code   RO         1114    i.tcpip_input       tcpip.o
    0x08006d64   0x00000038   Code   RO         1115    i.tcpip_tcp_timer   tcpip.o
    0x08006d9c   0x000000b4   Code   RO         1116    i.tcpip_thread      tcpip.o
    0x08006e50   0x0000005c   Code   RO         2130    i.udp_bind          udp.o
    0x08006eac   0x0000004c   Code   RO         2131    i.udp_connect       udp.o
    0x08006ef8   0x00000164   Code   RO         2133    i.udp_input         udp.o
    0x0800705c   0x0000001a   Code   RO         2134    i.udp_new           udp.o
    0x08007076   0x00000006   Code   RO         2135    i.udp_recv          udp.o
    0x0800707c   0x0000002c   Code   RO         2136    i.udp_remove        udp.o
    0x080070a8   0x00000008   Code   RO         2137    i.udp_send          udp.o
    0x080070b0   0x00000028   Code   RO         2138    i.udp_sendto        udp.o
    0x080070d8   0x000000b0   Code   RO         2139    i.udp_sendto_if     udp.o
    0x08007188   0x0000002c   Code   RO          607    i.udpecho_init      udpecho.o
    0x080071b4   0x00000094   Code   RO          608    i.udpecho_thread    udpecho.o
    0x08007248   0x00000070   Code   RO         2450    i.update_arp_entry  etharp.o
    0x080072b8   0x00000012   Code   RO         5676    i.uxQueueMessagesWaiting  queue.o
    0x080072ca   0x00000016   Code   RO         5637    i.vListInitialise   list.o
    0x080072e0   0x00000006   Code   RO         5638    i.vListInitialiseItem  list.o
    0x080072e6   0x00000030   Code   RO         5639    i.vListInsert       list.o
    0x08007316   0x0000001c   Code   RO         5640    i.vListInsertEnd    list.o
    0x08007332   0x00000024   Code   RO         5641    i.vListRemove       list.o
    0x08007356   0x00000002   PAD
    0x08007358   0x00000014   Code   RO         5343    i.vPortEnterCritical  port.o
    0x0800736c   0x00000014   Code   RO         5344    i.vPortExitCritical  port.o
    0x08007380   0x0000003c   Code   RO         5395    i.vPortFree         heap_2.o
    0x080073bc   0x00000010   Code   RO         5345    i.vPortYieldFromISR  port.o
    0x080073cc   0x00000014   Code   RO         5678    i.vQueueDelete      queue.o
    0x080073e0   0x00000048   Code   RO         5437    i.vTaskDelay        tasks.o
    0x08007428   0x0000007c   Code   RO         5440    i.vTaskIncrementTick  tasks.o
    0x080074a4   0x0000000c   Code   RO         5441    i.vTaskMissedYield  tasks.o
    0x080074b0   0x0000003c   Code   RO         5442    i.vTaskPlaceOnEventList  tasks.o
    0x080074ec   0x00000048   Code   RO         5443    i.vTaskPriorityDisinherit  tasks.o
    0x08007534   0x00000064   Code   RO         5444    i.vTaskPriorityInherit  tasks.o
    0x08007598   0x00000010   Code   RO         5446    i.vTaskSetTimeOutState  tasks.o
    0x080075a8   0x00000044   Code   RO         5447    i.vTaskStartScheduler  tasks.o
    0x080075ec   0x00000010   Code   RO         5448    i.vTaskSuspendAll   tasks.o
    0x080075fc   0x0000004c   Code   RO         5449    i.vTaskSwitchContext  tasks.o
    0x08007648   0x0000003c   Code   RO         5346    i.xPortStartScheduler  port.o
    0x08007684   0x00000020   Code   RO         5347    i.xPortSysTickHandler  port.o
    0x080076a4   0x0000005e   Code   RO         5679    i.xQueueCreate      queue.o
    0x08007702   0x00000012   Code   RO         5680    i.xQueueCreateCountingSemaphore  queue.o
    0x08007714   0x00000108   Code   RO         5682    i.xQueueGenericReceive  queue.o
    0x0800781c   0x000000d2   Code   RO         5683    i.xQueueGenericSend  queue.o
    0x080078ee   0x00000054   Code   RO         5684    i.xQueueGenericSendFromISR  queue.o
    0x08007942   0x00000002   PAD
    0x08007944   0x00000048   Code   RO         5450    i.xTaskCheckForTimeOut  tasks.o
    0x0800798c   0x00000160   Code   RO         5451    i.xTaskGenericCreate  tasks.o
    0x08007aec   0x0000000c   Code   RO         5452    i.xTaskGetCurrentTaskHandle  tasks.o
    0x08007af8   0x00000018   Code   RO         5453    i.xTaskGetTickCount  tasks.o
    0x08007b10   0x00000060   Code   RO         5455    i.xTaskRemoveFromEventList  tasks.o
    0x08007b70   0x000000b0   Code   RO         5456    i.xTaskResumeAll    tasks.o
    0x08007c20   0x00000030   Data   RO         1496    .constdata          memp.o
    0x08007c50   0x00000014   Data   RO         1846    .constdata          tcp.o
    0x08007c64   0x00000004   Data   RO         2411    .constdata          ip_addr.o
    0x08007c68   0x00000004   Data   RO         2412    .constdata          ip_addr.o
    0x08007c6c   0x0000000c   Data   RO         2452    .constdata          etharp.o
    0x08007c78   0x000011d0   Data   RO         5041    .constdata          stm324xg_eval_lcd.o
    0x08008e48   0x0000005c   Data   RO         5257    .constdata          stm324xg_eval.o
    0x08008ea4   0x00000068   Data   RO         1847    .conststring        tcp.o
    0x08008f0c   0x00000020   Data   RO         6086    Region$$Table       anon$$obj.o


    Execution Region RW_IRAM1 (Base: 0x20000000, Size: 0x0000cf88, Max: 0x00020000, ABSOLUTE, COMPRESSED[0x00000060])

    Base Addr    Size         Type   Attr      Idx    E Section Name        Object

    0x20000000   0x00000004   Data   RW          148    .data               main.o
    0x20000004   0x00000008   Data   RW          477    .data               stm32f4x7_eth_bsp.o
    0x2000000c   0x00000010   Data   RW          609    .data               udpecho.o
    0x2000001c   0x00000010   Data   RW         1119    .data               tcpip.o
    0x2000002c   0x00000004   Data   RW         1267    .data               dhcp.o
    0x20000030   0x00000010   Data   RW         1455    .data               mem.o
    0x20000040   0x0000000c   Data   RW         1544    .data               netif.o
    0x2000004c   0x00000004   Data   RW         1707    .data               raw.o
    0x20000050   0x0000004c   Data   RW         1848    .data               tcp.o
    0x2000009c   0x0000001c   Data   RW         2007    .data               tcp_in.o
    0x200000b8   0x00000004   Data   RW         2140    .data               udp.o
    0x200000bc   0x0000000c   Data   RW         2374    .data               ip.o
    0x200000c8   0x00000001   Data   RW         2453    .data               etharp.o
    0x200000c9   0x00000003   PAD
    0x200000cc   0x0000000c   Data   RW         2544    .data               ethernetif.o
    0x200000d8   0x00000002   Data   RW         2607    .data               sys_arch.o
    0x200000da   0x00000010   Data   RW         3802    .data               stm32f4xx_rcc.o
    0x200000ea   0x00000002   PAD
    0x200000ec   0x0000000c   Data   RW         4567    .data               stm32f4x7_eth.o
    0x200000f8   0x00000014   Data   RW         5045    .data               stm324xg_eval_lcd.o
    0x2000010c   0x0000002c   Data   RW         5258    .data               stm324xg_eval.o
    0x20000138   0x00000004   Data   RW         5348    .data               port.o
    0x2000013c   0x00000018   Data   RW         5399    .data               heap_2.o
    0x20000154   0x00000038   Data   RW         5458    .data               tasks.o
    0x2000018c   0x00000004   Data   RW         6060    .data               mc_w.l(stdout.o)
    0x20000190   0x00000038   Zero   RW          407    .bss                netconf.o
    0x200001c8   0x00001414   Zero   RW         1454    .bss                mem.o
    0x200015dc   0x00003b13   Zero   RW         1495    .bss                memp.o
    0x200050ef   0x00000001   PAD
    0x200050f0   0x00000014   Zero   RW         2006    .bss                tcp_in.o
    0x20005104   0x000000a0   Zero   RW         2451    .bss                etharp.o
    0x200051a4   0x00000030   Zero   RW         2606    .bss                sys_arch.o
    0x200051d4   0x000000a0   Zero   RW         4562    .bss                stm32f4x7_eth.o
    0x20005274   0x000000a0   Zero   RW         4563    .bss                stm32f4x7_eth.o
    0x20005314   0x00001dc4   Zero   RW         4564    .bss                stm32f4x7_eth.o
    0x200070d8   0x00001dc4   Zero   RW         4565    .bss                stm32f4x7_eth.o
    0x20008e9c   0x0000000c   Zero   RW         4566    .bss                stm32f4x7_eth.o
    0x20008ea8   0x00003c00   Zero   RW         5398    .bss                heap_2.o
    0x2000caa8   0x000000dc   Zero   RW         5457    .bss                tasks.o
    0x2000cb84   0x00000004   PAD
    0x2000cb88   0x00000400   Zero   RW          137    STACK               startup_stm32f4xx.o


==============================================================================

Image component sizes


      Code (inc. data)   RO Data    RW Data    ZI Data      Debug   Object Name

       628         44          0          0          0      31012   api_lib.o
      2104         48          0          0          0      17610   api_msg.o
       704         42          0          0          0       6069   autoip.o
      2274         60          0          4          0      16147   dhcp.o
      1338         44         12          1        160      12273   etharp.o
       584         78          0         12          0       6238   ethernetif.o
       236         12          0         24      15360       5115   heap_2.o
       378          0          0          0          0       2765   icmp.o
        16          0          0          0          0       3188   inet.o
       142          0          0          0          0       2969   inet_chksum.o
        22          0          0          0          0       1887   init.o
       680         24          0         12          0       8859   ip.o
        48          0          8          0          0       5885   ip_addr.o
       140          0          0          0          0       3541   list.o
       308        116          0          4          0     298446   main.o
       620         28          0         16       5140       5397   mem.o
       144         20         48          0      15123       3562   memp.o
       120         18          0          0          0       1735   misc.o
       102          0          0          0          0       2564   netbuf.o
       188         56          0          0         56       8015   netconf.o
       296         18          0         12          0       8290   netif.o
       748          0          0          0          0       7925   pbuf.o
       312         46          0          4          0       6073   port.o
       940          0          0          0          0      10261   queue.o
       366         16          0          4          0       6603   raw.o
        36          8        392          0       1024        776   startup_stm32f4xx.o
       100         18         92         44          0       3308   stm324xg_eval.o
      1442         70       4560         20          0      12686   stm324xg_eval_lcd.o
      1674        174          0         12      15572      53946   stm32f4x7_eth.o
       858        148          0          8          0       4333   stm32f4x7_eth_bsp.o
       156         14          0          0          0       2476   stm32f4xx_exti.o
       224          4          0          0          0       2125   stm32f4xx_fsmc.o
       156          0          0          0          0       1999   stm32f4xx_gpio.o
       110          4          0          0          0       4059   stm32f4xx_it.o
       264         42          0         16          0       6145   stm32f4xx_rcc.o
        52         12          0          0          0       1354   stm32f4xx_syscfg.o
       272          0          0          0          0       3307   sys.o
       480         26          0          2         48      10583   sys_arch.o
       236         34          0          0          0     244993   system_stm32f4xx.o
      1468        134          0         56        220      16327   tasks.o
      2288         94        124         76          0      28644   tcp.o
      3164         86          0         28         20      15412   tcp_in.o
      2308         14          0          0          0      13058   tcp_out.o
       224         78          0          0          0       1615   tcpecho.o
       580        106          0         16          0      21050   tcpip.o
       824         20          0          4          0      17268   udp.o
       192         82          0         16          0      22119   udpecho.o

    ----------------------------------------------------------------------
     30600       1838       5268        396      52728     970012   Object Totals
         0          0         32          0          0          0   (incl. Generated)
        54          0          0          5          5          0   (incl. Padding)

    ----------------------------------------------------------------------

      Code (inc. data)   RO Data    RW Data    ZI Data      Debug   Library Member Name

        92          0          0          0          0          0   __dczerorl2.o
         0          0          0          0          0          0   entry.o
         8          4          0          0          0          0   entry2.o
         4          0          0          0          0          0   entry5.o
         0          0          0          0          0          0   entry7b.o
         8          4          0          0          0          0   entry8.o
        18          0          0          0          0         80   fputc.o
        30          0          0          0          0          0   handlers.o
        36          8          0          0          0         68   init.o
         0          0          0          0          0          0   iusesemip.o
        26          0          0          0          0         80   memcmp.o
        36          0          0          0          0         68   memcpya.o
        38          0          0          0          0        108   memseta.o
       418         20          0          0          0        332   printf1.o
         0          0          0          0          0          0   semi.o
         0          0          0          4          0          0   stdout.o
        24          0          0          0          0         76   strncpy.o
        44          0          0          0          0         80   uidiv.o

    ----------------------------------------------------------------------
       784         36          0          4          0        892   Library Totals
         2          0          0          0          0          0   (incl. Padding)

    ----------------------------------------------------------------------

      Code (inc. data)   RO Data    RW Data    ZI Data      Debug   Library Name

       782         36          0          4          0        892   mc_w.l

    ----------------------------------------------------------------------
       784         36          0          4          0        892   Library Totals

    ----------------------------------------------------------------------

==============================================================================


      Code (inc. data)   RO Data    RW Data    ZI Data      Debug   

     31384       1874       5268        400      52728     953380   Grand Totals
     31384       1874       5268         96      52728     953380   ELF Image Totals (compressed)
     31384       1874       5268         96          0          0   ROM Totals

==============================================================================

    Total RO  Size (Code + RO Data)                36652 (  35.79kB)
    Total RW  Size (RW Data + ZI Data)             53128 (  51.88kB)
    Total ROM Size (Code + RO Data + RW Data)      36748 (  35.89kB)

==============================================================================

