<html>
<body>
<pre>
<h1>µVision Build Log</h1>
<h2>Tool Versions:</h2>
IDE-Version: •ÏVision V5.14.0.0
Copyright (C) 2015 ARM Ltd and ARM Germany GmbH. All rights reserved.
License Information: a a, a, LIC=----
 
Tool Versions:
Toolchain:       MDK-Lite  Version: 5.14.0.0
Toolchain Path:  C:\Keil_v5\ARM\ARMCC\Bin
C Compiler:      Armcc.exe V5.05 update 1 (build 106)
Assembler:       Armasm.exe V5.05 update 1 (build 106)
Linker/Locator:  ArmLink.exe V5.05 update 1 (build 106)
Library Manager: ArmAr.exe V5.05 update 1 (build 106)
Hex Converter:   FromElf.exe V5.05 update 1 (build 106)
CPU DLL:         SARMCM3.DLL V5.14.0.0
Dialog DLL:      DARMSTM.DLL V1.65.0.0
Target DLL:      Segger\JL2CM3.dll V2.99.13.0
Dialog DLL:      TARMSTM.DLL V1.64.0.0
 
<h2>Project:</h2>
C:\data\edu\ARM_IOT\lecture\EXTI\EXTI\Exti.uvproj
Project File Date:  08/27/2019

<h2>Output:</h2>
Build target 'Exti'
compiling Exti.c...
Application\Exti.c(131): warning:  #177-D: variable "a" was declared but never referenced
        int a;
Application\Exti.c: 1 warning, 0 errors
linking...
Program Size: Code=1448 RO-data=268 RW-data=16 ZI-data=1024  
FromELF: creating hex file...
".\Output\Exti.axf" - 0 Error(s), 1 Warning(s).
</pre>
</body>
</html>
