<html>
<body>
<pre>
<h1>µVision Build Log</h1>
<h2>Project:</h2>
G:\data\STM32F10x_StdPeriph_Lib_V3.5.0\keil\ADC\STM32F103ZET6\ADC1_DMA\ADC1_DMA.uvproj
Project File Date:  02/26/2015

<h2>Output:</h2>
Rebuild target 'ADC1_DMA_ZET6'
compiling main.c...
compiling stm32f10x_it.c...
compiling system_stm32f10x.c...
compiling misc.c...
compiling stm32f10x_adc.c...
compiling stm32f10x_bkp.c...
compiling stm32f10x_can.c...
compiling stm32f10x_cec.c...
compiling stm32f10x_crc.c...
compiling stm32f10x_dac.c...
compiling stm32f10x_dbgmcu.c...
compiling stm32f10x_dma.c...
compiling stm32f10x_exti.c...
compiling stm32f10x_flash.c...
compiling stm32f10x_fsmc.c...
compiling stm32f10x_gpio.c...
compiling stm32f10x_i2c.c...
compiling stm32f10x_iwdg.c...
compiling stm32f10x_pwr.c...
compiling stm32f10x_rcc.c...
compiling stm32f10x_rtc.c...
compiling stm32f10x_sdio.c...
compiling stm32f10x_spi.c...
compiling stm32f10x_tim.c...
compiling stm32f10x_usart.c...
compiling stm32f10x_wwdg.c...
compiling core_cm3.c...
assembling startup_stm32f10x_hd.s...
linking...
Program Size: Code=1908 RO-data=336 RW-data=4 ZI-data=1092  
FromELF: creating hex file...
".\Out\ADC1_DMA_ZET6.axf" - 0 Error(s), 0 Warning(s).
Load "G:\\data\\STM32F10x_StdPeriph_Lib_V3.5.0\\keil\\ADC\\STM32F103ZET6\\ADC1_DMA\\Out\\ADC1_DMA_ZET6.AXF" 
* JLink Info: Device "STM32F103VE" selected (512 KB flash, 64 KB RAM).
Set JLink Project File to "G:\data\STM32F10x_StdPeriph_Lib_V3.5.0\keil\ADC\STM32F103ZET6\ADC1_DMA\JLinkSettings.ini"
 
JLink info:
------------
DLL: V4.36l, compiled Dec  2 2011 18:52:36
Firmware: J-Link V9 compiled Sep  5 2014 18:54:08
Hardware: V9.00
S/N : 269303035 
OEM : SEGGER-EDU 
Feature(s) : FlashBP, GDB 
 
* JLink Info: TotalIRLen = 9, IRPrint = 0x0011
* JLink Info: Found Cortex-M3 r1p1, Little endian.
* JLink Info: TPIU fitted.
* JLink Info: ETM fitted.
* JLink Info:   FPUnit: 6 code (BP) slots and 2 literal slots
ROMTableAddr = 0xE00FF003
* JLink Info: TotalIRLen = 9, IRPrint = 0x0011
* JLink Info: Found Cortex-M3 r1p1, Little endian.
* JLink Info: TPIU fitted.
* JLink Info: ETM fitted.
* JLink Info:   FPUnit: 6 code (BP) slots and 2 literal slots
* JLink Info: Found Cortex-M3 r1p1, Little endian.
* JLink Info: TPIU fitted.
* JLink Info: ETM fitted.
* JLink Info:   FPUnit: 6 code (BP) slots and 2 literal slots
 
Target info:
------------
Device: STM32F103VE
VTarget = 3.348V
State of Pins: 
TCK: 1, TDI: 0, TDO: 0, TMS: 0, TRES: 1, TRST: 1
Hardware-Breakpoints: 6
Software-Breakpoints: 8192
Watchpoints:          4
JTAG speed: 2000 kHz
 
Erase Done.
Programming Done.
Verify OK.
