<html>
<body>
<pre>
<h1>µVision Build Log</h1>
<h2>Tool Versions:</h2>
IDE-Version: •ÏVision V5.14.0.0
Copyright (C) 2015 ARM Ltd and ARM Germany GmbH. All rights reserved.
License Information: a a, a, LIC=----
 
Tool Versions:
Toolchain:       MDK-Lite  Version: 5.14.0.0
Toolchain Path:  C:\Keil_v5\ARM\ARMCC\Bin
C Compiler:      Armcc.exe V5.05 update 1 (build 106)
Assembler:       Armasm.exe V5.05 update 1 (build 106)
Linker/Locator:  ArmLink.exe V5.05 update 1 (build 106)
Library Manager: ArmAr.exe V5.05 update 1 (build 106)
Hex Converter:   FromElf.exe V5.05 update 1 (build 106)
CPU DLL:         SARMCM3.DLL V5.14.0.0
Dialog DLL:      DARMSTM.DLL V1.65.0.0
Target DLL:      Segger\JL2CM3.dll V2.99.13.0
Dialog DLL:      TARMSTM.DLL V1.64.0.0
 
<h2>Project:</h2>
C:\data\edu\ARM_IOT\lecture\SYSTICk\12.1 - Timer\Timer.uvproj
Project File Date:  03/19/2019

<h2>Output:</h2>
Build target 'Z32R'
compiling Timer.c...
Application\Timer.c(131): warning:  #177-D: variable "c_micro" was declared but never referenced
        unsigned long c_micro=0;
Application\Timer.c(132): warning:  #177-D: variable "p_micro" was declared but never referenced
                unsigned long p_micro=0;
Application\Timer.c(133): warning:  #177-D: variable "p_micro1" was declared but never referenced
                unsigned long p_micro1=0;
Application\Timer.c: 3 warnings, 0 errors
linking...
Program Size: Code=1328 RO-data=268 RW-data=24 ZI-data=1120  
FromELF: creating hex file...
".\Output\Timer.axf" - 0 Error(s), 3 Warning(s).
</pre>
</body>
</html>
