<html>
<body>
<pre>
<h1>µVision Build Log</h1>
<h2>Tool Versions:</h2>
IDE-Version: •ÏVision V5.14.0.0
Copyright (C) 2015 ARM Ltd and ARM Germany GmbH. All rights reserved.
License Information: ∞≠ ¥Ÿ«ı, ., LIC=----
 
Tool Versions:
Toolchain:       MDK-Lite  Version: 5.14.0.0
Toolchain Path:  C:\Keil_v5\ARM\ARMCC\Bin
C Compiler:      Armcc.exe V5.05 update 1 (build 106)
Assembler:       Armasm.exe V5.05 update 1 (build 106)
Linker/Locator:  ArmLink.exe V5.05 update 1 (build 106)
Library Manager: ArmAr.exe V5.05 update 1 (build 106)
Hex Converter:   FromElf.exe V5.05 update 1 (build 106)
CPU DLL:         SARMCM3.DLL V5.14.0.0
Dialog DLL:      DCM.DLL V1.13.1.0
Target DLL:      STLink\ST-LINKIII-KEIL_SWO.dll V2.0.14.0_KEIL
Dialog DLL:      TCM.DLL V1.14.4.0
 
<h2>Project:</h2>
D:\git\narsha_database\study\arm\STM32F2xx_StdPeriph_Lib_V1.1.0\Project\STM32F2xx_StdPeriph_keil\GPIO\IOToggle\IOToggle.uvproj
Project File Date:  04/07/2021

<h2>Output:</h2>
Build target 'IOToggle'
compiling main.c...
..\..\..\STM32F2xx_StdPeriph_Examples\GPIO\IOToggle\main.c(91): warning:  #128-D: loop is not reachable
    while (1)
..\..\..\STM32F2xx_StdPeriph_Examples\GPIO\IOToggle\main.c: 1 warning, 0 errors
linking...
Program Size: Code=756 RO-data=420 RW-data=12 ZI-data=1028  
FromELF: creating hex file...
".\Out\IOToggle.axf" - 0 Error(s), 1 Warning(s).
</pre>
</body>
</html>
