<html>
<body>
<pre>
<h1>µVision Build Log</h1>
<h2>Project:</h2>
G:\data\STM32F10x_StdPeriph_Lib_V3.5.0\Project\STM32F10x_StdPeriph_NewstarIT\Keil\IWDG\IWDG_Reset\IWDG_Reset.uvproj
Project File Date:  10/14/2014

<h2>Output:</h2>
Rebuild target 'IWDG_Reset'
compiling main.c...
compiling stm32f10x_it.c...
compiling system_stm32f10x.c...
compiling misc.c...
compiling stm32f10x_adc.c...
compiling stm32f10x_bkp.c...
compiling stm32f10x_can.c...
compiling stm32f10x_cec.c...
compiling stm32f10x_crc.c...
compiling stm32f10x_dac.c...
compiling stm32f10x_dbgmcu.c...
compiling stm32f10x_dma.c...
compiling stm32f10x_exti.c...
compiling stm32f10x_flash.c...
compiling stm32f10x_fsmc.c...
compiling stm32f10x_gpio.c...
compiling stm32f10x_i2c.c...
compiling stm32f10x_iwdg.c...
compiling stm32f10x_pwr.c...
compiling stm32f10x_rcc.c...
compiling stm32f10x_rtc.c...
compiling stm32f10x_sdio.c...
compiling stm32f10x_spi.c...
compiling stm32f10x_tim.c...
compiling stm32f10x_usart.c...
compiling stm32f10x_wwdg.c...
compiling core_cm3.c...
assembling startup_stm32f10x_md.s...
compiling stm32_eval.c...
linking...
Program Size: Code=3120 RO-data=436 RW-data=112 ZI-data=1024  
FromELF: creating hex file...
".\Out\IWDG_Reset.axf" - 0 Error(s), 0 Warning(s).
